<html>
<body>
<pre>
<h1>µVision Build Log</h1>
<h2>Tool Versions:</h2>
IDE-Version: µVision V5.37.0.0
Copyright (C) 2022 ARM Ltd and ARM Germany GmbH. All rights reserved.
License Information: Michael Fink University of St. Thomas Flex license: MDK Professional 5.37 (Flex): 100 user(s) (mdk_pro) Operation stops: 19 Jan 2024
 
Tool Versions:
Toolchain:       MDK Professional 5.37 (Flex): 100 user(s)  Version: 5.37.0.0
Toolchain Path:  C:\Keil_v5\ARM\ARMCLANG\Bin
C Compiler:      ArmClang.exe V6.18
Assembler:       Armasm.exe V6.18
Linker/Locator:  ArmLink.exe V6.18
Library Manager: ArmAr.exe V6.18
Hex Converter:   FromElf.exe V6.18
CPU DLL:         SARMCM3.DLL V5.37.0.0
Dialog DLL:      DCM.DLL V1.17.5.0
Target DLL:      STLink\ST-LINKIII-KEIL_SWO.dll V3.0.9.0
Dialog DLL:      TCM.DLL V1.56.1.0
 
<h2>Project:</h2>
K:\code\lab8\lab8.uvprojx
Project File Date:  11/22/2022

<h2>Output:</h2>
*** Using Compiler 'V6.18', folder: 'C:\Keil_v5\ARM\ARMCLANG\Bin'
Build target 'Target 1'
main.c(4): warning: no previous extern declaration for non-static variable 'ii' [-Wmissing-variable-declarations]
volatile int flag, ii =0;
                   ^
main.c(4): note: declare 'static' if the variable is not intended to be used outside of this translation unit
volatile int flag, ii =0;
         ^
main.c(19): warning: implicit conversion changes signedness: 'volatile uint32_t' (aka 'volatile unsigned int') to 'int' [-Wsign-conversion]
                myDATAArr[ii++] = (ADC1->DR);
                                ~  ~~~~~~^~
main.c(15): warning: no previous prototype for function 'ADC_IQRHandler' [-Wmissing-prototypes]
void ADC_IQRHandler(void) {
     ^
main.c(15): note: declare 'static' if the function is not intended to be used outside of this translation unit
void ADC_IQRHandler(void) {
^
static 
main.c(4): warning: no previous extern declaration for non-static variable 'flag' [-Wmissing-variable-declarations]
volatile int flag, ii =0;
             ^
main.c(4): note: declare 'static' if the variable is not intended to be used outside of this translation unit
volatile int flag, ii =0;
         ^
main.c(5): warning: no previous extern declaration for non-static variable 'myDATAArr' [-Wmissing-variable-declarations]
volatile int myDATAArr[1000];
             ^
main.c(5): note: declare 'static' if the variable is not intended to be used outside of this translation unit
volatile int myDATAArr[1000];
         ^
5 warnings generated.
compiling main.c...
compiling system_stm32f4xx.c...
compiling Interupt.c...
assembling startup_stm32f407xx.s...
linking...
Program Size: Code=852 RO-data=408 RW-data=0 ZI-data=1632  
".\Objects\lab8.axf" - 0 Error(s), 5 Warning(s).

<h2>Software Packages used:</h2>

Package Vendor: ARM
                http://www.keil.com/pack/ARM.CMSIS.5.9.0.pack
                ARM.CMSIS.5.9.0
                CMSIS (Common Microcontroller Software Interface Standard)
   * Component: CORE Version: 5.6.0

Package Vendor: Keil
                http://www.keil.com/pack/Keil.STM32F4xx_DFP.2.14.0.pack
                Keil.STM32F4xx_DFP.2.14.0
                STMicroelectronics STM32F4 Series Device Support, Drivers and Examples
   * Component: Startup Version: 2.6.3

<h2>Collection of Component include folders:</h2>
  ./RTE/_Target_1
  C:/Keil_v5/ARM/Packs/ARM/CMSIS/5.9.0/CMSIS/Core/Include
  C:/Keil_v5/ARM/Packs/Keil/STM32F4xx_DFP/2.14.0/Drivers/CMSIS/Device/ST/STM32F4xx/Include

<h2>Collection of Component Files used:</h2>

   * Component: ARM::CMSIS:CORE:5.6.0

   * Component: Keil::Device:Startup:2.6.3
      Source file:   MDK/Device/Source/ARM/STM32F4xx_OTP.s
      Source file:   MDK/Device/Source/ARM/STM32F40xxx_41xxx_OPT.s
      Include file:  Drivers/CMSIS/Device/ST/STM32F4xx/Include/stm32f4xx.h
      Source file:   Drivers/CMSIS/Device/ST/STM32F4xx/Source/Templates/arm/startup_stm32f407xx.s
      Source file:   Drivers/CMSIS/Device/ST/STM32F4xx/Source/Templates/system_stm32f4xx.c
Build Time Elapsed:  00:00:01
</pre>
</body>
</html>
