Component: Arm Compiler for Embedded 6.18 Tool: armlink [5e4cc100]

==============================================================================

Section Cross References

    main.o(.text.main) refers to steppermotor.o(.text.init_steppermotor) for init_steppermotor
    main.o(.text.main) refers to lcd.o(.text.LCD_port_init) for LCD_port_init
    main.o(.text.main) refers to lcd.o(.text.LCD_init) for LCD_init
    main.o(.text.main) refers to touchbutton.o(.text.touch_button_init) for touch_button_init
    main.o(.text.main) refers to keypad.o(.text.init_keypad) for init_keypad
    main.o(.text.main) refers to spi.o(.text.SPI_init) for SPI_init
    main.o(.text.main) refers to main.o(.text.__NVIC_SetPriority) for __NVIC_SetPriority
    main.o(.text.main) refers to main.o(.text.__NVIC_ClearPendingIRQ) for __NVIC_ClearPendingIRQ
    main.o(.text.main) refers to main.o(.text.__NVIC_EnableIRQ) for __NVIC_EnableIRQ
    main.o(.text.main) refers to spi.o(.text.read_position_x) for read_position_x
    main.o(.text.main) refers to main.o(.bss.x_old) for x_old
    main.o(.text.main) refers to spi.o(.text.read_position_y) for read_position_y
    main.o(.text.main) refers to main.o(.bss.y_old) for y_old
    main.o(.text.main) refers to spi.o(.text.read_position_z) for read_position_z
    main.o(.text.main) refers to main.o(.bss.z_old) for z_old
    main.o(.text.main) refers to main.o(.rodata.str1.1) for .L.str
    main.o(.text.main) refers to lcd.o(.text.LCD_str) for LCD_str
    main.o(.text.main) refers to main.o(.bss.status) for status
    main.o(.text.main) refers to main.o(.text.check_code) for check_code
    main.o(.text.main) refers to steppermotor.o(.text.unlock_safe) for unlock_safe
    main.o(.text.main) refers to lcd.o(.text.LCD_clear) for LCD_clear
    main.o(.text.main) refers to main.o(.bss.failed_attempts) for failed_attempts
    main.o(.text.main) refers to main.o(.bss.index) for index
    main.o(.text.main) refers to lcd.o(.text.place_lcd_cursor_1) for place_lcd_cursor_1
    main.o(.text.main) refers to lcd.o(.text.place_lcd_cursor_2) for place_lcd_cursor_2
    main.o(.text.main) refers to lcd.o(.text.LCD_int) for LCD_int
    main.o(.text.main) refers to main.o(.text.alarm) for alarm
    main.o(.text.main) refers to main.o(.text.wait_for_input) for wait_for_input
    main.o(.text.main) refers to main.o(.bss.last_entered) for last_entered
    main.o(.text.main) refers to steppermotor.o(.text.lock_safe) for lock_safe
    main.o(.text.main) refers to main.o(.text.enter_new_code) for enter_new_code
    main.o(.ARM.exidx.text.main) refers to main.o(.text.main) for [Anonymous Symbol]
    main.o(.ARM.exidx.text.__NVIC_SetPriority) refers to main.o(.text.__NVIC_SetPriority) for [Anonymous Symbol]
    main.o(.ARM.exidx.text.__NVIC_ClearPendingIRQ) refers to main.o(.text.__NVIC_ClearPendingIRQ) for [Anonymous Symbol]
    main.o(.ARM.exidx.text.__NVIC_EnableIRQ) refers to main.o(.text.__NVIC_EnableIRQ) for [Anonymous Symbol]
    main.o(.text.check_code) refers to main.o(.bss.index) for index
    main.o(.text.check_code) refers to lcd.o(.text.LCD_clear) for LCD_clear
    main.o(.text.check_code) refers to main.o(.rodata.str1.1) for .L.str
    main.o(.text.check_code) refers to lcd.o(.text.LCD_str) for LCD_str
    main.o(.text.check_code) refers to lcd.o(.text.place_lcd_cursor_2) for place_lcd_cursor_2
    main.o(.text.check_code) refers to main.o(.text.wait_for_input) for wait_for_input
    main.o(.text.check_code) refers to main.o(.data.code) for code
    main.o(.text.check_code) refers to main.o(.bss.entered_code) for entered_code
    main.o(.text.check_code) refers to main.o(.bss.failed_attempts) for failed_attempts
    main.o(.ARM.exidx.text.check_code) refers to main.o(.text.check_code) for [Anonymous Symbol]
    main.o(.text.alarm) refers to lcd.o(.text.LCD_clear) for LCD_clear
    main.o(.text.alarm) refers to lcd.o(.text.place_lcd_cursor_1) for place_lcd_cursor_1
    main.o(.text.alarm) refers to main.o(.rodata.str1.1) for .L.str.8
    main.o(.text.alarm) refers to lcd.o(.text.LCD_str) for LCD_str
    main.o(.text.alarm) refers to main.o(.bss.index) for index
    main.o(.text.alarm) refers to main.o(.text.wait_for_input) for wait_for_input
    main.o(.text.alarm) refers to main.o(.data.code) for code
    main.o(.text.alarm) refers to main.o(.bss.entered_code) for entered_code
    main.o(.text.alarm) refers to main.o(.bss.failed_attempts) for failed_attempts
    main.o(.text.alarm) refers to steppermotor.o(.text.unlock_safe) for unlock_safe
    main.o(.text.alarm) refers to main.o(.bss.status) for status
    main.o(.ARM.exidx.text.alarm) refers to main.o(.text.alarm) for [Anonymous Symbol]
    main.o(.text.wait_for_input) refers to keypad.o(.text.wait) for wait
    main.o(.text.wait_for_input) refers to main.o(.bss.last_entered) for last_entered
    main.o(.text.wait_for_input) refers to main.o(.bss.index) for index
    main.o(.text.wait_for_input) refers to main.o(.bss.entered_code) for entered_code
[...]
    .ARM.Collect$$_printf_percent$$00000006  0x0800021a   Section        6  _printf_a.o(.ARM.Collect$$_printf_percent$$00000006)
    .ARM.Collect$$_printf_percent$$00000007  0x08000220   Section       10  _printf_ll.o(.ARM.Collect$$_printf_percent$$00000007)
    .ARM.Collect$$_printf_percent$$00000008  0x0800022a   Section        6  _printf_i.o(.ARM.Collect$$_printf_percent$$00000008)
    .ARM.Collect$$_printf_percent$$00000009  0x08000230   Section        6  _printf_d.o(.ARM.Collect$$_printf_percent$$00000009)
    .ARM.Collect$$_printf_percent$$0000000A  0x08000236   Section        6  _printf_u.o(.ARM.Collect$$_printf_percent$$0000000A)
    .ARM.Collect$$_printf_percent$$0000000B  0x0800023c   Section        6  _printf_o.o(.ARM.Collect$$_printf_percent$$0000000B)
    .ARM.Collect$$_printf_percent$$0000000C  0x08000242   Section        6  _printf_x.o(.ARM.Collect$$_printf_percent$$0000000C)
    .ARM.Collect$$_printf_percent$$0000000D  0x08000248   Section        6  _printf_lli.o(.ARM.Collect$$_printf_percent$$0000000D)
    .ARM.Collect$$_printf_percent$$0000000E  0x0800024e   Section        6  _printf_lld.o(.ARM.Collect$$_printf_percent$$0000000E)
    .ARM.Collect$$_printf_percent$$0000000F  0x08000254   Section        6  _printf_llu.o(.ARM.Collect$$_printf_percent$$0000000F)
    .ARM.Collect$$_printf_percent$$00000010  0x0800025a   Section        6  _printf_llo.o(.ARM.Collect$$_printf_percent$$00000010)
    .ARM.Collect$$_printf_percent$$00000011  0x08000260   Section        6  _printf_llx.o(.ARM.Collect$$_printf_percent$$00000011)
    .ARM.Collect$$_printf_percent$$00000012  0x08000266   Section       10  _printf_l.o(.ARM.Collect$$_printf_percent$$00000012)
    .ARM.Collect$$_printf_percent$$00000013  0x08000270   Section        6  _printf_c.o(.ARM.Collect$$_printf_percent$$00000013)
    .ARM.Collect$$_printf_percent$$00000014  0x08000276   Section        6  _printf_s.o(.ARM.Collect$$_printf_percent$$00000014)
    .ARM.Collect$$_printf_percent$$00000015  0x0800027c   Section        6  _printf_lc.o(.ARM.Collect$$_printf_percent$$00000015)
    .ARM.Collect$$_printf_percent$$00000016  0x08000282   Section        6  _printf_ls.o(.ARM.Collect$$_printf_percent$$00000016)
    .ARM.Collect$$_printf_percent$$00000017  0x08000288   Section        4  _printf_percent_end.o(.ARM.Collect$$_printf_percent$$00000017)
    .ARM.Collect$$libinit$$00000000          0x0800028c   Section        2  libinit.o(.ARM.Collect$$libinit$$00000000)
    .ARM.Collect$$libinit$$00000001          0x0800028e   Section        4  libinit2.o(.ARM.Collect$$libinit$$00000001)
    .ARM.Collect$$libinit$$00000004          0x08000292   Section        0  libinit2.o(.ARM.Collect$$libinit$$00000004)
    .ARM.Collect$$libinit$$00000006          0x08000292   Section        0  libinit2.o(.ARM.Collect$$libinit$$00000006)
    .ARM.Collect$$libinit$$0000000C          0x08000292   Section        0  libinit2.o(.ARM.Collect$$libinit$$0000000C)
    .ARM.Collect$$libinit$$0000000E          0x08000292   Section        0  libinit2.o(.ARM.Collect$$libinit$$0000000E)
    .ARM.Collect$$libinit$$00000010          0x08000292   Section        0  libinit2.o(.ARM.Collect$$libinit$$00000010)
    .ARM.Collect$$libinit$$00000011          0x08000292   Section        6  libinit2.o(.ARM.Collect$$libinit$$00000011)
    .ARM.Collect$$libinit$$00000013          0x08000298   Section        0  libinit2.o(.ARM.Collect$$libinit$$00000013)
    .ARM.Collect$$libinit$$00000014          0x08000298   Section       12  libinit2.o(.ARM.Collect$$libinit$$00000014)
    .ARM.Collect$$libinit$$00000015          0x080002a4   Section        0  libinit2.o(.ARM.Collect$$libinit$$00000015)
    .ARM.Collect$$libinit$$00000017          0x080002a4   Section        0  libinit2.o(.ARM.Collect$$libinit$$00000017)
    .ARM.Collect$$libinit$$00000018          0x080002a4   Section       10  libinit2.o(.ARM.Collect$$libinit$$00000018)
    .ARM.Collect$$libinit$$00000019          0x080002ae   Section        0  libinit2.o(.ARM.Collect$$libinit$$00000019)
    .ARM.Collect$$libinit$$0000001B          0x080002ae   Section        0  libinit2.o(.ARM.Collect$$libinit$$0000001B)
    .ARM.Collect$$libinit$$0000001D          0x080002ae   Section        0  libinit2.o(.ARM.Collect$$libinit$$0000001D)
    .ARM.Collect$$libinit$$0000001F          0x080002ae   Section        0  libinit2.o(.ARM.Collect$$libinit$$0000001F)
    .ARM.Collect$$libinit$$00000021          0x080002ae   Section        0  libinit2.o(.ARM.Collect$$libinit$$00000021)
    .ARM.Collect$$libinit$$00000023          0x080002ae   Section        0  libinit2.o(.ARM.Collect$$libinit$$00000023)
    .ARM.Collect$$libinit$$00000025          0x080002ae   Section        0  libinit2.o(.ARM.Collect$$libinit$$00000025)
    .ARM.Collect$$libinit$$00000027          0x080002ae   Section        0  libinit2.o(.ARM.Collect$$libinit$$00000027)
    .ARM.Collect$$libinit$$0000002E          0x080002ae   Section        0  libinit2.o(.ARM.Collect$$libinit$$0000002E)
    .ARM.Collect$$libinit$$00000030          0x080002ae   Section        0  libinit2.o(.ARM.Collect$$libinit$$00000030)
    .ARM.Collect$$libinit$$00000032          0x080002ae   Section        0  libinit2.o(.ARM.Collect$$libinit$$00000032)
    .ARM.Collect$$libinit$$00000034          0x080002ae   Section        0  libinit2.o(.ARM.Collect$$libinit$$00000034)
    .ARM.Collect$$libinit$$00000035          0x080002ae   Section        2  libinit2.o(.ARM.Collect$$libinit$$00000035)
    .ARM.Collect$$libshutdown$$00000000      0x080002b0   Section        2  libshutdown.o(.ARM.Collect$$libshutdown$$00000000)
    .ARM.Collect$$libshutdown$$00000002      0x080002b2   Section        0  libshutdown2.o(.ARM.Collect$$libshutdown$$00000002)
    .ARM.Collect$$libshutdown$$00000004      0x080002b2   Section        0  libshutdown2.o(.ARM.Collect$$libshutdown$$00000004)
    .ARM.Collect$$libshutdown$$00000007      0x080002b2   Section        0  libshutdown2.o(.ARM.Collect$$libshutdown$$00000007)
    .ARM.Collect$$libshutdown$$0000000A      0x080002b2   Section        0  libshutdown2.o(.ARM.Collect$$libshutdown$$0000000A)
    .ARM.Collect$$libshutdown$$0000000C      0x080002b2   Section        0  libshutdown2.o(.ARM.Collect$$libshutdown$$0000000C)
    .ARM.Collect$$libshutdown$$0000000F      0x080002b2   Section        0  libshutdown2.o(.ARM.Collect$$libshutdown$$0000000F)
    .ARM.Collect$$libshutdown$$00000010      0x080002b2   Section        2  libshutdown2.o(.ARM.Collect$$libshutdown$$00000010)
    .ARM.Collect$$rtentry$$00000000          0x080002b4   Section        0  __rtentry.o(.ARM.Collect$$rtentry$$00000000)
    .ARM.Collect$$rtentry$$00000002          0x080002b4   Section        0  __rtentry2.o(.ARM.Collect$$rtentry$$00000002)
    .ARM.Collect$$rtentry$$00000004          0x080002b4   Section        6  __rtentry4.o(.ARM.Collect$$rtentry$$00000004)
    .ARM.Collect$$rtentry$$00000009          0x080002ba   Section        0  __rtentry2.o(.ARM.Collect$$rtentry$$00000009)
    .ARM.Collect$$rtentry$$0000000A          0x080002ba   Section        4  __rtentry2.o(.ARM.Collect$$rtentry$$0000000A)
    .ARM.Collect$$rtentry$$0000000C          0x080002be   Section        0  __rtentry2.o(.ARM.Collect$$rtentry$$0000000C)
    .ARM.Collect$$rtentry$$0000000D          0x080002be   Section        8  __rtentry2.o(.ARM.Collect$$rtentry$$0000000D)
    .ARM.Collect$$rtexit$$00000000           0x080002c6   Section        2  rtexit.o(.ARM.Collect$$rtexit$$00000000)
    .ARM.Collect$$rtexit$$00000002           0x080002c8   Section        0  rtexit2.o(.ARM.Collect$$rtexit$$00000002)
    .ARM.Collect$$rtexit$$00000003           0x080002c8   Section        4  rtexit2.o(.ARM.Collect$$rtexit$$00000003)
    .ARM.Collect$$rtexit$$00000004           0x080002cc   Section        6  rtexit2.o(.ARM.Collect$$rtexit$$00000004)
    $v0                                      0x080002d4   Number         0  startup_stm32f407xx.o(.text)
    .text                                    0x080002d4   Section       64  startup_stm32f407xx.o(.text)
    .text                                    0x08000314   Section        0  sprintf.o(.text)
    .text                                    0x08000340   Section        0  heapauxi.o(.text)
    .text                                    0x08000346   Section        0  _printf_pad.o(.text)
    .text                                    0x08000394   Section        0  _printf_truncate.o(.text)
    .text                                    0x080003b8   Section        0  _printf_str.o(.text)
    .text                                    0x0800040c   Section        0  _printf_dec.o(.text)
    .text                                    0x08000484   Section        0  _printf_charcount.o(.text)
    _printf_input_char                       0x080004ad   Thumb Code    10  _printf_char_common.o(.text)
    .text                                    0x080004ac   Section        0  _printf_char_common.o(.text)
    .text                                    0x080004dc   Section        0  _sputc.o(.text)
    .text                                    0x080004e8   Section        0  _printf_wctomb.o(.text)
    .text                                    0x080005a4   Section        0  _printf_longlong_dec.o(.text)
    _printf_longlong_oct_internal            0x08000621   Thumb Code     0  _printf_oct_int_ll.o(.text)
    .text                                    0x08000620   Section        0  _printf_oct_int_ll.o(.text)
    _printf_hex_common                       0x08000691   Thumb Code     0  _printf_hex_int_ll_ptr.o(.text)
    .text                                    0x08000690   Section        0  _printf_hex_int_ll_ptr.o(.text)
    .text                                    0x08000724   Section        0  __printf_flags_ss_wp.o(.text)
    .text                                    0x080008ac   Section      138  lludiv10.o(.text)
    .text                                    0x08000936   Section        0  _printf_intcommon.o(.text)
    _fp_digits                               0x080009e9   Thumb Code   432  _printf_fp_dec.o(.text)
    .text                                    0x080009e8   Section        0  _printf_fp_dec.o(.text)
    .text                                    0x08000e04   Section        0  _printf_fp_hex.o(.text)
    .text                                    0x08001100   Section        0  _printf_char.o(.text)
    .text                                    0x0800112c   Section        0  _printf_wchar.o(.text)
    .text                                    0x08001158   Section        0  _c16rtomb.o(.text)
    .text                                    0x080011a0   Section       74  sys_stackheap_outer.o(.text)
    .text                                    0x080011ec   Section       16  rt_ctype_table.o(.text)
    .text                                    0x080011fc   Section        8  rt_locale_intlibspace.o(.text)
    .text                                    0x08001204   Section        0  _printf_fp_infnan.o(.text)
    .text                                    0x08001284   Section        0  bigflt0.o(.text)
    .text                                    0x08001368   Section        0  exit.o(.text)
    .text                                    0x0800137c   Section        8  libspace.o(.text)
    .text                                    0x08001388   Section      124  strcmpv7em.o(.text)
    .text                                    0x08001404   Section        0  sys_exit.o(.text)
    .text                                    0x08001410   Section        2  use_no_semi.o(.text)
    .text                                    0x08001412   Section        0  indicate_semi.o(.text)
    [Anonymous Symbol]                       0x08001414   Section        0  lcd.o(.text.LCD_clear)
    [Anonymous Symbol]                       0x0800143c   Section        0  lcd.o(.text.LCD_init)
    [Anonymous Symbol]                       0x080014a4   Section        0  lcd.o(.text.LCD_int)
    [Anonymous Symbol]                       0x080014c8   Section        0  lcd.o(.text.LCD_port_init)
    [Anonymous Symbol]                       0x08001508   Section        0  lcd.o(.text.LCD_sendData)
    [Anonymous Symbol]                       0x08001588   Section        0  lcd.o(.text.LCD_str)
    [Anonymous Symbol]                       0x080015b8   Section        0  spi.o(.text.SPI_init)
    [Anonymous Symbol]                       0x08001664   Section        0  system_stm32f4xx.o(.text.SystemInit)
    [Anonymous Symbol]                       0x080016d4   Section        0  main.o(.text.TIM6_DAC_IRQHandler)
    __NVIC_ClearPendingIRQ                   0x08001791   Thumb Code    48  main.o(.text.__NVIC_ClearPendingIRQ)
    [Anonymous Symbol]                       0x08001790   Section        0  main.o(.text.__NVIC_ClearPendingIRQ)
    __NVIC_ClearPendingIRQ                   0x080017c1   Thumb Code    48  touchbutton.o(.text.__NVIC_ClearPendingIRQ)
    [Anonymous Symbol]                       0x080017c0   Section        0  touchbutton.o(.text.__NVIC_ClearPendingIRQ)
    __NVIC_EnableIRQ                         0x080017f1   Thumb Code    48  main.o(.text.__NVIC_EnableIRQ)
    [Anonymous Symbol]                       0x080017f0   Section        0  main.o(.text.__NVIC_EnableIRQ)
    __NVIC_EnableIRQ                         0x08001821   Thumb Code    48  touchbutton.o(.text.__NVIC_EnableIRQ)
    [Anonymous Symbol]                       0x08001820   Section        0  touchbutton.o(.text.__NVIC_EnableIRQ)
    __NVIC_SetPriority                       0x08001851   Thumb Code    66  main.o(.text.__NVIC_SetPriority)
    [Anonymous Symbol]                       0x08001850   Section        0  main.o(.text.__NVIC_SetPriority)
    __NVIC_SetPriority                       0x08001895   Thumb Code    66  touchbutton.o(.text.__NVIC_SetPriority)
    [Anonymous Symbol]                       0x08001894   Section        0  touchbutton.o(.text.__NVIC_SetPriority)
    [Anonymous Symbol]                       0x080018d8   Section        0  main.o(.text.alarm)
    [Anonymous Symbol]                       0x080019f8   Section        0  keypad.o(.text.c_output)
    [Anonymous Symbol]                       0x08001b70   Section        0  lcd.o(.text.check_BF)
    [Anonymous Symbol]                       0x08001bc8   Section        0  main.o(.text.check_code)
    [Anonymous Symbol]                       0x08001c94   Section        0  lcd.o(.text.clear_PIN)
    [Anonymous Symbol]                       0x08001cb4   Section        0  lcd.o(.text.delay)
    [Anonymous Symbol]                       0x08001cdc   Section        0  lcd.o(.text.display_cursor_blink_on)
    [Anonymous Symbol]                       0x08001cec   Section        0  main.o(.text.enter_new_code)
    [Anonymous Symbol]                       0x08001e10   Section        0  keypad.o(.text.init_keypad)
    [Anonymous Symbol]                       0x08001f40   Section        0  steppermotor.o(.text.init_steppermotor)
    [Anonymous Symbol]                       0x08001f8c   Section        0  steppermotor.o(.text.lock_safe)
    [Anonymous Symbol]                       0x08002040   Section        0  main.o(.text.main)
    [Anonymous Symbol]                       0x080022e0   Section        0  steppermotor.o(.text.motor_delay)
    [Anonymous Symbol]                       0x08002304   Section        0  lcd.o(.text.place_lcd_cursor_1)
    [Anonymous Symbol]                       0x08002314   Section        0  lcd.o(.text.place_lcd_cursor_2)
    [Anonymous Symbol]                       0x08002324   Section        0  keypad.o(.text.r_output)
    [Anonymous Symbol]                       0x08002494   Section        0  keypad.o(.text.read_entry_C1)
    [Anonymous Symbol]                       0x08002560   Section        0  keypad.o(.text.read_entry_C2)
    [Anonymous Symbol]                       0x0800262c   Section        0  keypad.o(.text.read_entry_C3)
    [Anonymous Symbol]                       0x080026f8   Section        0  spi.o(.text.read_position_x)
    [Anonymous Symbol]                       0x0800277c   Section        0  spi.o(.text.read_position_y)
    [Anonymous Symbol]                       0x08002800   Section        0  spi.o(.text.read_position_z)
    [Anonymous Symbol]                       0x08002884   Section        0  lcd.o(.text.send_four)
    [Anonymous Symbol]                       0x080028cc   Section        0  lcd.o(.text.set_PIN)
    [Anonymous Symbol]                       0x080028ec   Section        0  spi.o(.text.spi_send)
    [Anonymous Symbol]                       0x08002924   Section        0  touchbutton.o(.text.touch_button_init)
    [Anonymous Symbol]                       0x080029a0   Section        0  steppermotor.o(.text.unlock_safe)
    [Anonymous Symbol]                       0x08002a4c   Section        0  keypad.o(.text.wait)
    [Anonymous Symbol]                       0x08002af8   Section        0  main.o(.text.wait_for_input)
    CL$$btod_d2e                             0x08002baa   Section       62  btod.o(CL$$btod_d2e)
    CL$$btod_d2e_denorm_low                  0x08002be8   Section       70  btod.o(CL$$btod_d2e_denorm_low)
    CL$$btod_d2e_norm_op1                    0x08002c2e   Section       96  btod.o(CL$$btod_d2e_norm_op1)
    CL$$btod_div_common                      0x08002c90   Section      824  btod.o(CL$$btod_div_common)
    CL$$btod_e2e                             0x08002fc8   Section      220  btod.o(CL$$btod_e2e)
    CL$$btod_ediv                            0x080030a4   Section       42  btod.o(CL$$btod_ediv)
    CL$$btod_emul                            0x080030ce   Section       42  btod.o(CL$$btod_emul)
    CL$$btod_mult_common                     0x080030f8   Section      580  btod.o(CL$$btod_mult_common)
    i.__ARM_fpclassify                       0x0800333c   Section        0  fpclassify.o(i.__ARM_fpclassify)
    i._is_digit                              0x0800336c   Section        0  __printf_wp.o(i._is_digit)
    locale$$code                             0x0800337c   Section       44  lc_numeric_c.o(locale$$code)
    locale$$code                             0x080033a8   Section       44  lc_ctype_c.o(locale$$code)
    $v0                                      0x080033d4   Number         0  fpinit.o(x$fpl$fpinit)
    x$fpl$fpinit                             0x080033d4   Section       26  fpinit.o(x$fpl$fpinit)
    $v0                                      0x080033ee   Number         0  printf1.o(x$fpl$printf1)
    x$fpl$printf1                            0x080033ee   Section        4  printf1.o(x$fpl$printf1)
    $v0                                      0x080033f2   Number         0  printf2.o(x$fpl$printf2)
    x$fpl$printf2                            0x080033f2   Section        4  printf2.o(x$fpl$printf2)
    x$fpl$usenofp                            0x080033f6   Section        0  usenofp.o(x$fpl$usenofp)
    initial_mbstate                          0x080033f8   Data           8  _printf_wctomb.o(.constdata)
    .constdata                               0x080033f8   Section        8  _printf_wctomb.o(.constdata)
    uc_hextab                                0x08003400   Data          20  _printf_hex_int_ll_ptr.o(.constdata)
    .constdata                               0x08003400   Section       40  _printf_hex_int_ll_ptr.o(.constdata)
    lc_hextab                                0x08003414   Data          20  _printf_hex_int_ll_ptr.o(.constdata)
    maptable                                 0x08003428   Data          17  __printf_flags_ss_wp.o(.constdata)
    .constdata                               0x08003428   Section       17  __printf_flags_ss_wp.o(.constdata)
    lc_hextab                                0x08003439   Data          19  _printf_fp_hex.o(.constdata)
    .constdata                               0x08003439   Section       38  _printf_fp_hex.o(.constdata)
    uc_hextab                                0x0800344c   Data          19  _printf_fp_hex.o(.constdata)
    tenpwrs_x                                0x08003460   Data          60  bigflt0.o(.constdata)
    .constdata                               0x08003460   Section      148  bigflt0.o(.constdata)
    tenpwrs_i                                0x0800349c   Data          64  bigflt0.o(.constdata)
    .L.str                                   0x080034f4   Data          13  main.o(.rodata.str1.1)
    [Anonymous Symbol]                       0x080034f4   Section        0  main.o(.rodata.str1.1)
    .L.str.3                                 0x08003501   Data          19  main.o(.rodata.str1.1)
    .L.str.1                                 0x08003514   Data          15  main.o(.rodata.str1.1)
    .L.str.6                                 0x08003523   Data          17  main.o(.rodata.str1.1)
    .L.str.5                                 0x08003534   Data          16  main.o(.rodata.str1.1)
    .L.str.8                                 0x08003544   Data           6  main.o(.rodata.str1.1)
    .L.str.7                                 0x0800354a   Data          15  main.o(.rodata.str1.1)
    .L.str.2                                 0x08003559   Data          15  main.o(.rodata.str1.1)
    .L.str.4                                 0x08003568   Data          16  main.o(.rodata.str1.1)
    .L.str                                   0x08003578   Data          36  lcd.o(.rodata.str1.1)
    [Anonymous Symbol]                       0x08003578   Section        0  lcd.o(.rodata.str1.1)
    .L.str.1                                 0x0800359c   Data           3  lcd.o(.rodata.str1.1)
    .L.str.2                                 0x0800359f   Data           3  lcd.o(.rodata.str1.1)
    locale$$data                             0x080035c0   Section       28  lc_numeric_c.o(locale$$data)
    __lcnum_c_name                           0x080035c4   Data           2  lc_numeric_c.o(locale$$data)
    __lcnum_c_start                          0x080035cc   Data           0  lc_numeric_c.o(locale$$data)
    __lcnum_c_point                          0x080035d8   Data           0  lc_numeric_c.o(locale$$data)
    __lcnum_c_thousands                      0x080035da   Data           0  lc_numeric_c.o(locale$$data)
    __lcnum_c_grouping                       0x080035db   Data           0  lc_numeric_c.o(locale$$data)
    __lcnum_c_end                            0x080035dc   Data           0  lc_numeric_c.o(locale$$data)
    locale$$data                             0x080035dc   Section      272  lc_ctype_c.o(locale$$data)
    __lcctype_c_name                         0x080035e0   Data           2  lc_ctype_c.o(locale$$data)
    __lcctype_c_start                        0x080035e8   Data           0  lc_ctype_c.o(locale$$data)
    __lcctype_c_end                          0x080036ec   Data           0  lc_ctype_c.o(locale$$data)
    C1_pin                                   0x20000000   Data           4  keypad.o(.data.C1_pin)
    [Anonymous Symbol]                       0x20000000   Section        0  keypad.o(.data.C1_pin)
    C2_pin                                   0x20000004   Data           4  keypad.o(.data.C2_pin)
    [Anonymous Symbol]                       0x20000004   Section        0  keypad.o(.data.C2_pin)
    C4_pin                                   0x20000008   Data           4  keypad.o(.data.C4_pin)
    [Anonymous Symbol]                       0x20000008   Section        0  keypad.o(.data.C4_pin)
    R1_pin                                   0x2000000c   Data           4  keypad.o(.data.R1_pin)
    [Anonymous Symbol]                       0x2000000c   Section        0  keypad.o(.data.R1_pin)
    R2_pin                                   0x20000010   Data           4  keypad.o(.data.R2_pin)
    [Anonymous Symbol]                       0x20000010   Section        0  keypad.o(.data.R2_pin)
    R3_pin                                   0x20000014   Data           4  keypad.o(.data.R3_pin)
    [Anonymous Symbol]                       0x20000014   Section        0  keypad.o(.data.R3_pin)
    R4_pin                                   0x20000018   Data           4  keypad.o(.data.R4_pin)
    [Anonymous Symbol]                       0x20000018   Section        0  keypad.o(.data.R4_pin)
    delay                                    0x20000020   Data           4  keypad.o(.data.delay)
    [Anonymous Symbol]                       0x20000020   Section        0  keypad.o(.data.delay)
    .bss                                     0x20000028   Section       96  libspace.o(.bss)
    failed_attempts                          0x2000008c   Data           4  main.o(.bss.failed_attempts)
    [Anonymous Symbol]                       0x2000008c   Section        0  main.o(.bss.failed_attempts)
    read_position_x.position_x               0x20000095   Data          10  spi.o(.bss.read_position_x.position_x)
    [Anonymous Symbol]                       0x20000095   Section        0  spi.o(.bss.read_position_x.position_x)
    read_position_x.x                        0x2000009f   Data           1  spi.o(.bss.read_position_x.x)
    [Anonymous Symbol]                       0x2000009f   Section        0  spi.o(.bss.read_position_x.x)
    read_position_y.position_y               0x200000a0   Data          10  spi.o(.bss.read_position_y.position_y)
    [Anonymous Symbol]                       0x200000a0   Section        0  spi.o(.bss.read_position_y.position_y)
    read_position_y.y                        0x200000aa   Data           1  spi.o(.bss.read_position_y.y)
    [Anonymous Symbol]                       0x200000aa   Section        0  spi.o(.bss.read_position_y.y)
    read_position_z.position_z               0x200000ab   Data          10  spi.o(.bss.read_position_z.position_z)
    [Anonymous Symbol]                       0x200000ab   Section        0  spi.o(.bss.read_position_z.position_z)
    read_position_z.z                        0x200000b5   Data           1  spi.o(.bss.read_position_z.z)
    [Anonymous Symbol]                       0x200000b5   Section        0  spi.o(.bss.read_position_z.z)
    x_old                                    0x200000bc   Data           1  main.o(.bss.x_old)
    [Anonymous Symbol]                       0x200000bc   Section        0  main.o(.bss.x_old)
    y_old                                    0x200000bd   Data           1  main.o(.bss.y_old)
    [Anonymous Symbol]                       0x200000bd   Section        0  main.o(.bss.y_old)
    z_old                                    0x200000be   Data           1  main.o(.bss.z_old)
    [Anonymous Symbol]                       0x200000be   Section        0  main.o(.bss.z_old)
    Heap_Mem                                 0x200000c0   Data         512  startup_stm32f407xx.o(HEAP)
    HEAP                                     0x200000c0   Section      512  startup_stm32f407xx.o(HEAP)
    Stack_Mem                                0x200002c0   Data        1024  startup_stm32f407xx.o(STACK)
    STACK                                    0x200002c0   Section     1024  startup_stm32f407xx.o(STACK)
    __initial_sp                             0x200006c0   Data           0  startup_stm32f407xx.o(STACK)

    Global Symbols

    Symbol Name                              Value     Ov Type        Size  Object(Section)

    BuildAttributes$$THM_ISAv4$E$P$D$K$B$S$7EM$VFPi3$EXTD16$VFPS$VFMA$PE$A:L22UL41UL21$X:L11$S22US41US21$IEEE1$IW$~IW$USESV6$~STKCKD$USESV7$~SHL$OTIME$ROPI$IEEEJ$EBA8$UX$STANDARDLIB$REQ8$PRES8$EABIv2 0x00000000   Number         0  anon$$obj.o ABSOLUTE
    _printf_flags                            0x00000000   Number         0  printf_stubs.o ABSOLUTE
    _printf_return_value                     0x00000000   Number         0  printf_stubs.o ABSOLUTE
    _printf_sizespec                         0x00000000   Number         0  printf_stubs.o ABSOLUTE
    _printf_widthprec                        0x00000000   Number         0  printf_stubs.o ABSOLUTE
    __ARM_exceptions_init                     - Undefined Weak Reference
    __alloca_initialize                       - Undefined Weak Reference
    __arm_preinit_                            - Undefined Weak Reference
    __arm_relocate_pie_                       - Undefined Weak Reference
    __cpp_initialize__aeabi_                  - Undefined Weak Reference
    __cxa_finalize                            - Undefined Weak Reference
    __sigvec_lookup                           - Undefined Weak Reference
    _atexit_init                              - Undefined Weak Reference
    _call_atexit_fns                          - Undefined Weak Reference
    _clock_init                               - Undefined Weak Reference
    _fp_trap_init                             - Undefined Weak Reference
    _fp_trap_shutdown                         - Undefined Weak Reference
    _get_lc_collate                           - Undefined Weak Reference
    _get_lc_monetary                          - Undefined Weak Reference
    _get_lc_time                              - Undefined Weak Reference
    _getenv_init                              - Undefined Weak Reference
    _handle_redirection                       - Undefined Weak Reference
    _init_alloc                               - Undefined Weak Reference
    _init_user_alloc                          - Undefined Weak Reference
    _initio                                   - Undefined Weak Reference
    _printf_mbtowc                            - Undefined Weak Reference
    _printf_wc                                - Undefined Weak Reference
    _rand_init                                - Undefined Weak Reference
    _signal_finish                            - Undefined Weak Reference
    _signal_init                              - Undefined Weak Reference
    _terminate_alloc                          - Undefined Weak Reference
    _terminate_user_alloc                     - Undefined Weak Reference
    _terminateio                              - Undefined Weak Reference
    __Vectors_Size                           0x00000188   Number         0  startup_stm32f407xx.o ABSOLUTE
    __Vectors                                0x08000000   Data           4  startup_stm32f407xx.o(RESET)
    __Vectors_End                            0x08000188   Data           0  startup_stm32f407xx.o(RESET)
    __main                                   0x08000189   Thumb Code     8  __main.o(!!!main)
    __scatterload                            0x08000191   Thumb Code     0  __scatter.o(!!!scatter)
    __scatterload_rt2                        0x08000191   Thumb Code    44  __scatter.o(!!!scatter)
    __scatterload_rt2_thumb_only             0x08000191   Thumb Code     0  __scatter.o(!!!scatter)
    __scatterload_null                       0x0800019f   Thumb Code     0  __scatter.o(!!!scatter)
    __scatterload_copy                       0x080001c5   Thumb Code    26  __scatter_copy.o(!!handler_copy)
    __scatterload_zeroinit                   0x080001e1   Thumb Code    28  __scatter_zi.o(!!handler_zi)
    _printf_n                                0x080001fd   Thumb Code     0  _printf_n.o(.ARM.Collect$$_printf_percent$$00000001)
    _printf_percent                          0x080001fd   Thumb Code     0  _printf_percent.o(.ARM.Collect$$_printf_percent$$00000000)
    _printf_p                                0x08000203   Thumb Code     0  _printf_p.o(.ARM.Collect$$_printf_percent$$00000002)
    _printf_f                                0x08000209   Thumb Code     0  _printf_f.o(.ARM.Collect$$_printf_percent$$00000003)
    _printf_e                                0x0800020f   Thumb Code     0  _printf_e.o(.ARM.Collect$$_printf_percent$$00000004)
    _printf_g                                0x08000215   Thumb Code     0  _printf_g.o(.ARM.Collect$$_printf_percent$$00000005)
    _printf_a                                0x0800021b   Thumb Code     0  _printf_a.o(.ARM.Collect$$_printf_percent$$00000006)
    _printf_ll                               0x08000221   Thumb Code     0  _printf_ll.o(.ARM.Collect$$_printf_percent$$00000007)
    _printf_i                                0x0800022b   Thumb Code     0  _printf_i.o(.ARM.Collect$$_printf_percent$$00000008)
    _printf_d                                0x08000231   Thumb Code     0  _printf_d.o(.ARM.Collect$$_printf_percent$$00000009)
    _printf_u                                0x08000237   Thumb Code     0  _printf_u.o(.ARM.Collect$$_printf_percent$$0000000A)
    _printf_o                                0x0800023d   Thumb Code     0  _printf_o.o(.ARM.Collect$$_printf_percent$$0000000B)
    _printf_x                                0x08000243   Thumb Code     0  _printf_x.o(.ARM.Collect$$_printf_percent$$0000000C)
    _printf_lli                              0x08000249   Thumb Code     0  _printf_lli.o(.ARM.Collect$$_printf_percent$$0000000D)
    _printf_lld                              0x0800024f   Thumb Code     0  _printf_lld.o(.ARM.Collect$$_printf_percent$$0000000E)
    _printf_llu                              0x08000255   Thumb Code     0  _printf_llu.o(.ARM.Collect$$_printf_percent$$0000000F)
    _printf_llo                              0x0800025b   Thumb Code     0  _printf_llo.o(.ARM.Collect$$_printf_percent$$00000010)
    _printf_llx                              0x08000261   Thumb Code     0  _printf_llx.o(.ARM.Collect$$_printf_percent$$00000011)
    _printf_l                                0x08000267   Thumb Code     0  _printf_l.o(.ARM.Collect$$_printf_percent$$00000012)
    _printf_c                                0x08000271   Thumb Code     0  _printf_c.o(.ARM.Collect$$_printf_percent$$00000013)
    _printf_s                                0x08000277   Thumb Code     0  _printf_s.o(.ARM.Collect$$_printf_percent$$00000014)
    _printf_lc                               0x0800027d   Thumb Code     0  _printf_lc.o(.ARM.Collect$$_printf_percent$$00000015)
    _printf_ls                               0x08000283   Thumb Code     0  _printf_ls.o(.ARM.Collect$$_printf_percent$$00000016)
    _printf_percent_end                      0x08000289   Thumb Code     0  _printf_percent_end.o(.ARM.Collect$$_printf_percent$$00000017)
    __rt_lib_init                            0x0800028d   Thumb Code     0  libinit.o(.ARM.Collect$$libinit$$00000000)
    __rt_lib_init_fp_1                       0x0800028f   Thumb Code     0  libinit2.o(.ARM.Collect$$libinit$$00000001)
    __rt_lib_init_heap_1                     0x08000293   Thumb Code     0  libinit2.o(.ARM.Collect$$libinit$$0000000C)
    __rt_lib_init_lc_common                  0x08000293   Thumb Code     0  libinit2.o(.ARM.Collect$$libinit$$00000011)
    __rt_lib_init_preinit_1                  0x08000293   Thumb Code     0  libinit2.o(.ARM.Collect$$libinit$$00000006)
    __rt_lib_init_rand_1                     0x08000293   Thumb Code     0  libinit2.o(.ARM.Collect$$libinit$$00000010)
    __rt_lib_init_relocate_pie_1             0x08000293   Thumb Code     0  libinit2.o(.ARM.Collect$$libinit$$00000004)
    __rt_lib_init_user_alloc_1               0x08000293   Thumb Code     0  libinit2.o(.ARM.Collect$$libinit$$0000000E)
    __rt_lib_init_lc_collate_1               0x08000299   Thumb Code     0  libinit2.o(.ARM.Collect$$libinit$$00000013)
    __rt_lib_init_lc_ctype_2                 0x08000299   Thumb Code     0  libinit2.o(.ARM.Collect$$libinit$$00000014)
    __rt_lib_init_lc_ctype_1                 0x080002a5   Thumb Code     0  libinit2.o(.ARM.Collect$$libinit$$00000015)
    __rt_lib_init_lc_monetary_1              0x080002a5   Thumb Code     0  libinit2.o(.ARM.Collect$$libinit$$00000017)
    __rt_lib_init_lc_numeric_2               0x080002a5   Thumb Code     0  libinit2.o(.ARM.Collect$$libinit$$00000018)
    __rt_lib_init_alloca_1                   0x080002af   Thumb Code     0  libinit2.o(.ARM.Collect$$libinit$$00000030)
    __rt_lib_init_argv_1                     0x080002af   Thumb Code     0  libinit2.o(.ARM.Collect$$libinit$$0000002E)
    __rt_lib_init_atexit_1                   0x080002af   Thumb Code     0  libinit2.o(.ARM.Collect$$libinit$$0000001D)
    __rt_lib_init_clock_1                    0x080002af   Thumb Code     0  libinit2.o(.ARM.Collect$$libinit$$00000023)
    __rt_lib_init_cpp_1                      0x080002af   Thumb Code     0  libinit2.o(.ARM.Collect$$libinit$$00000034)
    __rt_lib_init_exceptions_1               0x080002af   Thumb Code     0  libinit2.o(.ARM.Collect$$libinit$$00000032)
    __rt_lib_init_fp_trap_1                  0x080002af   Thumb Code     0  libinit2.o(.ARM.Collect$$libinit$$00000021)
    __rt_lib_init_getenv_1                   0x080002af   Thumb Code     0  libinit2.o(.ARM.Collect$$libinit$$00000025)
    __rt_lib_init_lc_numeric_1               0x080002af   Thumb Code     0  libinit2.o(.ARM.Collect$$libinit$$00000019)
    __rt_lib_init_lc_time_1                  0x080002af   Thumb Code     0  libinit2.o(.ARM.Collect$$libinit$$0000001B)
    __rt_lib_init_return                     0x080002af   Thumb Code     0  libinit2.o(.ARM.Collect$$libinit$$00000035)
    __rt_lib_init_signal_1                   0x080002af   Thumb Code     0  libinit2.o(.ARM.Collect$$libinit$$0000001F)
    __rt_lib_init_stdio_1                    0x080002af   Thumb Code     0  libinit2.o(.ARM.Collect$$libinit$$00000027)
    __rt_lib_shutdown                        0x080002b1   Thumb Code     0  libshutdown.o(.ARM.Collect$$libshutdown$$00000000)
    __rt_lib_shutdown_cpp_1                  0x080002b3   Thumb Code     0  libshutdown2.o(.ARM.Collect$$libshutdown$$00000002)
    __rt_lib_shutdown_fp_trap_1              0x080002b3   Thumb Code     0  libshutdown2.o(.ARM.Collect$$libshutdown$$00000007)
    __rt_lib_shutdown_heap_1                 0x080002b3   Thumb Code     0  libshutdown2.o(.ARM.Collect$$libshutdown$$0000000F)
    __rt_lib_shutdown_return                 0x080002b3   Thumb Code     0  libshutdown2.o(.ARM.Collect$$libshutdown$$00000010)
    __rt_lib_shutdown_signal_1               0x080002b3   Thumb Code     0  libshutdown2.o(.ARM.Collect$$libshutdown$$0000000A)
    __rt_lib_shutdown_stdio_1                0x080002b3   Thumb Code     0  libshutdown2.o(.ARM.Collect$$libshutdown$$00000004)
    __rt_lib_shutdown_user_alloc_1           0x080002b3   Thumb Code     0  libshutdown2.o(.ARM.Collect$$libshutdown$$0000000C)
    __rt_entry                               0x080002b5   Thumb Code     0  __rtentry.o(.ARM.Collect$$rtentry$$00000000)
    __rt_entry_presh_1                       0x080002b5   Thumb Code     0  __rtentry2.o(.ARM.Collect$$rtentry$$00000002)
    __rt_entry_sh                            0x080002b5   Thumb Code     0  __rtentry4.o(.ARM.Collect$$rtentry$$00000004)
    __rt_entry_li                            0x080002bb   Thumb Code     0  __rtentry2.o(.ARM.Collect$$rtentry$$0000000A)
    __rt_entry_postsh_1                      0x080002bb   Thumb Code     0  __rtentry2.o(.ARM.Collect$$rtentry$$00000009)
    __rt_entry_main                          0x080002bf   Thumb Code     0  __rtentry2.o(.ARM.Collect$$rtentry$$0000000D)
    __rt_entry_postli_1                      0x080002bf   Thumb Code     0  __rtentry2.o(.ARM.Collect$$rtentry$$0000000C)
    __rt_exit                                0x080002c7   Thumb Code     0  rtexit.o(.ARM.Collect$$rtexit$$00000000)
    __rt_exit_ls                             0x080002c9   Thumb Code     0  rtexit2.o(.ARM.Collect$$rtexit$$00000003)
    __rt_exit_prels_1                        0x080002c9   Thumb Code     0  rtexit2.o(.ARM.Collect$$rtexit$$00000002)
    __rt_exit_exit                           0x080002cd   Thumb Code     0  rtexit2.o(.ARM.Collect$$rtexit$$00000004)
    Reset_Handler                            0x080002d5   Thumb Code     8  startup_stm32f407xx.o(.text)
    NMI_Handler                              0x080002dd   Thumb Code     2  startup_stm32f407xx.o(.text)
    HardFault_Handler                        0x080002df   Thumb Code     2  startup_stm32f407xx.o(.text)
    MemManage_Handler                        0x080002e1   Thumb Code     2  startup_stm32f407xx.o(.text)
    BusFault_Handler                         0x080002e3   Thumb Code     2  startup_stm32f407xx.o(.text)
    UsageFault_Handler                       0x080002e5   Thumb Code     2  startup_stm32f407xx.o(.text)
    SVC_Handler                              0x080002e7   Thumb Code     2  startup_stm32f407xx.o(.text)
    DebugMon_Handler                         0x080002e9   Thumb Code     2  startup_stm32f407xx.o(.text)
    PendSV_Handler                           0x080002eb   Thumb Code     2  startup_stm32f407xx.o(.text)
    SysTick_Handler                          0x080002ed   Thumb Code     2  startup_stm32f407xx.o(.text)
    ADC_IRQHandler                           0x080002ef   Thumb Code     0  startup_stm32f407xx.o(.text)
    CAN1_RX0_IRQHandler                      0x080002ef   Thumb Code     0  startup_stm32f407xx.o(.text)
    CAN1_RX1_IRQHandler                      0x080002ef   Thumb Code     0  startup_stm32f407xx.o(.text)
    CAN1_SCE_IRQHandler                      0x080002ef   Thumb Code     0  startup_stm32f407xx.o(.text)
    CAN1_TX_IRQHandler                       0x080002ef   Thumb Code     0  startup_stm32f407xx.o(.text)
    CAN2_RX0_IRQHandler                      0x080002ef   Thumb Code     0  startup_stm32f407xx.o(.text)
    CAN2_RX1_IRQHandler                      0x080002ef   Thumb Code     0  startup_stm32f407xx.o(.text)
    CAN2_SCE_IRQHandler                      0x080002ef   Thumb Code     0  startup_stm32f407xx.o(.text)
    CAN2_TX_IRQHandler                       0x080002ef   Thumb Code     0  startup_stm32f407xx.o(.text)
    DCMI_IRQHandler                          0x080002ef   Thumb Code     0  startup_stm32f407xx.o(.text)
    DMA1_Stream0_IRQHandler                  0x080002ef   Thumb Code     0  startup_stm32f407xx.o(.text)
    DMA1_Stream1_IRQHandler                  0x080002ef   Thumb Code     0  startup_stm32f407xx.o(.text)
    DMA1_Stream2_IRQHandler                  0x080002ef   Thumb Code     0  startup_stm32f407xx.o(.text)
    DMA1_Stream3_IRQHandler                  0x080002ef   Thumb Code     0  startup_stm32f407xx.o(.text)
    DMA1_Stream4_IRQHandler                  0x080002ef   Thumb Code     0  startup_stm32f407xx.o(.text)
    DMA1_Stream5_IRQHandler                  0x080002ef   Thumb Code     0  startup_stm32f407xx.o(.text)
    DMA1_Stream6_IRQHandler                  0x080002ef   Thumb Code     0  startup_stm32f407xx.o(.text)
    DMA1_Stream7_IRQHandler                  0x080002ef   Thumb Code     0  startup_stm32f407xx.o(.text)
    DMA2_Stream0_IRQHandler                  0x080002ef   Thumb Code     0  startup_stm32f407xx.o(.text)
    DMA2_Stream1_IRQHandler                  0x080002ef   Thumb Code     0  startup_stm32f407xx.o(.text)
    DMA2_Stream2_IRQHandler                  0x080002ef   Thumb Code     0  startup_stm32f407xx.o(.text)
    DMA2_Stream3_IRQHandler                  0x080002ef   Thumb Code     0  startup_stm32f407xx.o(.text)
    DMA2_Stream4_IRQHandler                  0x080002ef   Thumb Code     0  startup_stm32f407xx.o(.text)
    DMA2_Stream5_IRQHandler                  0x080002ef   Thumb Code     0  startup_stm32f407xx.o(.text)
    DMA2_Stream6_IRQHandler                  0x080002ef   Thumb Code     0  startup_stm32f407xx.o(.text)
    DMA2_Stream7_IRQHandler                  0x080002ef   Thumb Code     0  startup_stm32f407xx.o(.text)
    ETH_IRQHandler                           0x080002ef   Thumb Code     0  startup_stm32f407xx.o(.text)
    ETH_WKUP_IRQHandler                      0x080002ef   Thumb Code     0  startup_stm32f407xx.o(.text)
    EXTI0_IRQHandler                         0x080002ef   Thumb Code     0  startup_stm32f407xx.o(.text)
    EXTI15_10_IRQHandler                     0x080002ef   Thumb Code     0  startup_stm32f407xx.o(.text)
    EXTI1_IRQHandler                         0x080002ef   Thumb Code     0  startup_stm32f407xx.o(.text)
    EXTI2_IRQHandler                         0x080002ef   Thumb Code     0  startup_stm32f407xx.o(.text)
    EXTI3_IRQHandler                         0x080002ef   Thumb Code     0  startup_stm32f407xx.o(.text)
    EXTI4_IRQHandler                         0x080002ef   Thumb Code     0  startup_stm32f407xx.o(.text)
    EXTI9_5_IRQHandler                       0x080002ef   Thumb Code     0  startup_stm32f407xx.o(.text)
    FLASH_IRQHandler                         0x080002ef   Thumb Code     0  startup_stm32f407xx.o(.text)
    FMC_IRQHandler                           0x080002ef   Thumb Code     0  startup_stm32f407xx.o(.text)
    FPU_IRQHandler                           0x080002ef   Thumb Code     0  startup_stm32f407xx.o(.text)
    HASH_RNG_IRQHandler                      0x080002ef   Thumb Code     0  startup_stm32f407xx.o(.text)
    I2C1_ER_IRQHandler                       0x080002ef   Thumb Code     0  startup_stm32f407xx.o(.text)
    I2C1_EV_IRQHandler                       0x080002ef   Thumb Code     0  startup_stm32f407xx.o(.text)
    I2C2_ER_IRQHandler                       0x080002ef   Thumb Code     0  startup_stm32f407xx.o(.text)
    I2C2_EV_IRQHandler                       0x080002ef   Thumb Code     0  startup_stm32f407xx.o(.text)
    I2C3_ER_IRQHandler                       0x080002ef   Thumb Code     0  startup_stm32f407xx.o(.text)
    I2C3_EV_IRQHandler                       0x080002ef   Thumb Code     0  startup_stm32f407xx.o(.text)
    OTG_FS_IRQHandler                        0x080002ef   Thumb Code     0  startup_stm32f407xx.o(.text)
    OTG_FS_WKUP_IRQHandler                   0x080002ef   Thumb Code     0  startup_stm32f407xx.o(.text)
    OTG_HS_EP1_IN_IRQHandler                 0x080002ef   Thumb Code     0  startup_stm32f407xx.o(.text)
    OTG_HS_EP1_OUT_IRQHandler                0x080002ef   Thumb Code     0  startup_stm32f407xx.o(.text)
    OTG_HS_IRQHandler                        0x080002ef   Thumb Code     0  startup_stm32f407xx.o(.text)
    OTG_HS_WKUP_IRQHandler                   0x080002ef   Thumb Code     0  startup_stm32f407xx.o(.text)
    PVD_IRQHandler                           0x080002ef   Thumb Code     0  startup_stm32f407xx.o(.text)
    RCC_IRQHandler                           0x080002ef   Thumb Code     0  startup_stm32f407xx.o(.text)
    RTC_Alarm_IRQHandler                     0x080002ef   Thumb Code     0  startup_stm32f407xx.o(.text)
    RTC_WKUP_IRQHandler                      0x080002ef   Thumb Code     0  startup_stm32f407xx.o(.text)
    SDIO_IRQHandler                          0x080002ef   Thumb Code     0  startup_stm32f407xx.o(.text)
    SPI1_IRQHandler                          0x080002ef   Thumb Code     0  startup_stm32f407xx.o(.text)
    SPI2_IRQHandler                          0x080002ef   Thumb Code     0  startup_stm32f407xx.o(.text)
    SPI3_IRQHandler                          0x080002ef   Thumb Code     0  startup_stm32f407xx.o(.text)
    TAMP_STAMP_IRQHandler                    0x080002ef   Thumb Code     0  startup_stm32f407xx.o(.text)
    TIM1_BRK_TIM9_IRQHandler                 0x080002ef   Thumb Code     0  startup_stm32f407xx.o(.text)
    TIM1_CC_IRQHandler                       0x080002ef   Thumb Code     0  startup_stm32f407xx.o(.text)
    TIM1_TRG_COM_TIM11_IRQHandler            0x080002ef   Thumb Code     0  startup_stm32f407xx.o(.text)
    TIM1_UP_TIM10_IRQHandler                 0x080002ef   Thumb Code     0  startup_stm32f407xx.o(.text)
    TIM2_IRQHandler                          0x080002ef   Thumb Code     0  startup_stm32f407xx.o(.text)
    TIM3_IRQHandler                          0x080002ef   Thumb Code     0  startup_stm32f407xx.o(.text)
    TIM4_IRQHandler                          0x080002ef   Thumb Code     0  startup_stm32f407xx.o(.text)
    TIM5_IRQHandler                          0x080002ef   Thumb Code     0  startup_stm32f407xx.o(.text)
    TIM7_IRQHandler                          0x080002ef   Thumb Code     0  startup_stm32f407xx.o(.text)
    TIM8_BRK_TIM12_IRQHandler                0x080002ef   Thumb Code     0  startup_stm32f407xx.o(.text)
    TIM8_CC_IRQHandler                       0x080002ef   Thumb Code     0  startup_stm32f407xx.o(.text)
    TIM8_TRG_COM_TIM14_IRQHandler            0x080002ef   Thumb Code     0  startup_stm32f407xx.o(.text)
    TIM8_UP_TIM13_IRQHandler                 0x080002ef   Thumb Code     0  startup_stm32f407xx.o(.text)
    UART4_IRQHandler                         0x080002ef   Thumb Code     0  startup_stm32f407xx.o(.text)
    UART5_IRQHandler                         0x080002ef   Thumb Code     0  startup_stm32f407xx.o(.text)
    USART1_IRQHandler                        0x080002ef   Thumb Code     0  startup_stm32f407xx.o(.text)
    USART2_IRQHandler                        0x080002ef   Thumb Code     0  startup_stm32f407xx.o(.text)
    USART3_IRQHandler                        0x080002ef   Thumb Code     0  startup_stm32f407xx.o(.text)
    USART6_IRQHandler                        0x080002ef   Thumb Code     0  startup_stm32f407xx.o(.text)
    WWDG_IRQHandler                          0x080002ef   Thumb Code     0  startup_stm32f407xx.o(.text)
    __user_initial_stackheap                 0x080002f1   Thumb Code     0  startup_stm32f407xx.o(.text)
    sprintf                                  0x08000315   Thumb Code    38  sprintf.o(.text)
    __use_two_region_memory                  0x08000341   Thumb Code     2  heapauxi.o(.text)
    __rt_heap_escrow$2region                 0x08000343   Thumb Code     2  heapauxi.o(.text)
    __rt_heap_expand$2region                 0x08000345   Thumb Code     2  heapauxi.o(.text)
    _printf_pre_padding                      0x08000347   Thumb Code    44  _printf_pad.o(.text)
    _printf_post_padding                     0x08000373   Thumb Code    34  _printf_pad.o(.text)
    _printf_truncate_signed                  0x08000395   Thumb Code    18  _printf_truncate.o(.text)
    _printf_truncate_unsigned                0x080003a7   Thumb Code    18  _printf_truncate.o(.text)
    _printf_str                              0x080003b9   Thumb Code    82  _printf_str.o(.text)
    _printf_int_dec                          0x0800040d   Thumb Code   104  _printf_dec.o(.text)
    _printf_charcount                        0x08000485   Thumb Code    40  _printf_charcount.o(.text)
    _printf_char_common                      0x080004b7   Thumb Code    32  _printf_char_common.o(.text)
    _sputc                                   0x080004dd   Thumb Code    10  _sputc.o(.text)
    _printf_wctomb                           0x080004e9   Thumb Code   182  _printf_wctomb.o(.text)
    _printf_longlong_dec                     0x080005a5   Thumb Code   108  _printf_longlong_dec.o(.text)
    _printf_longlong_oct                     0x08000621   Thumb Code    68  _printf_oct_int_ll.o(.text)
    _printf_int_oct                          0x08000665   Thumb Code    24  _printf_oct_int_ll.o(.text)
    _printf_ll_oct                           0x0800067d   Thumb Code    12  _printf_oct_int_ll.o(.text)
    _printf_longlong_hex                     0x08000691   Thumb Code    86  _printf_hex_int_ll_ptr.o(.text)
    _printf_int_hex                          0x080006e7   Thumb Code    28  _printf_hex_int_ll_ptr.o(.text)
    _printf_ll_hex                           0x08000703   Thumb Code    12  _printf_hex_int_ll_ptr.o(.text)
    _printf_hex_ptr                          0x0800070f   Thumb Code    18  _printf_hex_int_ll_ptr.o(.text)
    __printf                                 0x08000725   Thumb Code   388  __printf_flags_ss_wp.o(.text)
    _ll_udiv10                               0x080008ad   Thumb Code   138  lludiv10.o(.text)
    _printf_int_common                       0x08000937   Thumb Code   178  _printf_intcommon.o(.text)
    _printf_fp_dec_real                      0x08000b99   Thumb Code   620  _printf_fp_dec.o(.text)
    _printf_fp_hex_real                      0x08000e05   Thumb Code   756  _printf_fp_hex.o(.text)
    _printf_cs_common                        0x08001101   Thumb Code    20  _printf_char.o(.text)
    _printf_char                             0x08001115   Thumb Code    16  _printf_char.o(.text)
    _printf_string                           0x08001125   Thumb Code     8  _printf_char.o(.text)
    _printf_lcs_common                       0x0800112d   Thumb Code    20  _printf_wchar.o(.text)
    _printf_wchar                            0x08001141   Thumb Code    16  _printf_wchar.o(.text)
    _printf_wstring                          0x08001151   Thumb Code     8  _printf_wchar.o(.text)
    _c16rtomb                                0x08001159   Thumb Code    72  _c16rtomb.o(.text)
    _wcrtomb                                 0x08001159   Thumb Code     0  _c16rtomb.o(.text)
    __user_setup_stackheap                   0x080011a1   Thumb Code    74  sys_stackheap_outer.o(.text)
    __rt_ctype_table                         0x080011ed   Thumb Code    16  rt_ctype_table.o(.text)
    __rt_locale                              0x080011fd   Thumb Code     8  rt_locale_intlibspace.o(.text)
    _printf_fp_infnan                        0x08001205   Thumb Code   112  _printf_fp_infnan.o(.text)
    _btod_etento                             0x08001285   Thumb Code   224  bigflt0.o(.text)
    exit                                     0x08001369   Thumb Code    18  exit.o(.text)
    __user_libspace                          0x0800137d   Thumb Code     8  libspace.o(.text)
    __user_perproc_libspace                  0x0800137d   Thumb Code     0  libspace.o(.text)
    __user_perthread_libspace                0x0800137d   Thumb Code     0  libspace.o(.text)
    strcmp                                   0x08001389   Thumb Code   124  strcmpv7em.o(.text)
    _sys_exit                                0x08001405   Thumb Code     8  sys_exit.o(.text)
    __I$use$semihosting                      0x08001411   Thumb Code     0  use_no_semi.o(.text)
    __use_no_semihosting_swi                 0x08001411   Thumb Code     2  use_no_semi.o(.text)
    __semihosting_library_function           0x08001413   Thumb Code     0  indicate_semi.o(.text)
    LCD_clear                                0x08001415   Thumb Code    40  lcd.o(.text.LCD_clear)
    LCD_init                                 0x0800143d   Thumb Code   102  lcd.o(.text.LCD_init)
    LCD_int                                  0x080014a5   Thumb Code    34  lcd.o(.text.LCD_int)
    LCD_port_init                            0x080014c9   Thumb Code    62  lcd.o(.text.LCD_port_init)
    LCD_sendData                             0x08001509   Thumb Code   128  lcd.o(.text.LCD_sendData)
    LCD_str                                  0x08001589   Thumb Code    48  lcd.o(.text.LCD_str)
    SPI_init                                 0x080015b9   Thumb Code   170  spi.o(.text.SPI_init)
    SystemInit                               0x08001665   Thumb Code   110  system_stm32f4xx.o(.text.SystemInit)
    TIM6_DAC_IRQHandler                      0x080016d5   Thumb Code   186  main.o(.text.TIM6_DAC_IRQHandler)
    alarm                                    0x080018d9   Thumb Code   288  main.o(.text.alarm)
    c_output                                 0x080019f9   Thumb Code   374  keypad.o(.text.c_output)
    check_BF                                 0x08001b71   Thumb Code    88  lcd.o(.text.check_BF)
    check_code                               0x08001bc9   Thumb Code   204  main.o(.text.check_code)
    clear_PIN                                0x08001c95   Thumb Code    30  lcd.o(.text.clear_PIN)
    delay                                    0x08001cb5   Thumb Code    40  lcd.o(.text.delay)
    display_cursor_blink_on                  0x08001cdd   Thumb Code    16  lcd.o(.text.display_cursor_blink_on)
    enter_new_code                           0x08001ced   Thumb Code   290  main.o(.text.enter_new_code)
    init_keypad                              0x08001e11   Thumb Code   304  keypad.o(.text.init_keypad)
    init_steppermotor                        0x08001f41   Thumb Code    74  steppermotor.o(.text.init_steppermotor)
    lock_safe                                0x08001f8d   Thumb Code   178  steppermotor.o(.text.lock_safe)
    main                                     0x08002041   Thumb Code   670  main.o(.text.main)
    motor_delay                              0x080022e1   Thumb Code    34  steppermotor.o(.text.motor_delay)
    place_lcd_cursor_1                       0x08002305   Thumb Code    16  lcd.o(.text.place_lcd_cursor_1)
    place_lcd_cursor_2                       0x08002315   Thumb Code    16  lcd.o(.text.place_lcd_cursor_2)
    r_output                                 0x08002325   Thumb Code   368  keypad.o(.text.r_output)
    read_entry_C1                            0x08002495   Thumb Code   204  keypad.o(.text.read_entry_C1)
    read_entry_C2                            0x08002561   Thumb Code   204  keypad.o(.text.read_entry_C2)
    read_entry_C3                            0x0800262d   Thumb Code   204  keypad.o(.text.read_entry_C3)
    read_position_x                          0x080026f9   Thumb Code   130  spi.o(.text.read_position_x)
    read_position_y                          0x0800277d   Thumb Code   130  spi.o(.text.read_position_y)
    read_position_z                          0x08002801   Thumb Code   130  spi.o(.text.read_position_z)
    send_four                                0x08002885   Thumb Code    72  lcd.o(.text.send_four)
    set_PIN                                  0x080028cd   Thumb Code    30  lcd.o(.text.set_PIN)
    spi_send                                 0x080028ed   Thumb Code    56  spi.o(.text.spi_send)
    touch_button_init                        0x08002925   Thumb Code   122  touchbutton.o(.text.touch_button_init)
    unlock_safe                              0x080029a1   Thumb Code   172  steppermotor.o(.text.unlock_safe)
    wait                                     0x08002a4d   Thumb Code   172  keypad.o(.text.wait)
    wait_for_input                           0x08002af9   Thumb Code   178  main.o(.text.wait_for_input)
    _btod_d2e                                0x08002bab   Thumb Code    62  btod.o(CL$$btod_d2e)
    _d2e_denorm_low                          0x08002be9   Thumb Code    70  btod.o(CL$$btod_d2e_denorm_low)
    _d2e_norm_op1                            0x08002c2f   Thumb Code    96  btod.o(CL$$btod_d2e_norm_op1)
    __btod_div_common                        0x08002c91   Thumb Code   696  btod.o(CL$$btod_div_common)
    _e2e                                     0x08002fc9   Thumb Code   220  btod.o(CL$$btod_e2e)
    _btod_ediv                               0x080030a5   Thumb Code    42  btod.o(CL$$btod_ediv)
    _btod_emul                               0x080030cf   Thumb Code    42  btod.o(CL$$btod_emul)
    __btod_mult_common                       0x080030f9   Thumb Code   580  btod.o(CL$$btod_mult_common)
    __ARM_fpclassify                         0x0800333d   Thumb Code    48  fpclassify.o(i.__ARM_fpclassify)
    _is_digit                                0x0800336d   Thumb Code    14  __printf_wp.o(i._is_digit)
    _get_lc_numeric                          0x0800337d   Thumb Code    44  lc_numeric_c.o(locale$$code)
    _get_lc_ctype                            0x080033a9   Thumb Code    44  lc_ctype_c.o(locale$$code)
    _fp_init                                 0x080033d5   Thumb Code    26  fpinit.o(x$fpl$fpinit)
    __fplib_config_fpu_vfp                   0x080033ed   Thumb Code     0  fpinit.o(x$fpl$fpinit)
    __fplib_config_pureend_doubles           0x080033ed   Thumb Code     0  fpinit.o(x$fpl$fpinit)
    _printf_fp_dec                           0x080033ef   Thumb Code     4  printf1.o(x$fpl$printf1)
    _printf_fp_hex                           0x080033f3   Thumb Code     4  printf2.o(x$fpl$printf2)
    __I$use$fp                               0x080033f6   Number         0  usenofp.o(x$fpl$usenofp)
    Region$$Table$$Base                      0x080035a0   Number         0  anon$$obj.o(Region$$Table)
    Region$$Table$$Limit                     0x080035c0   Number         0  anon$$obj.o(Region$$Table)
    __ctype                                  0x080035e9   Data           0  lc_ctype_c.o(locale$$data)
    code                                     0x2000001c   Data           4  main.o(.data.code)
    __libspace_start                         0x20000028   Data          96  libspace.o(.bss)
    __temporary_stack_top$libspace           0x20000088   Data           0  libspace.o(.bss)
    entered_code                             0x20000088   Data           4  main.o(.bss.entered_code)
    index                                    0x20000090   Data           4  main.o(.bss.index)
    last_entered                             0x20000094   Data           1  main.o(.bss.last_entered)
    status                                   0x200000b8   Data           4  main.o(.bss.status)



==============================================================================

Memory Map of the image

  Image Entry point : 0x08000189

  Load Region LR_IROM1 (Base: 0x08000000, Size: 0x00003718, Max: 0x00100000, ABSOLUTE)

    Execution Region ER_IROM1 (Exec base: 0x08000000, Load base: 0x08000000, Size: 0x000036ec, Max: 0x00100000, ABSOLUTE)

    Exec Addr    Load Addr    Size         Type   Attr      Idx    E Section Name        Object

    0x08000000   0x08000000   0x00000188   Data   RO          177    RESET               startup_stm32f407xx.o
    0x08000188   0x08000188   0x00000008   Code   RO          204  * !!!main             c_w.l(__main.o)
    0x08000190   0x08000190   0x00000034   Code   RO          541    !!!scatter          c_w.l(__scatter.o)
    0x080001c4   0x080001c4   0x0000001a   Code   RO          543    !!handler_copy      c_w.l(__scatter_copy.o)
    0x080001de   0x080001de   0x00000002   PAD
    0x080001e0   0x080001e0   0x0000001c   Code   RO          545    !!handler_zi        c_w.l(__scatter_zi.o)
    0x080001fc   0x080001fc   0x00000000   Code   RO          288    .ARM.Collect$$_printf_percent$$00000000  c_w.l(_printf_percent.o)
    0x080001fc   0x080001fc   0x00000006   Code   RO          277    .ARM.Collect$$_printf_percent$$00000001  c_w.l(_printf_n.o)
    0x08000202   0x08000202   0x00000006   Code   RO          279    .ARM.Collect$$_printf_percent$$00000002  c_w.l(_printf_p.o)
    0x08000208   0x08000208   0x00000006   Code   RO          284    .ARM.Collect$$_printf_percent$$00000003  c_w.l(_printf_f.o)
    0x0800020e   0x0800020e   0x00000006   Code   RO          285    .ARM.Collect$$_printf_percent$$00000004  c_w.l(_printf_e.o)
    0x08000214   0x08000214   0x00000006   Code   RO          286    .ARM.Collect$$_printf_percent$$00000005  c_w.l(_printf_g.o)
    0x0800021a   0x0800021a   0x00000006   Code   RO          287    .ARM.Collect$$_printf_percent$$00000006  c_w.l(_printf_a.o)
    0x08000220   0x08000220   0x0000000a   Code   RO          292    .ARM.Collect$$_printf_percent$$00000007  c_w.l(_printf_ll.o)
    0x0800022a   0x0800022a   0x00000006   Code   RO          281    .ARM.Collect$$_printf_percent$$00000008  c_w.l(_printf_i.o)
    0x08000230   0x08000230   0x00000006   Code   RO          282    .ARM.Collect$$_printf_percent$$00000009  c_w.l(_printf_d.o)
    0x08000236   0x08000236   0x00000006   Code   RO          283    .ARM.Collect$$_printf_percent$$0000000A  c_w.l(_printf_u.o)
    0x0800023c   0x0800023c   0x00000006   Code   RO          280    .ARM.Collect$$_printf_percent$$0000000B  c_w.l(_printf_o.o)
    0x08000242   0x08000242   0x00000006   Code   RO          278    .ARM.Collect$$_printf_percent$$0000000C  c_w.l(_printf_x.o)
    0x08000248   0x08000248   0x00000006   Code   RO          289    .ARM.Collect$$_printf_percent$$0000000D  c_w.l(_printf_lli.o)
    0x0800024e   0x0800024e   0x00000006   Code   RO          290    .ARM.Collect$$_printf_percent$$0000000E  c_w.l(_printf_lld.o)
    0x08000254   0x08000254   0x00000006   Code   RO          291    .ARM.Collect$$_printf_percent$$0000000F  c_w.l(_printf_llu.o)
    0x0800025a   0x0800025a   0x00000006   Code   RO          296    .ARM.Collect$$_printf_percent$$00000010  c_w.l(_printf_llo.o)
    0x08000260   0x08000260   0x00000006   Code   RO          297    .ARM.Collect$$_printf_percent$$00000011  c_w.l(_printf_llx.o)
    0x08000266   0x08000266   0x0000000a   Code   RO          293    .ARM.Collect$$_printf_percent$$00000012  c_w.l(_printf_l.o)
    0x08000270   0x08000270   0x00000006   Code   RO          275    .ARM.Collect$$_printf_percent$$00000013  c_w.l(_printf_c.o)
    0x08000276   0x08000276   0x00000006   Code   RO          276    .ARM.Collect$$_printf_percent$$00000014  c_w.l(_printf_s.o)
    0x0800027c   0x0800027c   0x00000006   Code   RO          294    .ARM.Collect$$_printf_percent$$00000015  c_w.l(_printf_lc.o)
    0x08000282   0x08000282   0x00000006   Code   RO          295    .ARM.Collect$$_printf_percent$$00000016  c_w.l(_printf_ls.o)
    0x08000288   0x08000288   0x00000004   Code   RO          338    .ARM.Collect$$_printf_percent$$00000017  c_w.l(_printf_percent_end.o)
    0x0800028c   0x0800028c   0x00000002   Code   RO          389    .ARM.Collect$$libinit$$00000000  c_w.l(libinit.o)
    0x0800028e   0x0800028e   0x00000004   Code   RO          407    .ARM.Collect$$libinit$$00000001  c_w.l(libinit2.o)
    0x08000292   0x08000292   0x00000000   Code   RO          410    .ARM.Collect$$libinit$$00000004  c_w.l(libinit2.o)
    0x08000292   0x08000292   0x00000000   Code   RO          412    .ARM.Collect$$libinit$$00000006  c_w.l(libinit2.o)
    0x08000292   0x08000292   0x00000000   Code   RO          415    .ARM.Collect$$libinit$$0000000C  c_w.l(libinit2.o)
    0x08000292   0x08000292   0x00000000   Code   RO          417    .ARM.Collect$$libinit$$0000000E  c_w.l(libinit2.o)
    0x08000292   0x08000292   0x00000000   Code   RO          419    .ARM.Collect$$libinit$$00000010  c_w.l(libinit2.o)
    0x08000292   0x08000292   0x00000006   Code   RO          420    .ARM.Collect$$libinit$$00000011  c_w.l(libinit2.o)
    0x08000298   0x08000298   0x00000000   Code   RO          422    .ARM.Collect$$libinit$$00000013  c_w.l(libinit2.o)
    0x08000298   0x08000298   0x0000000c   Code   RO          423    .ARM.Collect$$libinit$$00000014  c_w.l(libinit2.o)
    0x080002a4   0x080002a4   0x00000000   Code   RO          424    .ARM.Collect$$libinit$$00000015  c_w.l(libinit2.o)
    0x080002a4   0x080002a4   0x00000000   Code   RO          426    .ARM.Collect$$libinit$$00000017  c_w.l(libinit2.o)
    0x080002a4   0x080002a4   0x0000000a   Code   RO          427    .ARM.Collect$$libinit$$00000018  c_w.l(libinit2.o)
    0x080002ae   0x080002ae   0x00000000   Code   RO          428    .ARM.Collect$$libinit$$00000019  c_w.l(libinit2.o)
    0x080002ae   0x080002ae   0x00000000   Code   RO          430    .ARM.Collect$$libinit$$0000001B  c_w.l(libinit2.o)
    0x080002ae   0x080002ae   0x00000000   Code   RO          432    .ARM.Collect$$libinit$$0000001D  c_w.l(libinit2.o)
    0x080002ae   0x080002ae   0x00000000   Code   RO          434    .ARM.Collect$$libinit$$0000001F  c_w.l(libinit2.o)
    0x080002ae   0x080002ae   0x00000000   Code   RO          436    .ARM.Collect$$libinit$$00000021  c_w.l(libinit2.o)
    0x080002ae   0x080002ae   0x00000000   Code   RO          438    .ARM.Collect$$libinit$$00000023  c_w.l(libinit2.o)
    0x080002ae   0x080002ae   0x00000000   Code   RO          440    .ARM.Collect$$libinit$$00000025  c_w.l(libinit2.o)
    0x080002ae   0x080002ae   0x00000000   Code   RO          442    .ARM.Collect$$libinit$$00000027  c_w.l(libinit2.o)
    0x080002ae   0x080002ae   0x00000000   Code   RO          446    .ARM.Collect$$libinit$$0000002E  c_w.l(libinit2.o)
    0x080002ae   0x080002ae   0x00000000   Code   RO          448    .ARM.Collect$$libinit$$00000030  c_w.l(libinit2.o)
    0x080002ae   0x080002ae   0x00000000   Code   RO          450    .ARM.Collect$$libinit$$00000032  c_w.l(libinit2.o)
    0x080002ae   0x080002ae   0x00000000   Code   RO          452    .ARM.Collect$$libinit$$00000034  c_w.l(libinit2.o)
    0x080002ae   0x080002ae   0x00000002   Code   RO          453    .ARM.Collect$$libinit$$00000035  c_w.l(libinit2.o)
    0x080002b0   0x080002b0   0x00000002   Code   RO          477    .ARM.Collect$$libshutdown$$00000000  c_w.l(libshutdown.o)
    0x080002b2   0x080002b2   0x00000000   Code   RO          492    .ARM.Collect$$libshutdown$$00000002  c_w.l(libshutdown2.o)
    0x080002b2   0x080002b2   0x00000000   Code   RO          494    .ARM.Collect$$libshutdown$$00000004  c_w.l(libshutdown2.o)
    0x080002b2   0x080002b2   0x00000000   Code   RO          497    .ARM.Collect$$libshutdown$$00000007  c_w.l(libshutdown2.o)
    0x080002b2   0x080002b2   0x00000000   Code   RO          500    .ARM.Collect$$libshutdown$$0000000A  c_w.l(libshutdown2.o)
    0x080002b2   0x080002b2   0x00000000   Code   RO          502    .ARM.Collect$$libshutdown$$0000000C  c_w.l(libshutdown2.o)
    0x080002b2   0x080002b2   0x00000000   Code   RO          505    .ARM.Collect$$libshutdown$$0000000F  c_w.l(libshutdown2.o)
    0x080002b2   0x080002b2   0x00000002   Code   RO          506    .ARM.Collect$$libshutdown$$00000010  c_w.l(libshutdown2.o)
    0x080002b4   0x080002b4   0x00000000   Code   RO          206    .ARM.Collect$$rtentry$$00000000  c_w.l(__rtentry.o)
    0x080002b4   0x080002b4   0x00000000   Code   RO          307    .ARM.Collect$$rtentry$$00000002  c_w.l(__rtentry2.o)
    0x080002b4   0x080002b4   0x00000006   Code   RO          319    .ARM.Collect$$rtentry$$00000004  c_w.l(__rtentry4.o)
    0x080002ba   0x080002ba   0x00000000   Code   RO          309    .ARM.Collect$$rtentry$$00000009  c_w.l(__rtentry2.o)
    0x080002ba   0x080002ba   0x00000004   Code   RO          310    .ARM.Collect$$rtentry$$0000000A  c_w.l(__rtentry2.o)
    0x080002be   0x080002be   0x00000000   Code   RO          312    .ARM.Collect$$rtentry$$0000000C  c_w.l(__rtentry2.o)
    0x080002be   0x080002be   0x00000008   Code   RO          313    .ARM.Collect$$rtentry$$0000000D  c_w.l(__rtentry2.o)
    0x080002c6   0x080002c6   0x00000002   Code   RO          398    .ARM.Collect$$rtexit$$00000000  c_w.l(rtexit.o)
    0x080002c8   0x080002c8   0x00000000   Code   RO          455    .ARM.Collect$$rtexit$$00000002  c_w.l(rtexit2.o)
    0x080002c8   0x080002c8   0x00000004   Code   RO          456    .ARM.Collect$$rtexit$$00000003  c_w.l(rtexit2.o)
    0x080002cc   0x080002cc   0x00000006   Code   RO          457    .ARM.Collect$$rtexit$$00000004  c_w.l(rtexit2.o)
    0x080002d2   0x080002d2   0x00000002   PAD
    0x080002d4   0x080002d4   0x00000040   Code   RO          178    .text               startup_stm32f407xx.o
    0x08000314   0x08000314   0x0000002c   Code   RO          200    .text               c_w.l(sprintf.o)
    0x08000340   0x08000340   0x00000006   Code   RO          202    .text               c_w.l(heapauxi.o)
    0x08000346   0x08000346   0x0000004e   Code   RO          209    .text               c_w.l(_printf_pad.o)
    0x08000394   0x08000394   0x00000024   Code   RO          211    .text               c_w.l(_printf_truncate.o)
    0x080003b8   0x080003b8   0x00000052   Code   RO          213    .text               c_w.l(_printf_str.o)
    0x0800040a   0x0800040a   0x00000002   PAD
    0x0800040c   0x0800040c   0x00000078   Code   RO          215    .text               c_w.l(_printf_dec.o)
    0x08000484   0x08000484   0x00000028   Code   RO          217    .text               c_w.l(_printf_charcount.o)
    0x080004ac   0x080004ac   0x00000030   Code   RO          219    .text               c_w.l(_printf_char_common.o)
    0x080004dc   0x080004dc   0x0000000a   Code   RO          221    .text               c_w.l(_sputc.o)
    0x080004e6   0x080004e6   0x00000002   PAD
    0x080004e8   0x080004e8   0x000000bc   Code   RO          223    .text               c_w.l(_printf_wctomb.o)
    0x080005a4   0x080005a4   0x0000007c   Code   RO          226    .text               c_w.l(_printf_longlong_dec.o)
    0x08000620   0x08000620   0x00000070   Code   RO          232    .text               c_w.l(_printf_oct_int_ll.o)
    0x08000690   0x08000690   0x00000094   Code   RO          252    .text               c_w.l(_printf_hex_int_ll_ptr.o)
    0x08000724   0x08000724   0x00000188   Code   RO          272    .text               c_w.l(__printf_flags_ss_wp.o)
    0x080008ac   0x080008ac   0x0000008a   Code   RO          321    .text               c_w.l(lludiv10.o)
    0x08000936   0x08000936   0x000000b2   Code   RO          323    .text               c_w.l(_printf_intcommon.o)
    0x080009e8   0x080009e8   0x0000041c   Code   RO          325    .text               c_w.l(_printf_fp_dec.o)
    0x08000e04   0x08000e04   0x000002fc   Code   RO          329    .text               c_w.l(_printf_fp_hex.o)
    0x08001100   0x08001100   0x0000002c   Code   RO          334    .text               c_w.l(_printf_char.o)
    0x0800112c   0x0800112c   0x0000002c   Code   RO          336    .text               c_w.l(_printf_wchar.o)
    0x08001158   0x08001158   0x00000048   Code   RO          339    .text               c_w.l(_c16rtomb.o)
    0x080011a0   0x080011a0   0x0000004a   Code   RO          341    .text               c_w.l(sys_stackheap_outer.o)
    0x080011ea   0x080011ea   0x00000002   PAD
    0x080011ec   0x080011ec   0x00000010   Code   RO          343    .text               c_w.l(rt_ctype_table.o)
    0x080011fc   0x080011fc   0x00000008   Code   RO          348    .text               c_w.l(rt_locale_intlibspace.o)
    0x08001204   0x08001204   0x00000080   Code   RO          350    .text               c_w.l(_printf_fp_infnan.o)
    0x08001284   0x08001284   0x000000e4   Code   RO          352    .text               c_w.l(bigflt0.o)
    0x08001368   0x08001368   0x00000012   Code   RO          382    .text               c_w.l(exit.o)
    0x0800137a   0x0800137a   0x00000002   PAD
    0x0800137c   0x0800137c   0x00000008   Code   RO          395    .text               c_w.l(libspace.o)
    0x08001384   0x08001384   0x00000004   PAD
    0x08001388   0x08001388   0x0000007c   Code   RO          405    .text               c_w.l(strcmpv7em.o)
    0x08001404   0x08001404   0x0000000c   Code   RO          467    .text               c_w.l(sys_exit.o)
    0x08001410   0x08001410   0x00000002   Code   RO          482    .text               c_w.l(use_no_semi.o)
    0x08001412   0x08001412   0x00000000   Code   RO          484    .text               c_w.l(indicate_semi.o)
    0x08001412   0x08001412   0x00000002   PAD
    0x08001414   0x08001414   0x00000028   Code   RO           77    .text.LCD_clear     lcd.o
    0x0800143c   0x0800143c   0x00000066   Code   RO           65    .text.LCD_init      lcd.o
    0x080014a2   0x080014a2   0x00000002   PAD
    0x080014a4   0x080014a4   0x00000022   Code   RO           79    .text.LCD_int       lcd.o
    0x080014c6   0x080014c6   0x00000002   PAD
    0x080014c8   0x080014c8   0x0000003e   Code   RO           53    .text.LCD_port_init  lcd.o
    0x08001506   0x08001506   0x00000002   PAD
    0x08001508   0x08001508   0x00000080   Code   RO           75    .text.LCD_sendData  lcd.o
    0x08001588   0x08001588   0x00000030   Code   RO           73    .text.LCD_str       lcd.o
    0x080015b8   0x080015b8   0x000000aa   Code   RO          134    .text.SPI_init      spi.o
    0x08001662   0x08001662   0x00000002   PAD
    0x08001664   0x08001664   0x0000006e   Code   RO          185    .text.SystemInit    system_stm32f4xx.o
    0x080016d2   0x080016d2   0x00000002   PAD
    0x080016d4   0x080016d4   0x000000ba   Code   RO           18    .text.TIM6_DAC_IRQHandler  main.o
    0x0800178e   0x0800178e   0x00000002   PAD
    0x08001790   0x08001790   0x00000030   Code   RO            6    .text.__NVIC_ClearPendingIRQ  main.o
    0x080017c0   0x080017c0   0x00000030   Code   RO          161    .text.__NVIC_ClearPendingIRQ  touchbutton.o
    0x080017f0   0x080017f0   0x00000030   Code   RO            8    .text.__NVIC_EnableIRQ  main.o
    0x08001820   0x08001820   0x00000030   Code   RO          163    .text.__NVIC_EnableIRQ  touchbutton.o
    0x08001850   0x08001850   0x00000042   Code   RO            4    .text.__NVIC_SetPriority  main.o
    0x08001892   0x08001892   0x00000002   PAD
    0x08001894   0x08001894   0x00000042   Code   RO          159    .text.__NVIC_SetPriority  touchbutton.o
    0x080018d6   0x080018d6   0x00000002   PAD
    0x080018d8   0x080018d8   0x00000120   Code   RO           12    .text.alarm         main.o
    0x080019f8   0x080019f8   0x00000176   Code   RO          109    .text.c_output      keypad.o
    0x08001b6e   0x08001b6e   0x00000002   PAD
    0x08001b70   0x08001b70   0x00000058   Code   RO           83    .text.check_BF      lcd.o
    0x08001bc8   0x08001bc8   0x000000cc   Code   RO           10    .text.check_code    main.o
    0x08001c94   0x08001c94   0x0000001e   Code   RO           61    .text.clear_PIN     lcd.o
    0x08001cb2   0x08001cb2   0x00000002   PAD
    0x08001cb4   0x08001cb4   0x00000028   Code   RO           55    .text.delay         lcd.o
    0x08001cdc   0x08001cdc   0x00000010   Code   RO           67    .text.display_cursor_blink_on  lcd.o
    0x08001cec   0x08001cec   0x00000122   Code   RO           16    .text.enter_new_code  main.o
    0x08001e0e   0x08001e0e   0x00000002   PAD
    0x08001e10   0x08001e10   0x00000130   Code   RO          105    .text.init_keypad   keypad.o
    0x08001f40   0x08001f40   0x0000004a   Code   RO           40    .text.init_steppermotor  steppermotor.o
    0x08001f8a   0x08001f8a   0x00000002   PAD
    0x08001f8c   0x08001f8c   0x000000b2   Code   RO           44    .text.lock_safe     steppermotor.o
    0x0800203e   0x0800203e   0x00000002   PAD
    0x08002040   0x08002040   0x0000029e   Code   RO            2    .text.main          main.o
    0x080022de   0x080022de   0x00000002   PAD
    0x080022e0   0x080022e0   0x00000022   Code   RO           38    .text.motor_delay   steppermotor.o
    0x08002302   0x08002302   0x00000002   PAD
    0x08002304   0x08002304   0x00000010   Code   RO           69    .text.place_lcd_cursor_1  lcd.o
    0x08002314   0x08002314   0x00000010   Code   RO           71    .text.place_lcd_cursor_2  lcd.o
    0x08002324   0x08002324   0x00000170   Code   RO          107    .text.r_output      keypad.o
    0x08002494   0x08002494   0x000000cc   Code   RO          111    .text.read_entry_C1  keypad.o
    0x08002560   0x08002560   0x000000cc   Code   RO          113    .text.read_entry_C2  keypad.o
    0x0800262c   0x0800262c   0x000000cc   Code   RO          115    .text.read_entry_C3  keypad.o
    0x080026f8   0x080026f8   0x00000082   Code   RO          138    .text.read_position_x  spi.o
    0x0800277a   0x0800277a   0x00000002   PAD
    0x0800277c   0x0800277c   0x00000082   Code   RO          140    .text.read_position_y  spi.o
    0x080027fe   0x080027fe   0x00000002   PAD
    0x08002800   0x08002800   0x00000082   Code   RO          142    .text.read_position_z  spi.o
    0x08002882   0x08002882   0x00000002   PAD
    0x08002884   0x08002884   0x00000048   Code   RO           59    .text.send_four     lcd.o
    0x080028cc   0x080028cc   0x0000001e   Code   RO           63    .text.set_PIN       lcd.o
    0x080028ea   0x080028ea   0x00000002   PAD
    0x080028ec   0x080028ec   0x00000038   Code   RO          136    .text.spi_send      spi.o
    0x08002924   0x08002924   0x0000007a   Code   RO          157    .text.touch_button_init  touchbutton.o
    0x0800299e   0x0800299e   0x00000002   PAD
    0x080029a0   0x080029a0   0x000000ac   Code   RO           42    .text.unlock_safe   steppermotor.o
    0x08002a4c   0x08002a4c   0x000000ac   Code   RO          117    .text.wait          keypad.o
    0x08002af8   0x08002af8   0x000000b2   Code   RO           14    .text.wait_for_input  main.o
    0x08002baa   0x08002baa   0x0000003e   Code   RO          355    CL$$btod_d2e        c_w.l(btod.o)
    0x08002be8   0x08002be8   0x00000046   Code   RO          357    CL$$btod_d2e_denorm_low  c_w.l(btod.o)
    0x08002c2e   0x08002c2e   0x00000060   Code   RO          356    CL$$btod_d2e_norm_op1  c_w.l(btod.o)
    0x08002c8e   0x08002c8e   0x00000002   PAD
    0x08002c90   0x08002c90   0x00000338   Code   RO          365    CL$$btod_div_common  c_w.l(btod.o)
    0x08002fc8   0x08002fc8   0x000000dc   Code   RO          362    CL$$btod_e2e        c_w.l(btod.o)
    0x080030a4   0x080030a4   0x0000002a   Code   RO          359    CL$$btod_ediv       c_w.l(btod.o)
    0x080030ce   0x080030ce   0x0000002a   Code   RO          358    CL$$btod_emul       c_w.l(btod.o)
    0x080030f8   0x080030f8   0x00000244   Code   RO          364    CL$$btod_mult_common  c_w.l(btod.o)
    0x0800333c   0x0800333c   0x00000030   Code   RO          393    i.__ARM_fpclassify  m_wm.l(fpclassify.o)
    0x0800336c   0x0800336c   0x0000000e   Code   RO          265    i._is_digit         c_w.l(__printf_wp.o)
    0x0800337a   0x0800337a   0x00000002   PAD
    0x0800337c   0x0800337c   0x0000002c   Code   RO          380    locale$$code        c_w.l(lc_numeric_c.o)
    0x080033a8   0x080033a8   0x0000002c   Code   RO          403    locale$$code        c_w.l(lc_ctype_c.o)
    0x080033d4   0x080033d4   0x0000001a   Code   RO          465    x$fpl$fpinit        fz_wm.l(fpinit.o)
    0x080033ee   0x080033ee   0x00000004   Code   RO          298    x$fpl$printf1       fz_wm.l(printf1.o)
    0x080033f2   0x080033f2   0x00000004   Code   RO          300    x$fpl$printf2       fz_wm.l(printf2.o)
    0x080033f6   0x080033f6   0x00000000   Code   RO          392    x$fpl$usenofp       fz_wm.l(usenofp.o)
    0x080033f6   0x080033f6   0x00000002   PAD
    0x080033f8   0x080033f8   0x00000008   Data   RO          224    .constdata          c_w.l(_printf_wctomb.o)
    0x08003400   0x08003400   0x00000028   Data   RO          253    .constdata          c_w.l(_printf_hex_int_ll_ptr.o)
    0x08003428   0x08003428   0x00000011   Data   RO          273    .constdata          c_w.l(__printf_flags_ss_wp.o)
    0x08003439   0x08003439   0x00000026   Data   RO          330    .constdata          c_w.l(_printf_fp_hex.o)
    0x0800345f   0x0800345f   0x00000001   PAD
    0x08003460   0x08003460   0x00000094   Data   RO          353    .constdata          c_w.l(bigflt0.o)
    0x080034f4   0x080034f4   0x00000084   Data   RO           26    .rodata.str1.1      main.o
    0x08003578   0x08003578   0x00000027   Data   RO           97    .rodata.str1.1      lcd.o
    0x0800359f   0x0800359f   0x00000001   PAD
    0x080035a0   0x080035a0   0x00000020   Data   RO          540    Region$$Table       anon$$obj.o
    0x080035c0   0x080035c0   0x0000001c   Data   RO          379    locale$$data        c_w.l(lc_numeric_c.o)
    0x080035dc   0x080035dc   0x00000110   Data   RO          402    locale$$data        c_w.l(lc_ctype_c.o)


    Execution Region RW_IRAM1 (Exec base: 0x20000000, Load base: 0x080036f0, Size: 0x000006c0, Max: 0x00020000, ABSOLUTE)

    Exec Addr    Load Addr    Size         Type   Attr      Idx    E Section Name        Object

    0x20000000   0x080036f0   0x00000004   Data   RW          123    .data.C1_pin        keypad.o
    0x20000004   0x080036f4   0x00000004   Data   RW          124    .data.C2_pin        keypad.o
    0x20000008   0x080036f8   0x00000004   Data   RW          125    .data.C4_pin        keypad.o
    0x2000000c   0x080036fc   0x00000004   Data   RW          119    .data.R1_pin        keypad.o
    0x20000010   0x08003700   0x00000004   Data   RW          120    .data.R2_pin        keypad.o
    0x20000014   0x08003704   0x00000004   Data   RW          121    .data.R3_pin        keypad.o
    0x20000018   0x08003708   0x00000004   Data   RW          122    .data.R4_pin        keypad.o
    0x2000001c   0x0800370c   0x00000004   Data   RW           20    .data.code          main.o
    0x20000020   0x08003710   0x00000004   Data   RW          126    .data.delay         keypad.o
    0x20000024   0x08003714   0x00000004   PAD
    0x20000028        -       0x00000060   Zero   RW          396    .bss                c_w.l(libspace.o)
    0x20000088        -       0x00000004   Zero   RW           29    .bss.entered_code   main.o
    0x2000008c        -       0x00000004   Zero   RW           27    .bss.failed_attempts  main.o
    0x20000090        -       0x00000004   Zero   RW           21    .bss.index          main.o
    0x20000094        -       0x00000001   Zero   RW           28    .bss.last_entered   main.o
    0x20000095        -       0x0000000a   Zero   RW          145    .bss.read_position_x.position_x  spi.o
    0x2000009f        -       0x00000001   Zero   RW          144    .bss.read_position_x.x  spi.o
    0x200000a0        -       0x0000000a   Zero   RW          147    .bss.read_position_y.position_y  spi.o
    0x200000aa        -       0x00000001   Zero   RW          146    .bss.read_position_y.y  spi.o
    0x200000ab        -       0x0000000a   Zero   RW          149    .bss.read_position_z.position_z  spi.o
    0x200000b5        -       0x00000001   Zero   RW          148    .bss.read_position_z.z  spi.o
    0x200000b6   0x08003714   0x00000002   PAD
    0x200000b8        -       0x00000004   Zero   RW           22    .bss.status         main.o
    0x200000bc        -       0x00000001   Zero   RW           23    .bss.x_old          main.o
    0x200000bd        -       0x00000001   Zero   RW           24    .bss.y_old          main.o
    0x200000be        -       0x00000001   Zero   RW           25    .bss.z_old          main.o
    0x200000bf   0x08003714   0x00000001   PAD
    0x200000c0        -       0x00000200   Zero   RW          176    HEAP                startup_stm32f407xx.o
    0x200002c0        -       0x00000400   Zero   RW          175    STACK               startup_stm32f407xx.o


==============================================================================

Image component sizes


      Code (inc. data)   RO Data    RW Data    ZI Data      Debug   Object Name

      1830          0          0         32          0       3704   keypad.o
       722          0         39          0          0       7622   lcd.o
      1978          0        132          4         20       7363   main.o
       616          0          0          0         33       2688   spi.o
        64         26        392          0       1536        872   startup_stm32f407xx.o
       458          0          0          0          0       2151   steppermotor.o
       110          0          0          0          0       2617   system_stm32f4xx.o
       284          0          0          0          0       5491   touchbutton.o

    ----------------------------------------------------------------------
      6102         26        596         36       1596      32508   Object Totals
         0          0         32          0          0          0   (incl. Generated)
        40          0          1          0          7          0   (incl. Padding)

    ----------------------------------------------------------------------

      Code (inc. data)   RO Data    RW Data    ZI Data      Debug   Library Member Name

         8          0          0          0          0         68   __main.o
       392          4         17          0          0         92   __printf_flags_ss_wp.o
        14          0          0          0          0         68   __printf_wp.o
         0          0          0          0          0          0   __rtentry.o
        12          0          0          0          0          0   __rtentry2.o
         6          0          0          0          0          0   __rtentry4.o
        52          8          0          0          0          0   __scatter.o
        26          0          0          0          0          0   __scatter_copy.o
        28          0          0          0          0          0   __scatter_zi.o
        72          0          0          0          0         96   _c16rtomb.o
         6          0          0          0          0          0   _printf_a.o
         6          0          0          0          0          0   _printf_c.o
        44          0          0          0          0        108   _printf_char.o
        48          6          0          0          0         96   _printf_char_common.o
        40          0          0          0          0         68   _printf_charcount.o
         6          0          0          0          0          0   _printf_d.o
       120         16          0          0          0         92   _printf_dec.o
         6          0          0          0          0          0   _printf_e.o
         6          0          0          0          0          0   _printf_f.o
      1052          0          0          0          0        148   _printf_fp_dec.o
       764          8         38          0          0        100   _printf_fp_hex.o
       128         16          0          0          0         84   _printf_fp_infnan.o
         6          0          0          0          0          0   _printf_g.o
       148          4         40          0          0        160   _printf_hex_int_ll_ptr.o
         6          0          0          0          0          0   _printf_i.o
       178          0          0          0          0         88   _printf_intcommon.o
        10          0          0          0          0          0   _printf_l.o
         6          0          0          0          0          0   _printf_lc.o
        10          0          0          0          0          0   _printf_ll.o
         6          0          0          0          0          0   _printf_lld.o
         6          0          0          0          0          0   _printf_lli.o
         6          0          0          0          0          0   _printf_llo.o
         6          0          0          0          0          0   _printf_llu.o
         6          0          0          0          0          0   _printf_llx.o
       124         16          0          0          0         92   _printf_longlong_dec.o
         6          0          0          0          0          0   _printf_ls.o
         6          0          0          0          0          0   _printf_n.o
         6          0          0          0          0          0   _printf_o.o
       112          8          0          0          0        124   _printf_oct_int_ll.o
         6          0          0          0          0          0   _printf_p.o
        78          0          0          0          0        108   _printf_pad.o
         0          0          0          0          0          0   _printf_percent.o
         4          0          0          0          0          0   _printf_percent_end.o
         6          0          0          0          0          0   _printf_s.o
        82          0          0          0          0         80   _printf_str.o
        36          0          0          0          0         84   _printf_truncate.o
         6          0          0          0          0          0   _printf_u.o
        44          0          0          0          0        108   _printf_wchar.o
       188          6          8          0          0         92   _printf_wctomb.o
         6          0          0          0          0          0   _printf_x.o
        10          0          0          0          0         68   _sputc.o
       228          4        148          0          0         96   bigflt0.o
      1936        128          0          0          0        668   btod.o
        18          0          0          0          0         80   exit.o
         6          0          0          0          0        152   heapauxi.o
         0          0          0          0          0          0   indicate_semi.o
        44         10        272          0          0         76   lc_ctype_c.o
        44         10         28          0          0         76   lc_numeric_c.o
         2          0          0          0          0          0   libinit.o
        34          0          0          0          0          0   libinit2.o
         2          0          0          0          0          0   libshutdown.o
         2          0          0          0          0          0   libshutdown2.o
         8          4          0          0         96         68   libspace.o
       138          0          0          0          0         80   lludiv10.o
        16          4          0          0          0         76   rt_ctype_table.o
         8          4          0          0          0         68   rt_locale_intlibspace.o
         2          0          0          0          0          0   rtexit.o
        10          0          0          0          0          0   rtexit2.o
        44          6          0          0          0         84   sprintf.o
       124          0          0          0          0         88   strcmpv7em.o
        12          4          0          0          0         68   sys_exit.o
        74          0          0          0          0         80   sys_stackheap_outer.o
         2          0          0          0          0         68   use_no_semi.o
        26          0          0          0          0        116   fpinit.o
         4          0          0          0          0        116   printf1.o
         4          0          0          0          0        116   printf2.o
         0          0          0          0          0          0   usenofp.o
        48          0          0          0          0        124   fpclassify.o

    ----------------------------------------------------------------------
      6810        270        552          0         96       4324   Library Totals
        24          4          1          0          0          0   (incl. Padding)

    ----------------------------------------------------------------------

      Code (inc. data)   RO Data    RW Data    ZI Data      Debug   Library Name

      6704        266        551          0         96       3852   c_w.l
        34          0          0          0          0        348   fz_wm.l
        48          0          0          0          0        124   m_wm.l

    ----------------------------------------------------------------------
      6810        270        552          0         96       4324   Library Totals

    ----------------------------------------------------------------------

==============================================================================


      Code (inc. data)   RO Data    RW Data    ZI Data      Debug   

     12912        296       1148         36       1692      34484   Grand Totals
     12912        296       1148         36       1692      34484   ELF Image Totals
     12912        296       1148         36          0          0   ROM Totals

==============================================================================

    Total RO  Size (Code + RO Data)                14060 (  13.73kB)
    Total RW  Size (RW Data + ZI Data)              1728 (   1.69kB)
    Total ROM Size (Code + RO Data + RW Data)      14096 (  13.77kB)

==============================================================================

