Component: Arm Compiler for Embedded 6.18 Tool: armlink [5e4cc100]

==============================================================================

Section Cross References

    keypad.o(.text.init_keypad) refers to keypad.o(.data.R1_pin) for R1_pin
    keypad.o(.text.init_keypad) refers to keypad.o(.data.R2_pin) for R2_pin
    keypad.o(.text.init_keypad) refers to keypad.o(.data.R3_pin) for R3_pin
    keypad.o(.text.init_keypad) refers to keypad.o(.data.R4_pin) for R4_pin
    keypad.o(.text.init_keypad) refers to keypad.o(.data.C1_pin) for C1_pin
    keypad.o(.text.init_keypad) refers to keypad.o(.data.C2_pin) for C2_pin
    keypad.o(.text.init_keypad) refers to keypad.o(.data.C3_pin) for C3_pin
    keypad.o(.text.init_keypad) refers to keypad.o(.text.r_output) for r_output
    keypad.o(.ARM.exidx.text.init_keypad) refers to keypad.o(.text.init_keypad) for [Anonymous Symbol]
    keypad.o(.text.r_output) refers to keypad.o(.data.C1_pin) for C1_pin
    keypad.o(.text.r_output) refers to keypad.o(.data.C2_pin) for C2_pin
    keypad.o(.text.r_output) refers to keypad.o(.data.C3_pin) for C3_pin
    keypad.o(.text.r_output) refers to keypad.o(.data.R1_pin) for R1_pin
    keypad.o(.text.r_output) refers to keypad.o(.data.R2_pin) for R2_pin
    keypad.o(.text.r_output) refers to keypad.o(.data.R3_pin) for R3_pin
    keypad.o(.text.r_output) refers to keypad.o(.data.R4_pin) for R4_pin
    keypad.o(.ARM.exidx.text.r_output) refers to keypad.o(.text.r_output) for [Anonymous Symbol]
    keypad.o(.text.c_output) refers to keypad.o(.data.R1_pin) for R1_pin
    keypad.o(.text.c_output) refers to keypad.o(.data.R2_pin) for R2_pin
    keypad.o(.text.c_output) refers to keypad.o(.data.R3_pin) for R3_pin
    keypad.o(.text.c_output) refers to keypad.o(.data.R4_pin) for R4_pin
    keypad.o(.text.c_output) refers to keypad.o(.data.C1_pin) for C1_pin
    keypad.o(.text.c_output) refers to keypad.o(.data.C2_pin) for C2_pin
    keypad.o(.text.c_output) refers to keypad.o(.data.C3_pin) for C3_pin
    keypad.o(.ARM.exidx.text.c_output) refers to keypad.o(.text.c_output) for [Anonymous Symbol]
    keypad.o(.text.read_entry_C1) refers to keypad.o(.text.c_output) for c_output
    keypad.o(.text.read_entry_C1) refers to keypad.o(.data.R1_pin) for R1_pin
    keypad.o(.text.read_entry_C1) refers to keypad.o(.data.R2_pin) for R2_pin
    keypad.o(.text.read_entry_C1) refers to keypad.o(.data.R3_pin) for R3_pin
    keypad.o(.text.read_entry_C1) refers to keypad.o(.data.R4_pin) for R4_pin
    keypad.o(.ARM.exidx.text.read_entry_C1) refers to keypad.o(.text.read_entry_C1) for [Anonymous Symbol]
    keypad.o(.text.read_entry_C2) refers to keypad.o(.text.c_output) for c_output
    keypad.o(.text.read_entry_C2) refers to keypad.o(.data.R1_pin) for R1_pin
    keypad.o(.text.read_entry_C2) refers to keypad.o(.data.R2_pin) for R2_pin
    keypad.o(.text.read_entry_C2) refers to keypad.o(.data.R3_pin) for R3_pin
    keypad.o(.text.read_entry_C2) refers to keypad.o(.data.R4_pin) for R4_pin
    keypad.o(.ARM.exidx.text.read_entry_C2) refers to keypad.o(.text.read_entry_C2) for [Anonymous Symbol]
    keypad.o(.text.read_entry_C3) refers to keypad.o(.text.c_output) for c_output
    keypad.o(.text.read_entry_C3) refers to keypad.o(.data.R1_pin) for R1_pin
    keypad.o(.text.read_entry_C3) refers to keypad.o(.data.R2_pin) for R2_pin
    keypad.o(.text.read_entry_C3) refers to keypad.o(.data.R3_pin) for R3_pin
    keypad.o(.text.read_entry_C3) refers to keypad.o(.data.R4_pin) for R4_pin
    keypad.o(.ARM.exidx.text.read_entry_C3) refers to keypad.o(.text.read_entry_C3) for [Anonymous Symbol]
    keypad.o(.text.wait) refers to keypad.o(.text.r_output) for r_output
    keypad.o(.text.wait) refers to keypad.o(.data.C1_pin) for C1_pin
    keypad.o(.text.wait) refers to keypad.o(.text.read_entry_C1) for read_entry_C1
    keypad.o(.text.wait) refers to keypad.o(.data.C2_pin) for C2_pin
    keypad.o(.text.wait) refers to keypad.o(.text.read_entry_C2) for read_entry_C2
    keypad.o(.text.wait) refers to keypad.o(.data.C3_pin) for C3_pin
    keypad.o(.text.wait) refers to keypad.o(.text.read_entry_C3) for read_entry_C3
    keypad.o(.ARM.exidx.text.wait) refers to keypad.o(.text.wait) for [Anonymous Symbol]
    lcd.o(.ARM.exidx.text.LCD_port_init) refers to lcd.o(.text.LCD_port_init) for [Anonymous Symbol]
    lcd.o(.ARM.exidx.text.delay) refers to lcd.o(.text.delay) for [Anonymous Symbol]
    lcd.o(.ARM.exidx.text.delay_short) refers to lcd.o(.text.delay_short) for [Anonymous Symbol]
    lcd.o(.text.send_four) refers to lcd.o(.text.clear_PIN) for clear_PIN
    lcd.o(.text.send_four) refers to lcd.o(.text.set_PIN) for set_PIN
    lcd.o(.text.send_four) refers to lcd.o(.text.delay) for delay
    lcd.o(.ARM.exidx.text.send_four) refers to lcd.o(.text.send_four) for [Anonymous Symbol]
    lcd.o(.ARM.exidx.text.clear_PIN) refers to lcd.o(.text.clear_PIN) for [Anonymous Symbol]
    lcd.o(.ARM.exidx.text.set_PIN) refers to lcd.o(.text.set_PIN) for [Anonymous Symbol]
[...]
    ../clib/printf.c                         0x00000000   Number         0  _printf_oct_ll.o ABSOLUTE
    ../clib/printf.c                         0x00000000   Number         0  _printf_oct_int.o ABSOLUTE
    ../clib/printf.c                         0x00000000   Number         0  _printf_oct_int_ll.o ABSOLUTE
    ../clib/printf.c                         0x00000000   Number         0  _printf_hex_ll.o ABSOLUTE
    ../clib/printf.c                         0x00000000   Number         0  _printf_hex_int.o ABSOLUTE
    ../clib/printf.c                         0x00000000   Number         0  _printf_hex_int_ll.o ABSOLUTE
    ../clib/printf.c                         0x00000000   Number         0  _printf_hex_ptr.o ABSOLUTE
    ../clib/printf.c                         0x00000000   Number         0  _printf_hex_int_ptr.o ABSOLUTE
    ../clib/printf.c                         0x00000000   Number         0  _printf_hex_ll_ptr.o ABSOLUTE
    ../clib/printf.c                         0x00000000   Number         0  _printf_hex_int_ll_ptr.o ABSOLUTE
    ../clib/printf.c                         0x00000000   Number         0  __printf_flags.o ABSOLUTE
    ../clib/printf.c                         0x00000000   Number         0  __printf_ss.o ABSOLUTE
    ../clib/printf.c                         0x00000000   Number         0  __printf_flags_ss.o ABSOLUTE
    ../clib/printf.c                         0x00000000   Number         0  __printf_wp.o ABSOLUTE
    ../clib/printf.c                         0x00000000   Number         0  __printf_flags_wp.o ABSOLUTE
    ../clib/printf.c                         0x00000000   Number         0  __printf_ss_wp.o ABSOLUTE
    ../clib/printf.c                         0x00000000   Number         0  __printf_flags_ss_wp.o ABSOLUTE
    ../clib/printf.c                         0x00000000   Number         0  _printf_intcommon.o ABSOLUTE
    ../clib/printf.c                         0x00000000   Number         0  _printf_fp_dec.o ABSOLUTE
    ../clib/printf.c                         0x00000000   Number         0  _printf_fp_dec_accurate.o ABSOLUTE
    ../clib/printf.c                         0x00000000   Number         0  _printf_fp_hex.o ABSOLUTE
    ../clib/printf.c                         0x00000000   Number         0  __printf_nopercent.o ABSOLUTE
    ../clib/printf.c                         0x00000000   Number         0  _printf_char.o ABSOLUTE
    ../clib/printf.c                         0x00000000   Number         0  _printf_wchar.o ABSOLUTE
    ../clib/printf.c                         0x00000000   Number         0  _printf_fp_infnan.o ABSOLUTE
    ../clib/printf_percent.s                 0x00000000   Number         0  _printf_c.o ABSOLUTE
    ../clib/printf_percent.s                 0x00000000   Number         0  _printf_s.o ABSOLUTE
    ../clib/printf_percent.s                 0x00000000   Number         0  _printf_n.o ABSOLUTE
    ../clib/printf_percent.s                 0x00000000   Number         0  _printf_x.o ABSOLUTE
    ../clib/printf_percent.s                 0x00000000   Number         0  _printf_p.o ABSOLUTE
    ../clib/printf_percent.s                 0x00000000   Number         0  _printf_o.o ABSOLUTE
    ../clib/printf_percent.s                 0x00000000   Number         0  _printf_i.o ABSOLUTE
    ../clib/printf_percent.s                 0x00000000   Number         0  _printf_d.o ABSOLUTE
    ../clib/printf_percent.s                 0x00000000   Number         0  _printf_u.o ABSOLUTE
    ../clib/printf_percent.s                 0x00000000   Number         0  _printf_f.o ABSOLUTE
    ../clib/printf_percent.s                 0x00000000   Number         0  _printf_e.o ABSOLUTE
    ../clib/printf_percent.s                 0x00000000   Number         0  _printf_g.o ABSOLUTE
    ../clib/printf_percent.s                 0x00000000   Number         0  _printf_a.o ABSOLUTE
    ../clib/printf_percent.s                 0x00000000   Number         0  _printf_percent.o ABSOLUTE
    ../clib/printf_percent.s                 0x00000000   Number         0  _printf_lli.o ABSOLUTE
    ../clib/printf_percent.s                 0x00000000   Number         0  _printf_lld.o ABSOLUTE
    ../clib/printf_percent.s                 0x00000000   Number         0  _printf_llu.o ABSOLUTE
    ../clib/printf_percent.s                 0x00000000   Number         0  _printf_ll.o ABSOLUTE
    ../clib/printf_percent.s                 0x00000000   Number         0  _printf_l.o ABSOLUTE
    ../clib/printf_percent.s                 0x00000000   Number         0  _printf_lc.o ABSOLUTE
    ../clib/printf_percent.s                 0x00000000   Number         0  _printf_ls.o ABSOLUTE
    ../clib/printf_percent.s                 0x00000000   Number         0  _printf_llo.o ABSOLUTE
    ../clib/printf_percent.s                 0x00000000   Number         0  _printf_llx.o ABSOLUTE
    ../clib/printf_percent.s                 0x00000000   Number         0  _printf_percent_end.o ABSOLUTE
    ../clib/signal.c                         0x00000000   Number         0  defsig_rtmem_outer.o ABSOLUTE
    ../clib/signal.c                         0x00000000   Number         0  defsig_rtmem_formal.o ABSOLUTE
    ../clib/signal.c                         0x00000000   Number         0  defsig_exit.o ABSOLUTE
    ../clib/signal.c                         0x00000000   Number         0  defsig_rtmem_inner.o ABSOLUTE
    ../clib/signal.c                         0x00000000   Number         0  __raise.o ABSOLUTE
    ../clib/signal.c                         0x00000000   Number         0  defsig_general.o ABSOLUTE
    ../clib/signal.c                         0x00000000   Number         0  defsig_abrt_inner.o ABSOLUTE
    ../clib/signal.c                         0x00000000   Number         0  defsig_fpe_inner.o ABSOLUTE
    ../clib/signal.c                         0x00000000   Number         0  defsig_rtred_inner.o ABSOLUTE
    ../clib/signal.c                         0x00000000   Number         0  defsig_stak_inner.o ABSOLUTE
    ../clib/signal.c                         0x00000000   Number         0  defsig_pvfn_inner.o ABSOLUTE
    ../clib/signal.c                         0x00000000   Number         0  defsig_cppl_inner.o ABSOLUTE
    ../clib/signal.c                         0x00000000   Number         0  defsig_segv_inner.o ABSOLUTE
    ../clib/signal.c                         0x00000000   Number         0  defsig_other.o ABSOLUTE
    ../clib/signal.s                         0x00000000   Number         0  defsig.o ABSOLUTE
    ../clib/stdlib.c                         0x00000000   Number         0  exit.o ABSOLUTE
    ../fplib/fpinit.s                        0x00000000   Number         0  fpinit.o ABSOLUTE
    ../fplib/istatus.s                       0x00000000   Number         0  istatus.o ABSOLUTE
    ../fplib/printf1.s                       0x00000000   Number         0  printf1.o ABSOLUTE
    ../fplib/printf2.s                       0x00000000   Number         0  printf2.o ABSOLUTE
    ../fplib/printf2a.s                      0x00000000   Number         0  printf2a.o ABSOLUTE
    ../fplib/printf2b.s                      0x00000000   Number         0  printf2b.o ABSOLUTE
    ../fplib/usenofp.s                       0x00000000   Number         0  usenofp.o ABSOLUTE
    ../mathlib/fpclassify.c                  0x00000000   Number         0  fpclassify.o ABSOLUTE
    LCD.c                                    0x00000000   Number         0  lcd.o ABSOLUTE
    RTE/Device/STM32F407VGTx/startup_stm32f407xx.s 0x00000000   Number         0  startup_stm32f407xx.o ABSOLUTE
    dc.s                                     0x00000000   Number         0  dc.o ABSOLUTE
    keypad.c                                 0x00000000   Number         0  keypad.o ABSOLUTE
    main.c                                   0x00000000   Number         0  main.o ABSOLUTE
    stepperMoter.c                           0x00000000   Number         0  steppermoter.o ABSOLUTE
    system_stm32f4xx.c                       0x00000000   Number         0  system_stm32f4xx.o ABSOLUTE
    RESET                                    0x08000000   Section      392  startup_stm32f407xx.o(RESET)
    !!!main                                  0x08000188   Section        8  __main.o(!!!main)
    !!!scatter                               0x08000190   Section       52  __scatter.o(!!!scatter)
    !!handler_copy                           0x080001c4   Section       26  __scatter_copy.o(!!handler_copy)
    !!handler_zi                             0x080001e0   Section       28  __scatter_zi.o(!!handler_zi)
    .ARM.Collect$$_printf_percent$$00000000  0x080001fc   Section        0  _printf_percent.o(.ARM.Collect$$_printf_percent$$00000000)
    .ARM.Collect$$_printf_percent$$00000001  0x080001fc   Section        6  _printf_n.o(.ARM.Collect$$_printf_percent$$00000001)
    .ARM.Collect$$_printf_percent$$00000002  0x08000202   Section        6  _printf_p.o(.ARM.Collect$$_printf_percent$$00000002)
    .ARM.Collect$$_printf_percent$$00000003  0x08000208   Section        6  _printf_f.o(.ARM.Collect$$_printf_percent$$00000003)
    .ARM.Collect$$_printf_percent$$00000004  0x0800020e   Section        6  _printf_e.o(.ARM.Collect$$_printf_percent$$00000004)
    .ARM.Collect$$_printf_percent$$00000005  0x08000214   Section        6  _printf_g.o(.ARM.Collect$$_printf_percent$$00000005)
    .ARM.Collect$$_printf_percent$$00000006  0x0800021a   Section        6  _printf_a.o(.ARM.Collect$$_printf_percent$$00000006)
    .ARM.Collect$$_printf_percent$$00000007  0x08000220   Section       10  _printf_ll.o(.ARM.Collect$$_printf_percent$$00000007)
    .ARM.Collect$$_printf_percent$$00000008  0x0800022a   Section        6  _printf_i.o(.ARM.Collect$$_printf_percent$$00000008)
    .ARM.Collect$$_printf_percent$$00000009  0x08000230   Section        6  _printf_d.o(.ARM.Collect$$_printf_percent$$00000009)
    .ARM.Collect$$_printf_percent$$0000000A  0x08000236   Section        6  _printf_u.o(.ARM.Collect$$_printf_percent$$0000000A)
    .ARM.Collect$$_printf_percent$$0000000B  0x0800023c   Section        6  _printf_o.o(.ARM.Collect$$_printf_percent$$0000000B)
    .ARM.Collect$$_printf_percent$$0000000C  0x08000242   Section        6  _printf_x.o(.ARM.Collect$$_printf_percent$$0000000C)
    .ARM.Collect$$_printf_percent$$0000000D  0x08000248   Section        6  _printf_lli.o(.ARM.Collect$$_printf_percent$$0000000D)
    .ARM.Collect$$_printf_percent$$0000000E  0x0800024e   Section        6  _printf_lld.o(.ARM.Collect$$_printf_percent$$0000000E)
    .ARM.Collect$$_printf_percent$$0000000F  0x08000254   Section        6  _printf_llu.o(.ARM.Collect$$_printf_percent$$0000000F)
    .ARM.Collect$$_printf_percent$$00000010  0x0800025a   Section        6  _printf_llo.o(.ARM.Collect$$_printf_percent$$00000010)
    .ARM.Collect$$_printf_percent$$00000011  0x08000260   Section        6  _printf_llx.o(.ARM.Collect$$_printf_percent$$00000011)
    .ARM.Collect$$_printf_percent$$00000012  0x08000266   Section       10  _printf_l.o(.ARM.Collect$$_printf_percent$$00000012)
    .ARM.Collect$$_printf_percent$$00000013  0x08000270   Section        6  _printf_c.o(.ARM.Collect$$_printf_percent$$00000013)
    .ARM.Collect$$_printf_percent$$00000014  0x08000276   Section        6  _printf_s.o(.ARM.Collect$$_printf_percent$$00000014)
    .ARM.Collect$$_printf_percent$$00000015  0x0800027c   Section        6  _printf_lc.o(.ARM.Collect$$_printf_percent$$00000015)
    .ARM.Collect$$_printf_percent$$00000016  0x08000282   Section        6  _printf_ls.o(.ARM.Collect$$_printf_percent$$00000016)
    .ARM.Collect$$_printf_percent$$00000017  0x08000288   Section        4  _printf_percent_end.o(.ARM.Collect$$_printf_percent$$00000017)
    .ARM.Collect$$libinit$$00000000          0x0800028c   Section        2  libinit.o(.ARM.Collect$$libinit$$00000000)
    .ARM.Collect$$libinit$$00000001          0x0800028e   Section        4  libinit2.o(.ARM.Collect$$libinit$$00000001)
    .ARM.Collect$$libinit$$00000004          0x08000292   Section        0  libinit2.o(.ARM.Collect$$libinit$$00000004)
    .ARM.Collect$$libinit$$00000006          0x08000292   Section        0  libinit2.o(.ARM.Collect$$libinit$$00000006)
    .ARM.Collect$$libinit$$0000000C          0x08000292   Section        0  libinit2.o(.ARM.Collect$$libinit$$0000000C)
    .ARM.Collect$$libinit$$0000000E          0x08000292   Section        0  libinit2.o(.ARM.Collect$$libinit$$0000000E)
    .ARM.Collect$$libinit$$00000010          0x08000292   Section        0  libinit2.o(.ARM.Collect$$libinit$$00000010)
    .ARM.Collect$$libinit$$00000011          0x08000292   Section        6  libinit2.o(.ARM.Collect$$libinit$$00000011)
    .ARM.Collect$$libinit$$00000013          0x08000298   Section        0  libinit2.o(.ARM.Collect$$libinit$$00000013)
    .ARM.Collect$$libinit$$00000014          0x08000298   Section       12  libinit2.o(.ARM.Collect$$libinit$$00000014)
    .ARM.Collect$$libinit$$00000015          0x080002a4   Section        0  libinit2.o(.ARM.Collect$$libinit$$00000015)
    .ARM.Collect$$libinit$$00000017          0x080002a4   Section        0  libinit2.o(.ARM.Collect$$libinit$$00000017)
    .ARM.Collect$$libinit$$00000018          0x080002a4   Section       10  libinit2.o(.ARM.Collect$$libinit$$00000018)
    .ARM.Collect$$libinit$$00000019          0x080002ae   Section        0  libinit2.o(.ARM.Collect$$libinit$$00000019)
    .ARM.Collect$$libinit$$0000001B          0x080002ae   Section        0  libinit2.o(.ARM.Collect$$libinit$$0000001B)
    .ARM.Collect$$libinit$$0000001D          0x080002ae   Section        0  libinit2.o(.ARM.Collect$$libinit$$0000001D)
    .ARM.Collect$$libinit$$0000001F          0x080002ae   Section        0  libinit2.o(.ARM.Collect$$libinit$$0000001F)
    .ARM.Collect$$libinit$$00000021          0x080002ae   Section        0  libinit2.o(.ARM.Collect$$libinit$$00000021)
    .ARM.Collect$$libinit$$00000023          0x080002ae   Section        0  libinit2.o(.ARM.Collect$$libinit$$00000023)
    .ARM.Collect$$libinit$$00000025          0x080002ae   Section        0  libinit2.o(.ARM.Collect$$libinit$$00000025)
    .ARM.Collect$$libinit$$00000027          0x080002ae   Section        0  libinit2.o(.ARM.Collect$$libinit$$00000027)
    .ARM.Collect$$libinit$$0000002E          0x080002ae   Section        0  libinit2.o(.ARM.Collect$$libinit$$0000002E)
    .ARM.Collect$$libinit$$00000030          0x080002ae   Section        0  libinit2.o(.ARM.Collect$$libinit$$00000030)
    .ARM.Collect$$libinit$$00000032          0x080002ae   Section        0  libinit2.o(.ARM.Collect$$libinit$$00000032)
    .ARM.Collect$$libinit$$00000034          0x080002ae   Section        0  libinit2.o(.ARM.Collect$$libinit$$00000034)
    .ARM.Collect$$libinit$$00000035          0x080002ae   Section        2  libinit2.o(.ARM.Collect$$libinit$$00000035)
    .ARM.Collect$$libshutdown$$00000000      0x080002b0   Section        2  libshutdown.o(.ARM.Collect$$libshutdown$$00000000)
    .ARM.Collect$$libshutdown$$00000002      0x080002b2   Section        0  libshutdown2.o(.ARM.Collect$$libshutdown$$00000002)
    .ARM.Collect$$libshutdown$$00000004      0x080002b2   Section        0  libshutdown2.o(.ARM.Collect$$libshutdown$$00000004)
    .ARM.Collect$$libshutdown$$00000007      0x080002b2   Section        0  libshutdown2.o(.ARM.Collect$$libshutdown$$00000007)
    .ARM.Collect$$libshutdown$$0000000A      0x080002b2   Section        0  libshutdown2.o(.ARM.Collect$$libshutdown$$0000000A)
    .ARM.Collect$$libshutdown$$0000000C      0x080002b2   Section        0  libshutdown2.o(.ARM.Collect$$libshutdown$$0000000C)
    .ARM.Collect$$libshutdown$$0000000F      0x080002b2   Section        0  libshutdown2.o(.ARM.Collect$$libshutdown$$0000000F)
    .ARM.Collect$$libshutdown$$00000010      0x080002b2   Section        2  libshutdown2.o(.ARM.Collect$$libshutdown$$00000010)
    .ARM.Collect$$rtentry$$00000000          0x080002b4   Section        0  __rtentry.o(.ARM.Collect$$rtentry$$00000000)
    .ARM.Collect$$rtentry$$00000002          0x080002b4   Section        0  __rtentry2.o(.ARM.Collect$$rtentry$$00000002)
    .ARM.Collect$$rtentry$$00000004          0x080002b4   Section        6  __rtentry4.o(.ARM.Collect$$rtentry$$00000004)
    .ARM.Collect$$rtentry$$00000009          0x080002ba   Section        0  __rtentry2.o(.ARM.Collect$$rtentry$$00000009)
    .ARM.Collect$$rtentry$$0000000A          0x080002ba   Section        4  __rtentry2.o(.ARM.Collect$$rtentry$$0000000A)
    .ARM.Collect$$rtentry$$0000000C          0x080002be   Section        0  __rtentry2.o(.ARM.Collect$$rtentry$$0000000C)
    .ARM.Collect$$rtentry$$0000000D          0x080002be   Section        8  __rtentry2.o(.ARM.Collect$$rtentry$$0000000D)
    .ARM.Collect$$rtexit$$00000000           0x080002c6   Section        2  rtexit.o(.ARM.Collect$$rtexit$$00000000)
    .ARM.Collect$$rtexit$$00000002           0x080002c8   Section        0  rtexit2.o(.ARM.Collect$$rtexit$$00000002)
    .ARM.Collect$$rtexit$$00000003           0x080002c8   Section        4  rtexit2.o(.ARM.Collect$$rtexit$$00000003)
    .ARM.Collect$$rtexit$$00000004           0x080002cc   Section        6  rtexit2.o(.ARM.Collect$$rtexit$$00000004)
    $v0                                      0x080002d4   Number         0  startup_stm32f407xx.o(.text)
    .text                                    0x080002d4   Section       64  startup_stm32f407xx.o(.text)
    .text                                    0x08000314   Section        0  sprintf.o(.text)
    .text                                    0x08000340   Section        0  heapauxi.o(.text)
    .text                                    0x08000346   Section        0  _printf_pad.o(.text)
    .text                                    0x08000394   Section        0  _printf_truncate.o(.text)
    .text                                    0x080003b8   Section        0  _printf_str.o(.text)
    .text                                    0x0800040c   Section        0  _printf_dec.o(.text)
    .text                                    0x08000484   Section        0  _printf_charcount.o(.text)
    _printf_input_char                       0x080004ad   Thumb Code    10  _printf_char_common.o(.text)
    .text                                    0x080004ac   Section        0  _printf_char_common.o(.text)
    .text                                    0x080004dc   Section        0  _sputc.o(.text)
    .text                                    0x080004e8   Section        0  _printf_wctomb.o(.text)
    .text                                    0x080005a4   Section        0  _printf_longlong_dec.o(.text)
    _printf_longlong_oct_internal            0x08000621   Thumb Code     0  _printf_oct_int_ll.o(.text)
    .text                                    0x08000620   Section        0  _printf_oct_int_ll.o(.text)
    _printf_hex_common                       0x08000691   Thumb Code     0  _printf_hex_int_ll_ptr.o(.text)
    .text                                    0x08000690   Section        0  _printf_hex_int_ll_ptr.o(.text)
    .text                                    0x08000724   Section        0  __printf_flags_ss_wp.o(.text)
    .text                                    0x080008ac   Section      138  lludiv10.o(.text)
    .text                                    0x08000936   Section        0  _printf_intcommon.o(.text)
    _fp_digits                               0x080009e9   Thumb Code   432  _printf_fp_dec.o(.text)
    .text                                    0x080009e8   Section        0  _printf_fp_dec.o(.text)
    .text                                    0x08000e04   Section        0  _printf_fp_hex.o(.text)
    .text                                    0x08001100   Section        0  _printf_char.o(.text)
    .text                                    0x0800112c   Section        0  _printf_wchar.o(.text)
    .text                                    0x08001158   Section        0  _c16rtomb.o(.text)
    .text                                    0x080011a0   Section       74  sys_stackheap_outer.o(.text)
    .text                                    0x080011ec   Section       16  rt_ctype_table.o(.text)
    .text                                    0x080011fc   Section        8  rt_locale_intlibspace.o(.text)
    .text                                    0x08001204   Section        0  _printf_fp_infnan.o(.text)
    .text                                    0x08001284   Section        0  bigflt0.o(.text)
    .text                                    0x08001368   Section        0  exit.o(.text)
    .text                                    0x0800137c   Section        8  libspace.o(.text)
    .text                                    0x08001388   Section      124  strcmpv7em.o(.text)
    .text                                    0x08001404   Section        0  sys_exit.o(.text)
    .text                                    0x08001410   Section        2  use_no_semi.o(.text)
    .text                                    0x08001412   Section        0  indicate_semi.o(.text)
    [Anonymous Symbol]                       0x08001414   Section        0  lcd.o(.text.LCD_clear)
    [Anonymous Symbol]                       0x0800143c   Section        0  lcd.o(.text.LCD_init)
    [Anonymous Symbol]                       0x080014a4   Section        0  lcd.o(.text.LCD_int)
    [Anonymous Symbol]                       0x080014c8   Section        0  lcd.o(.text.LCD_port_init)
    [Anonymous Symbol]                       0x08001508   Section        0  lcd.o(.text.LCD_sendData)
    [Anonymous Symbol]                       0x08001588   Section        0  lcd.o(.text.LCD_str)
    [Anonymous Symbol]                       0x080015b8   Section        0  system_stm32f4xx.o(.text.SystemInit)
    [Anonymous Symbol]                       0x08001628   Section        0  keypad.o(.text.c_output)
    [Anonymous Symbol]                       0x08001764   Section        0  lcd.o(.text.check_BF)
    [Anonymous Symbol]                       0x080017bc   Section        0  lcd.o(.text.clear_PIN)
    [Anonymous Symbol]                       0x080017dc   Section        0  lcd.o(.text.delay)
    [Anonymous Symbol]                       0x08001804   Section        0  lcd.o(.text.display_cursor_blink_on)
    [Anonymous Symbol]                       0x08001814   Section        0  keypad.o(.text.init_keypad)
    [Anonymous Symbol]                       0x080018c4   Section        0  main.o(.text.main)
    [Anonymous Symbol]                       0x08001b8c   Section        0  steppermoter.o(.text.motor_delay)
    [Anonymous Symbol]                       0x08001bb0   Section        0  lcd.o(.text.place_lcd_cursor_1)
    [Anonymous Symbol]                       0x08001bc0   Section        0  lcd.o(.text.place_lcd_cursor_2)
    [Anonymous Symbol]                       0x08001bd0   Section        0  keypad.o(.text.r_output)
    [Anonymous Symbol]                       0x08001d9c   Section        0  keypad.o(.text.read_entry_C1)
    [Anonymous Symbol]                       0x08001e48   Section        0  keypad.o(.text.read_entry_C2)
    [Anonymous Symbol]                       0x08001ef4   Section        0  keypad.o(.text.read_entry_C3)
    [Anonymous Symbol]                       0x08001fa0   Section        0  lcd.o(.text.send_four)
    [Anonymous Symbol]                       0x08001fe8   Section        0  lcd.o(.text.set_PIN)
    [Anonymous Symbol]                       0x08002008   Section        0  steppermoter.o(.text.unlock_safe)
    [Anonymous Symbol]                       0x080020b8   Section        0  keypad.o(.text.wait)
    [Anonymous Symbol]                       0x08002144   Section        0  main.o(.text.wait_for_input)
    CL$$btod_d2e                             0x080021c8   Section       62  btod.o(CL$$btod_d2e)
    CL$$btod_d2e_denorm_low                  0x08002206   Section       70  btod.o(CL$$btod_d2e_denorm_low)
    CL$$btod_d2e_norm_op1                    0x0800224c   Section       96  btod.o(CL$$btod_d2e_norm_op1)
    CL$$btod_div_common                      0x080022ac   Section      824  btod.o(CL$$btod_div_common)
    CL$$btod_e2e                             0x080025e4   Section      220  btod.o(CL$$btod_e2e)
    CL$$btod_ediv                            0x080026c0   Section       42  btod.o(CL$$btod_ediv)
    CL$$btod_emul                            0x080026ea   Section       42  btod.o(CL$$btod_emul)
    CL$$btod_mult_common                     0x08002714   Section      580  btod.o(CL$$btod_mult_common)
    i.__ARM_fpclassify                       0x08002958   Section        0  fpclassify.o(i.__ARM_fpclassify)
    i._is_digit                              0x08002988   Section        0  __printf_wp.o(i._is_digit)
    locale$$code                             0x08002998   Section       44  lc_numeric_c.o(locale$$code)
    locale$$code                             0x080029c4   Section       44  lc_ctype_c.o(locale$$code)
    $v0                                      0x080029f0   Number         0  fpinit.o(x$fpl$fpinit)
    x$fpl$fpinit                             0x080029f0   Section       26  fpinit.o(x$fpl$fpinit)
    $v0                                      0x08002a0a   Number         0  printf1.o(x$fpl$printf1)
    x$fpl$printf1                            0x08002a0a   Section        4  printf1.o(x$fpl$printf1)
    $v0                                      0x08002a0e   Number         0  printf2.o(x$fpl$printf2)
    x$fpl$printf2                            0x08002a0e   Section        4  printf2.o(x$fpl$printf2)
    x$fpl$usenofp                            0x08002a12   Section        0  usenofp.o(x$fpl$usenofp)
    initial_mbstate                          0x08002a14   Data           8  _printf_wctomb.o(.constdata)
    .constdata                               0x08002a14   Section        8  _printf_wctomb.o(.constdata)
    uc_hextab                                0x08002a1c   Data          20  _printf_hex_int_ll_ptr.o(.constdata)
    .constdata                               0x08002a1c   Section       40  _printf_hex_int_ll_ptr.o(.constdata)
    lc_hextab                                0x08002a30   Data          20  _printf_hex_int_ll_ptr.o(.constdata)
    maptable                                 0x08002a44   Data          17  __printf_flags_ss_wp.o(.constdata)
    .constdata                               0x08002a44   Section       17  __printf_flags_ss_wp.o(.constdata)
    lc_hextab                                0x08002a55   Data          19  _printf_fp_hex.o(.constdata)
    .constdata                               0x08002a55   Section       38  _printf_fp_hex.o(.constdata)
    uc_hextab                                0x08002a68   Data          19  _printf_fp_hex.o(.constdata)
    tenpwrs_x                                0x08002a7c   Data          60  bigflt0.o(.constdata)
    .constdata                               0x08002a7c   Section      148  bigflt0.o(.constdata)
    tenpwrs_i                                0x08002ab8   Data          64  bigflt0.o(.constdata)
    .L.str                                   0x08002b10   Data          36  lcd.o(.rodata.str1.1)
    [Anonymous Symbol]                       0x08002b10   Section        0  lcd.o(.rodata.str1.1)
    .L.str.5                                 0x08002b18   Data          28  lcd.o(.rodata.str1.1)
    .L.str.1                                 0x08002b34   Data           3  lcd.o(.rodata.str1.1)
    .L.str                                   0x08002b37   Data          13  main.o(.rodata.str1.1)
    .L.str.2                                 0x08002b37   Data           3  lcd.o(.rodata.str1.1)
    [Anonymous Symbol]                       0x08002b37   Section        0  main.o(.rodata.str1.1)
    .L.str.2                                 0x08002b44   Data          19  main.o(.rodata.str1.1)
    .L.str.3                                 0x08002b57   Data          15  main.o(.rodata.str1.1)
    .L.str.6                                 0x08002b66   Data          17  main.o(.rodata.str1.1)
    .L.str.4                                 0x08002b77   Data          16  main.o(.rodata.str1.1)
    .L.str.1                                 0x08002b87   Data          15  main.o(.rodata.str1.1)
    locale$$data                             0x08002bb8   Section       28  lc_numeric_c.o(locale$$data)
    __lcnum_c_name                           0x08002bbc   Data           2  lc_numeric_c.o(locale$$data)
    __lcnum_c_start                          0x08002bc4   Data           0  lc_numeric_c.o(locale$$data)
    __lcnum_c_point                          0x08002bd0   Data           0  lc_numeric_c.o(locale$$data)
    __lcnum_c_thousands                      0x08002bd2   Data           0  lc_numeric_c.o(locale$$data)
    __lcnum_c_grouping                       0x08002bd3   Data           0  lc_numeric_c.o(locale$$data)
    __lcnum_c_end                            0x08002bd4   Data           0  lc_numeric_c.o(locale$$data)
    locale$$data                             0x08002bd4   Section      272  lc_ctype_c.o(locale$$data)
    __lcctype_c_name                         0x08002bd8   Data           2  lc_ctype_c.o(locale$$data)
    __lcctype_c_start                        0x08002be0   Data           0  lc_ctype_c.o(locale$$data)
    __lcctype_c_end                          0x08002ce4   Data           0  lc_ctype_c.o(locale$$data)
    C1_pin                                   0x20000000   Data           4  keypad.o(.data.C1_pin)
    [Anonymous Symbol]                       0x20000000   Section        0  keypad.o(.data.C1_pin)
    C2_pin                                   0x20000004   Data           4  keypad.o(.data.C2_pin)
    [Anonymous Symbol]                       0x20000004   Section        0  keypad.o(.data.C2_pin)
    C3_pin                                   0x20000008   Data           4  keypad.o(.data.C3_pin)
    [Anonymous Symbol]                       0x20000008   Section        0  keypad.o(.data.C3_pin)
    R1_pin                                   0x2000000c   Data           4  keypad.o(.data.R1_pin)
    [Anonymous Symbol]                       0x2000000c   Section        0  keypad.o(.data.R1_pin)
    R2_pin                                   0x20000010   Data           4  keypad.o(.data.R2_pin)
    [Anonymous Symbol]                       0x20000010   Section        0  keypad.o(.data.R2_pin)
    R3_pin                                   0x20000014   Data           4  keypad.o(.data.R3_pin)
    [Anonymous Symbol]                       0x20000014   Section        0  keypad.o(.data.R3_pin)
    R4_pin                                   0x20000018   Data           4  keypad.o(.data.R4_pin)
    [Anonymous Symbol]                       0x20000018   Section        0  keypad.o(.data.R4_pin)
    .bss                                     0x20000020   Section       96  libspace.o(.bss)
    main.failed_attempts                     0x2000008c   Data           4  main.o(.bss.main.failed_attempts)
    [Anonymous Symbol]                       0x2000008c   Section        0  main.o(.bss.main.failed_attempts)
    Heap_Mem                                 0x20000098   Data         512  startup_stm32f407xx.o(HEAP)
    HEAP                                     0x20000098   Section      512  startup_stm32f407xx.o(HEAP)
    Stack_Mem                                0x20000298   Data        1024  startup_stm32f407xx.o(STACK)
    STACK                                    0x20000298   Section     1024  startup_stm32f407xx.o(STACK)
    __initial_sp                             0x20000698   Data           0  startup_stm32f407xx.o(STACK)

    Global Symbols

    Symbol Name                              Value     Ov Type        Size  Object(Section)

    BuildAttributes$$THM_ISAv4$E$P$D$K$B$S$7EM$VFPi3$EXTD16$VFPS$VFMA$PE$A:L22UL41UL21$X:L11$S22US41US21$IEEE1$IW$~IW$USESV6$~STKCKD$USESV7$~SHL$OTIME$ROPI$IEEEJ$EBA8$UX$STANDARDLIB$REQ8$PRES8$EABIv2 0x00000000   Number         0  anon$$obj.o ABSOLUTE
    _printf_flags                            0x00000000   Number         0  printf_stubs.o ABSOLUTE
    _printf_return_value                     0x00000000   Number         0  printf_stubs.o ABSOLUTE
    _printf_sizespec                         0x00000000   Number         0  printf_stubs.o ABSOLUTE
    _printf_widthprec                        0x00000000   Number         0  printf_stubs.o ABSOLUTE
    __ARM_exceptions_init                     - Undefined Weak Reference
    __alloca_initialize                       - Undefined Weak Reference
    __arm_preinit_                            - Undefined Weak Reference
    __arm_relocate_pie_                       - Undefined Weak Reference
    __cpp_initialize__aeabi_                  - Undefined Weak Reference
    __cxa_finalize                            - Undefined Weak Reference
    __sigvec_lookup                           - Undefined Weak Reference
    _atexit_init                              - Undefined Weak Reference
    _call_atexit_fns                          - Undefined Weak Reference
    _clock_init                               - Undefined Weak Reference
    _fp_trap_init                             - Undefined Weak Reference
    _fp_trap_shutdown                         - Undefined Weak Reference
    _get_lc_collate                           - Undefined Weak Reference
    _get_lc_monetary                          - Undefined Weak Reference
    _get_lc_time                              - Undefined Weak Reference
    _getenv_init                              - Undefined Weak Reference
    _handle_redirection                       - Undefined Weak Reference
    _init_alloc                               - Undefined Weak Reference
    _init_user_alloc                          - Undefined Weak Reference
    _initio                                   - Undefined Weak Reference
    _printf_mbtowc                            - Undefined Weak Reference
    _printf_wc                                - Undefined Weak Reference
    _rand_init                                - Undefined Weak Reference
    _signal_finish                            - Undefined Weak Reference
    _signal_init                              - Undefined Weak Reference
    _terminate_alloc                          - Undefined Weak Reference
    _terminate_user_alloc                     - Undefined Weak Reference
    _terminateio                              - Undefined Weak Reference
    __Vectors_Size                           0x00000188   Number         0  startup_stm32f407xx.o ABSOLUTE
    __Vectors                                0x08000000   Data           4  startup_stm32f407xx.o(RESET)
    __Vectors_End                            0x08000188   Data           0  startup_stm32f407xx.o(RESET)
    __main                                   0x08000189   Thumb Code     8  __main.o(!!!main)
    __scatterload                            0x08000191   Thumb Code     0  __scatter.o(!!!scatter)
    __scatterload_rt2                        0x08000191   Thumb Code    44  __scatter.o(!!!scatter)
    __scatterload_rt2_thumb_only             0x08000191   Thumb Code     0  __scatter.o(!!!scatter)
    __scatterload_null                       0x0800019f   Thumb Code     0  __scatter.o(!!!scatter)
    __scatterload_copy                       0x080001c5   Thumb Code    26  __scatter_copy.o(!!handler_copy)
    __scatterload_zeroinit                   0x080001e1   Thumb Code    28  __scatter_zi.o(!!handler_zi)
    _printf_n                                0x080001fd   Thumb Code     0  _printf_n.o(.ARM.Collect$$_printf_percent$$00000001)
    _printf_percent                          0x080001fd   Thumb Code     0  _printf_percent.o(.ARM.Collect$$_printf_percent$$00000000)
    _printf_p                                0x08000203   Thumb Code     0  _printf_p.o(.ARM.Collect$$_printf_percent$$00000002)
    _printf_f                                0x08000209   Thumb Code     0  _printf_f.o(.ARM.Collect$$_printf_percent$$00000003)
    _printf_e                                0x0800020f   Thumb Code     0  _printf_e.o(.ARM.Collect$$_printf_percent$$00000004)
    _printf_g                                0x08000215   Thumb Code     0  _printf_g.o(.ARM.Collect$$_printf_percent$$00000005)
    _printf_a                                0x0800021b   Thumb Code     0  _printf_a.o(.ARM.Collect$$_printf_percent$$00000006)
    _printf_ll                               0x08000221   Thumb Code     0  _printf_ll.o(.ARM.Collect$$_printf_percent$$00000007)
    _printf_i                                0x0800022b   Thumb Code     0  _printf_i.o(.ARM.Collect$$_printf_percent$$00000008)
    _printf_d                                0x08000231   Thumb Code     0  _printf_d.o(.ARM.Collect$$_printf_percent$$00000009)
    _printf_u                                0x08000237   Thumb Code     0  _printf_u.o(.ARM.Collect$$_printf_percent$$0000000A)
    _printf_o                                0x0800023d   Thumb Code     0  _printf_o.o(.ARM.Collect$$_printf_percent$$0000000B)
    _printf_x                                0x08000243   Thumb Code     0  _printf_x.o(.ARM.Collect$$_printf_percent$$0000000C)
    _printf_lli                              0x08000249   Thumb Code     0  _printf_lli.o(.ARM.Collect$$_printf_percent$$0000000D)
    _printf_lld                              0x0800024f   Thumb Code     0  _printf_lld.o(.ARM.Collect$$_printf_percent$$0000000E)
    _printf_llu                              0x08000255   Thumb Code     0  _printf_llu.o(.ARM.Collect$$_printf_percent$$0000000F)
    _printf_llo                              0x0800025b   Thumb Code     0  _printf_llo.o(.ARM.Collect$$_printf_percent$$00000010)
    _printf_llx                              0x08000261   Thumb Code     0  _printf_llx.o(.ARM.Collect$$_printf_percent$$00000011)
    _printf_l                                0x08000267   Thumb Code     0  _printf_l.o(.ARM.Collect$$_printf_percent$$00000012)
    _printf_c                                0x08000271   Thumb Code     0  _printf_c.o(.ARM.Collect$$_printf_percent$$00000013)
    _printf_s                                0x08000277   Thumb Code     0  _printf_s.o(.ARM.Collect$$_printf_percent$$00000014)
    _printf_lc                               0x0800027d   Thumb Code     0  _printf_lc.o(.ARM.Collect$$_printf_percent$$00000015)
    _printf_ls                               0x08000283   Thumb Code     0  _printf_ls.o(.ARM.Collect$$_printf_percent$$00000016)
    _printf_percent_end                      0x08000289   Thumb Code     0  _printf_percent_end.o(.ARM.Collect$$_printf_percent$$00000017)
    __rt_lib_init                            0x0800028d   Thumb Code     0  libinit.o(.ARM.Collect$$libinit$$00000000)
    __rt_lib_init_fp_1                       0x0800028f   Thumb Code     0  libinit2.o(.ARM.Collect$$libinit$$00000001)
    __rt_lib_init_heap_1                     0x08000293   Thumb Code     0  libinit2.o(.ARM.Collect$$libinit$$0000000C)
    __rt_lib_init_lc_common                  0x08000293   Thumb Code     0  libinit2.o(.ARM.Collect$$libinit$$00000011)
    __rt_lib_init_preinit_1                  0x08000293   Thumb Code     0  libinit2.o(.ARM.Collect$$libinit$$00000006)
    __rt_lib_init_rand_1                     0x08000293   Thumb Code     0  libinit2.o(.ARM.Collect$$libinit$$00000010)
    __rt_lib_init_relocate_pie_1             0x08000293   Thumb Code     0  libinit2.o(.ARM.Collect$$libinit$$00000004)
    __rt_lib_init_user_alloc_1               0x08000293   Thumb Code     0  libinit2.o(.ARM.Collect$$libinit$$0000000E)
    __rt_lib_init_lc_collate_1               0x08000299   Thumb Code     0  libinit2.o(.ARM.Collect$$libinit$$00000013)
    __rt_lib_init_lc_ctype_2                 0x08000299   Thumb Code     0  libinit2.o(.ARM.Collect$$libinit$$00000014)
    __rt_lib_init_lc_ctype_1                 0x080002a5   Thumb Code     0  libinit2.o(.ARM.Collect$$libinit$$00000015)
    __rt_lib_init_lc_monetary_1              0x080002a5   Thumb Code     0  libinit2.o(.ARM.Collect$$libinit$$00000017)
    __rt_lib_init_lc_numeric_2               0x080002a5   Thumb Code     0  libinit2.o(.ARM.Collect$$libinit$$00000018)
    __rt_lib_init_alloca_1                   0x080002af   Thumb Code     0  libinit2.o(.ARM.Collect$$libinit$$00000030)
    __rt_lib_init_argv_1                     0x080002af   Thumb Code     0  libinit2.o(.ARM.Collect$$libinit$$0000002E)
    __rt_lib_init_atexit_1                   0x080002af   Thumb Code     0  libinit2.o(.ARM.Collect$$libinit$$0000001D)
    __rt_lib_init_clock_1                    0x080002af   Thumb Code     0  libinit2.o(.ARM.Collect$$libinit$$00000023)
    __rt_lib_init_cpp_1                      0x080002af   Thumb Code     0  libinit2.o(.ARM.Collect$$libinit$$00000034)
    __rt_lib_init_exceptions_1               0x080002af   Thumb Code     0  libinit2.o(.ARM.Collect$$libinit$$00000032)
    __rt_lib_init_fp_trap_1                  0x080002af   Thumb Code     0  libinit2.o(.ARM.Collect$$libinit$$00000021)
    __rt_lib_init_getenv_1                   0x080002af   Thumb Code     0  libinit2.o(.ARM.Collect$$libinit$$00000025)
    __rt_lib_init_lc_numeric_1               0x080002af   Thumb Code     0  libinit2.o(.ARM.Collect$$libinit$$00000019)
    __rt_lib_init_lc_time_1                  0x080002af   Thumb Code     0  libinit2.o(.ARM.Collect$$libinit$$0000001B)
    __rt_lib_init_return                     0x080002af   Thumb Code     0  libinit2.o(.ARM.Collect$$libinit$$00000035)
    __rt_lib_init_signal_1                   0x080002af   Thumb Code     0  libinit2.o(.ARM.Collect$$libinit$$0000001F)
    __rt_lib_init_stdio_1                    0x080002af   Thumb Code     0  libinit2.o(.ARM.Collect$$libinit$$00000027)
    __rt_lib_shutdown                        0x080002b1   Thumb Code     0  libshutdown.o(.ARM.Collect$$libshutdown$$00000000)
    __rt_lib_shutdown_cpp_1                  0x080002b3   Thumb Code     0  libshutdown2.o(.ARM.Collect$$libshutdown$$00000002)
    __rt_lib_shutdown_fp_trap_1              0x080002b3   Thumb Code     0  libshutdown2.o(.ARM.Collect$$libshutdown$$00000007)
    __rt_lib_shutdown_heap_1                 0x080002b3   Thumb Code     0  libshutdown2.o(.ARM.Collect$$libshutdown$$0000000F)
    __rt_lib_shutdown_return                 0x080002b3   Thumb Code     0  libshutdown2.o(.ARM.Collect$$libshutdown$$00000010)
    __rt_lib_shutdown_signal_1               0x080002b3   Thumb Code     0  libshutdown2.o(.ARM.Collect$$libshutdown$$0000000A)
    __rt_lib_shutdown_stdio_1                0x080002b3   Thumb Code     0  libshutdown2.o(.ARM.Collect$$libshutdown$$00000004)
    __rt_lib_shutdown_user_alloc_1           0x080002b3   Thumb Code     0  libshutdown2.o(.ARM.Collect$$libshutdown$$0000000C)
    __rt_entry                               0x080002b5   Thumb Code     0  __rtentry.o(.ARM.Collect$$rtentry$$00000000)
    __rt_entry_presh_1                       0x080002b5   Thumb Code     0  __rtentry2.o(.ARM.Collect$$rtentry$$00000002)
    __rt_entry_sh                            0x080002b5   Thumb Code     0  __rtentry4.o(.ARM.Collect$$rtentry$$00000004)
    __rt_entry_li                            0x080002bb   Thumb Code     0  __rtentry2.o(.ARM.Collect$$rtentry$$0000000A)
    __rt_entry_postsh_1                      0x080002bb   Thumb Code     0  __rtentry2.o(.ARM.Collect$$rtentry$$00000009)
    __rt_entry_main                          0x080002bf   Thumb Code     0  __rtentry2.o(.ARM.Collect$$rtentry$$0000000D)
    __rt_entry_postli_1                      0x080002bf   Thumb Code     0  __rtentry2.o(.ARM.Collect$$rtentry$$0000000C)
    __rt_exit                                0x080002c7   Thumb Code     0  rtexit.o(.ARM.Collect$$rtexit$$00000000)
    __rt_exit_ls                             0x080002c9   Thumb Code     0  rtexit2.o(.ARM.Collect$$rtexit$$00000003)
    __rt_exit_prels_1                        0x080002c9   Thumb Code     0  rtexit2.o(.ARM.Collect$$rtexit$$00000002)
    __rt_exit_exit                           0x080002cd   Thumb Code     0  rtexit2.o(.ARM.Collect$$rtexit$$00000004)
    Reset_Handler                            0x080002d5   Thumb Code     8  startup_stm32f407xx.o(.text)
    NMI_Handler                              0x080002dd   Thumb Code     2  startup_stm32f407xx.o(.text)
    HardFault_Handler                        0x080002df   Thumb Code     2  startup_stm32f407xx.o(.text)
    MemManage_Handler                        0x080002e1   Thumb Code     2  startup_stm32f407xx.o(.text)
    BusFault_Handler                         0x080002e3   Thumb Code     2  startup_stm32f407xx.o(.text)
    UsageFault_Handler                       0x080002e5   Thumb Code     2  startup_stm32f407xx.o(.text)
    SVC_Handler                              0x080002e7   Thumb Code     2  startup_stm32f407xx.o(.text)
    DebugMon_Handler                         0x080002e9   Thumb Code     2  startup_stm32f407xx.o(.text)
    PendSV_Handler                           0x080002eb   Thumb Code     2  startup_stm32f407xx.o(.text)
    SysTick_Handler                          0x080002ed   Thumb Code     2  startup_stm32f407xx.o(.text)
    ADC_IRQHandler                           0x080002ef   Thumb Code     0  startup_stm32f407xx.o(.text)
    CAN1_RX0_IRQHandler                      0x080002ef   Thumb Code     0  startup_stm32f407xx.o(.text)
    CAN1_RX1_IRQHandler                      0x080002ef   Thumb Code     0  startup_stm32f407xx.o(.text)
    CAN1_SCE_IRQHandler                      0x080002ef   Thumb Code     0  startup_stm32f407xx.o(.text)
    CAN1_TX_IRQHandler                       0x080002ef   Thumb Code     0  startup_stm32f407xx.o(.text)
    CAN2_RX0_IRQHandler                      0x080002ef   Thumb Code     0  startup_stm32f407xx.o(.text)
    CAN2_RX1_IRQHandler                      0x080002ef   Thumb Code     0  startup_stm32f407xx.o(.text)
    CAN2_SCE_IRQHandler                      0x080002ef   Thumb Code     0  startup_stm32f407xx.o(.text)
    CAN2_TX_IRQHandler                       0x080002ef   Thumb Code     0  startup_stm32f407xx.o(.text)
    DCMI_IRQHandler                          0x080002ef   Thumb Code     0  startup_stm32f407xx.o(.text)
    DMA1_Stream0_IRQHandler                  0x080002ef   Thumb Code     0  startup_stm32f407xx.o(.text)
    DMA1_Stream1_IRQHandler                  0x080002ef   Thumb Code     0  startup_stm32f407xx.o(.text)
    DMA1_Stream2_IRQHandler                  0x080002ef   Thumb Code     0  startup_stm32f407xx.o(.text)
    DMA1_Stream3_IRQHandler                  0x080002ef   Thumb Code     0  startup_stm32f407xx.o(.text)
    DMA1_Stream4_IRQHandler                  0x080002ef   Thumb Code     0  startup_stm32f407xx.o(.text)
    DMA1_Stream5_IRQHandler                  0x080002ef   Thumb Code     0  startup_stm32f407xx.o(.text)
    DMA1_Stream6_IRQHandler                  0x080002ef   Thumb Code     0  startup_stm32f407xx.o(.text)
    DMA1_Stream7_IRQHandler                  0x080002ef   Thumb Code     0  startup_stm32f407xx.o(.text)
    DMA2_Stream0_IRQHandler                  0x080002ef   Thumb Code     0  startup_stm32f407xx.o(.text)
    DMA2_Stream1_IRQHandler                  0x080002ef   Thumb Code     0  startup_stm32f407xx.o(.text)
    DMA2_Stream2_IRQHandler                  0x080002ef   Thumb Code     0  startup_stm32f407xx.o(.text)
    DMA2_Stream3_IRQHandler                  0x080002ef   Thumb Code     0  startup_stm32f407xx.o(.text)
    DMA2_Stream4_IRQHandler                  0x080002ef   Thumb Code     0  startup_stm32f407xx.o(.text)
    DMA2_Stream5_IRQHandler                  0x080002ef   Thumb Code     0  startup_stm32f407xx.o(.text)
    DMA2_Stream6_IRQHandler                  0x080002ef   Thumb Code     0  startup_stm32f407xx.o(.text)
    DMA2_Stream7_IRQHandler                  0x080002ef   Thumb Code     0  startup_stm32f407xx.o(.text)
    ETH_IRQHandler                           0x080002ef   Thumb Code     0  startup_stm32f407xx.o(.text)
    ETH_WKUP_IRQHandler                      0x080002ef   Thumb Code     0  startup_stm32f407xx.o(.text)
    EXTI0_IRQHandler                         0x080002ef   Thumb Code     0  startup_stm32f407xx.o(.text)
    EXTI15_10_IRQHandler                     0x080002ef   Thumb Code     0  startup_stm32f407xx.o(.text)
    EXTI1_IRQHandler                         0x080002ef   Thumb Code     0  startup_stm32f407xx.o(.text)
    EXTI2_IRQHandler                         0x080002ef   Thumb Code     0  startup_stm32f407xx.o(.text)
    EXTI3_IRQHandler                         0x080002ef   Thumb Code     0  startup_stm32f407xx.o(.text)
    EXTI4_IRQHandler                         0x080002ef   Thumb Code     0  startup_stm32f407xx.o(.text)
    EXTI9_5_IRQHandler                       0x080002ef   Thumb Code     0  startup_stm32f407xx.o(.text)
    FLASH_IRQHandler                         0x080002ef   Thumb Code     0  startup_stm32f407xx.o(.text)
    FMC_IRQHandler                           0x080002ef   Thumb Code     0  startup_stm32f407xx.o(.text)
    FPU_IRQHandler                           0x080002ef   Thumb Code     0  startup_stm32f407xx.o(.text)
    HASH_RNG_IRQHandler                      0x080002ef   Thumb Code     0  startup_stm32f407xx.o(.text)
    I2C1_ER_IRQHandler                       0x080002ef   Thumb Code     0  startup_stm32f407xx.o(.text)
    I2C1_EV_IRQHandler                       0x080002ef   Thumb Code     0  startup_stm32f407xx.o(.text)
    I2C2_ER_IRQHandler                       0x080002ef   Thumb Code     0  startup_stm32f407xx.o(.text)
    I2C2_EV_IRQHandler                       0x080002ef   Thumb Code     0  startup_stm32f407xx.o(.text)
    I2C3_ER_IRQHandler                       0x080002ef   Thumb Code     0  startup_stm32f407xx.o(.text)
    I2C3_EV_IRQHandler                       0x080002ef   Thumb Code     0  startup_stm32f407xx.o(.text)
    OTG_FS_IRQHandler                        0x080002ef   Thumb Code     0  startup_stm32f407xx.o(.text)
    OTG_FS_WKUP_IRQHandler                   0x080002ef   Thumb Code     0  startup_stm32f407xx.o(.text)
    OTG_HS_EP1_IN_IRQHandler                 0x080002ef   Thumb Code     0  startup_stm32f407xx.o(.text)
    OTG_HS_EP1_OUT_IRQHandler                0x080002ef   Thumb Code     0  startup_stm32f407xx.o(.text)
    OTG_HS_IRQHandler                        0x080002ef   Thumb Code     0  startup_stm32f407xx.o(.text)
    OTG_HS_WKUP_IRQHandler                   0x080002ef   Thumb Code     0  startup_stm32f407xx.o(.text)
    PVD_IRQHandler                           0x080002ef   Thumb Code     0  startup_stm32f407xx.o(.text)
    RCC_IRQHandler                           0x080002ef   Thumb Code     0  startup_stm32f407xx.o(.text)
    RTC_Alarm_IRQHandler                     0x080002ef   Thumb Code     0  startup_stm32f407xx.o(.text)
    RTC_WKUP_IRQHandler                      0x080002ef   Thumb Code     0  startup_stm32f407xx.o(.text)
    SDIO_IRQHandler                          0x080002ef   Thumb Code     0  startup_stm32f407xx.o(.text)
    SPI1_IRQHandler                          0x080002ef   Thumb Code     0  startup_stm32f407xx.o(.text)
    SPI2_IRQHandler                          0x080002ef   Thumb Code     0  startup_stm32f407xx.o(.text)
    SPI3_IRQHandler                          0x080002ef   Thumb Code     0  startup_stm32f407xx.o(.text)
    TAMP_STAMP_IRQHandler                    0x080002ef   Thumb Code     0  startup_stm32f407xx.o(.text)
    TIM1_BRK_TIM9_IRQHandler                 0x080002ef   Thumb Code     0  startup_stm32f407xx.o(.text)
    TIM1_CC_IRQHandler                       0x080002ef   Thumb Code     0  startup_stm32f407xx.o(.text)
    TIM1_TRG_COM_TIM11_IRQHandler            0x080002ef   Thumb Code     0  startup_stm32f407xx.o(.text)
    TIM1_UP_TIM10_IRQHandler                 0x080002ef   Thumb Code     0  startup_stm32f407xx.o(.text)
    TIM2_IRQHandler                          0x080002ef   Thumb Code     0  startup_stm32f407xx.o(.text)
    TIM3_IRQHandler                          0x080002ef   Thumb Code     0  startup_stm32f407xx.o(.text)
    TIM4_IRQHandler                          0x080002ef   Thumb Code     0  startup_stm32f407xx.o(.text)
    TIM5_IRQHandler                          0x080002ef   Thumb Code     0  startup_stm32f407xx.o(.text)
    TIM6_DAC_IRQHandler                      0x080002ef   Thumb Code     0  startup_stm32f407xx.o(.text)
    TIM7_IRQHandler                          0x080002ef   Thumb Code     0  startup_stm32f407xx.o(.text)
    TIM8_BRK_TIM12_IRQHandler                0x080002ef   Thumb Code     0  startup_stm32f407xx.o(.text)
    TIM8_CC_IRQHandler                       0x080002ef   Thumb Code     0  startup_stm32f407xx.o(.text)
    TIM8_TRG_COM_TIM14_IRQHandler            0x080002ef   Thumb Code     0  startup_stm32f407xx.o(.text)
    TIM8_UP_TIM13_IRQHandler                 0x080002ef   Thumb Code     0  startup_stm32f407xx.o(.text)
    UART4_IRQHandler                         0x080002ef   Thumb Code     0  startup_stm32f407xx.o(.text)
    UART5_IRQHandler                         0x080002ef   Thumb Code     0  startup_stm32f407xx.o(.text)
    USART1_IRQHandler                        0x080002ef   Thumb Code     0  startup_stm32f407xx.o(.text)
    USART2_IRQHandler                        0x080002ef   Thumb Code     0  startup_stm32f407xx.o(.text)
    USART3_IRQHandler                        0x080002ef   Thumb Code     0  startup_stm32f407xx.o(.text)
    USART6_IRQHandler                        0x080002ef   Thumb Code     0  startup_stm32f407xx.o(.text)
    WWDG_IRQHandler                          0x080002ef   Thumb Code     0  startup_stm32f407xx.o(.text)
    __user_initial_stackheap                 0x080002f1   Thumb Code     0  startup_stm32f407xx.o(.text)
    sprintf                                  0x08000315   Thumb Code    38  sprintf.o(.text)
    __use_two_region_memory                  0x08000341   Thumb Code     2  heapauxi.o(.text)
    __rt_heap_escrow$2region                 0x08000343   Thumb Code     2  heapauxi.o(.text)
    __rt_heap_expand$2region                 0x08000345   Thumb Code     2  heapauxi.o(.text)
    _printf_pre_padding                      0x08000347   Thumb Code    44  _printf_pad.o(.text)
    _printf_post_padding                     0x08000373   Thumb Code    34  _printf_pad.o(.text)
    _printf_truncate_signed                  0x08000395   Thumb Code    18  _printf_truncate.o(.text)
    _printf_truncate_unsigned                0x080003a7   Thumb Code    18  _printf_truncate.o(.text)
    _printf_str                              0x080003b9   Thumb Code    82  _printf_str.o(.text)
    _printf_int_dec                          0x0800040d   Thumb Code   104  _printf_dec.o(.text)
    _printf_charcount                        0x08000485   Thumb Code    40  _printf_charcount.o(.text)
    _printf_char_common                      0x080004b7   Thumb Code    32  _printf_char_common.o(.text)
    _sputc                                   0x080004dd   Thumb Code    10  _sputc.o(.text)
    _printf_wctomb                           0x080004e9   Thumb Code   182  _printf_wctomb.o(.text)
    _printf_longlong_dec                     0x080005a5   Thumb Code   108  _printf_longlong_dec.o(.text)
    _printf_longlong_oct                     0x08000621   Thumb Code    68  _printf_oct_int_ll.o(.text)
    _printf_int_oct                          0x08000665   Thumb Code    24  _printf_oct_int_ll.o(.text)
    _printf_ll_oct                           0x0800067d   Thumb Code    12  _printf_oct_int_ll.o(.text)
    _printf_longlong_hex                     0x08000691   Thumb Code    86  _printf_hex_int_ll_ptr.o(.text)
    _printf_int_hex                          0x080006e7   Thumb Code    28  _printf_hex_int_ll_ptr.o(.text)
    _printf_ll_hex                           0x08000703   Thumb Code    12  _printf_hex_int_ll_ptr.o(.text)
    _printf_hex_ptr                          0x0800070f   Thumb Code    18  _printf_hex_int_ll_ptr.o(.text)
    __printf                                 0x08000725   Thumb Code   388  __printf_flags_ss_wp.o(.text)
    _ll_udiv10                               0x080008ad   Thumb Code   138  lludiv10.o(.text)
    _printf_int_common                       0x08000937   Thumb Code   178  _printf_intcommon.o(.text)
    _printf_fp_dec_real                      0x08000b99   Thumb Code   620  _printf_fp_dec.o(.text)
    _printf_fp_hex_real                      0x08000e05   Thumb Code   756  _printf_fp_hex.o(.text)
    _printf_cs_common                        0x08001101   Thumb Code    20  _printf_char.o(.text)
    _printf_char                             0x08001115   Thumb Code    16  _printf_char.o(.text)
    _printf_string                           0x08001125   Thumb Code     8  _printf_char.o(.text)
    _printf_lcs_common                       0x0800112d   Thumb Code    20  _printf_wchar.o(.text)
    _printf_wchar                            0x08001141   Thumb Code    16  _printf_wchar.o(.text)
    _printf_wstring                          0x08001151   Thumb Code     8  _printf_wchar.o(.text)
    _c16rtomb                                0x08001159   Thumb Code    72  _c16rtomb.o(.text)
    _wcrtomb                                 0x08001159   Thumb Code     0  _c16rtomb.o(.text)
    __user_setup_stackheap                   0x080011a1   Thumb Code    74  sys_stackheap_outer.o(.text)
    __rt_ctype_table                         0x080011ed   Thumb Code    16  rt_ctype_table.o(.text)
    __rt_locale                              0x080011fd   Thumb Code     8  rt_locale_intlibspace.o(.text)
    _printf_fp_infnan                        0x08001205   Thumb Code   112  _printf_fp_infnan.o(.text)
    _btod_etento                             0x08001285   Thumb Code   224  bigflt0.o(.text)
    exit                                     0x08001369   Thumb Code    18  exit.o(.text)
    __user_libspace                          0x0800137d   Thumb Code     8  libspace.o(.text)
    __user_perproc_libspace                  0x0800137d   Thumb Code     0  libspace.o(.text)
    __user_perthread_libspace                0x0800137d   Thumb Code     0  libspace.o(.text)
    strcmp                                   0x08001389   Thumb Code   124  strcmpv7em.o(.text)
    _sys_exit                                0x08001405   Thumb Code     8  sys_exit.o(.text)
    __I$use$semihosting                      0x08001411   Thumb Code     0  use_no_semi.o(.text)
    __use_no_semihosting_swi                 0x08001411   Thumb Code     2  use_no_semi.o(.text)
    __semihosting_library_function           0x08001413   Thumb Code     0  indicate_semi.o(.text)
    LCD_clear                                0x08001415   Thumb Code    40  lcd.o(.text.LCD_clear)
    LCD_init                                 0x0800143d   Thumb Code   102  lcd.o(.text.LCD_init)
    LCD_int                                  0x080014a5   Thumb Code    34  lcd.o(.text.LCD_int)
    LCD_port_init                            0x080014c9   Thumb Code    62  lcd.o(.text.LCD_port_init)
    LCD_sendData                             0x08001509   Thumb Code   128  lcd.o(.text.LCD_sendData)
    LCD_str                                  0x08001589   Thumb Code    48  lcd.o(.text.LCD_str)
    SystemInit                               0x080015b9   Thumb Code   110  system_stm32f4xx.o(.text.SystemInit)
    c_output                                 0x08001629   Thumb Code   314  keypad.o(.text.c_output)
    check_BF                                 0x08001765   Thumb Code    88  lcd.o(.text.check_BF)
    clear_PIN                                0x080017bd   Thumb Code    30  lcd.o(.text.clear_PIN)
    delay                                    0x080017dd   Thumb Code    40  lcd.o(.text.delay)
    display_cursor_blink_on                  0x08001805   Thumb Code    16  lcd.o(.text.display_cursor_blink_on)
    init_keypad                              0x08001815   Thumb Code   174  keypad.o(.text.init_keypad)
    main                                     0x080018c5   Thumb Code   712  main.o(.text.main)
    motor_delay                              0x08001b8d   Thumb Code    34  steppermoter.o(.text.motor_delay)
    place_lcd_cursor_1                       0x08001bb1   Thumb Code    16  lcd.o(.text.place_lcd_cursor_1)
    place_lcd_cursor_2                       0x08001bc1   Thumb Code    16  lcd.o(.text.place_lcd_cursor_2)
    r_output                                 0x08001bd1   Thumb Code   458  keypad.o(.text.r_output)
    read_entry_C1                            0x08001d9d   Thumb Code   170  keypad.o(.text.read_entry_C1)
    read_entry_C2                            0x08001e49   Thumb Code   170  keypad.o(.text.read_entry_C2)
    read_entry_C3                            0x08001ef5   Thumb Code   170  keypad.o(.text.read_entry_C3)
    send_four                                0x08001fa1   Thumb Code    72  lcd.o(.text.send_four)
    set_PIN                                  0x08001fe9   Thumb Code    30  lcd.o(.text.set_PIN)
    unlock_safe                              0x08002009   Thumb Code   174  steppermoter.o(.text.unlock_safe)
    wait                                     0x080020b9   Thumb Code   138  keypad.o(.text.wait)
    wait_for_input                           0x08002145   Thumb Code   132  main.o(.text.wait_for_input)
    _btod_d2e                                0x080021c9   Thumb Code    62  btod.o(CL$$btod_d2e)
    _d2e_denorm_low                          0x08002207   Thumb Code    70  btod.o(CL$$btod_d2e_denorm_low)
    _d2e_norm_op1                            0x0800224d   Thumb Code    96  btod.o(CL$$btod_d2e_norm_op1)
    __btod_div_common                        0x080022ad   Thumb Code   696  btod.o(CL$$btod_div_common)
    _e2e                                     0x080025e5   Thumb Code   220  btod.o(CL$$btod_e2e)
    _btod_ediv                               0x080026c1   Thumb Code    42  btod.o(CL$$btod_ediv)
    _btod_emul                               0x080026eb   Thumb Code    42  btod.o(CL$$btod_emul)
    __btod_mult_common                       0x08002715   Thumb Code   580  btod.o(CL$$btod_mult_common)
    __ARM_fpclassify                         0x08002959   Thumb Code    48  fpclassify.o(i.__ARM_fpclassify)
    _is_digit                                0x08002989   Thumb Code    14  __printf_wp.o(i._is_digit)
    _get_lc_numeric                          0x08002999   Thumb Code    44  lc_numeric_c.o(locale$$code)
    _get_lc_ctype                            0x080029c5   Thumb Code    44  lc_ctype_c.o(locale$$code)
    _fp_init                                 0x080029f1   Thumb Code    26  fpinit.o(x$fpl$fpinit)
    __fplib_config_fpu_vfp                   0x08002a09   Thumb Code     0  fpinit.o(x$fpl$fpinit)
    __fplib_config_pureend_doubles           0x08002a09   Thumb Code     0  fpinit.o(x$fpl$fpinit)
    _printf_fp_dec                           0x08002a0b   Thumb Code     4  printf1.o(x$fpl$printf1)
    _printf_fp_hex                           0x08002a0f   Thumb Code     4  printf2.o(x$fpl$printf2)
    __I$use$fp                               0x08002a12   Number         0  usenofp.o(x$fpl$usenofp)
    Region$$Table$$Base                      0x08002b98   Number         0  anon$$obj.o(Region$$Table)
    Region$$Table$$Limit                     0x08002bb8   Number         0  anon$$obj.o(Region$$Table)
    __ctype                                  0x08002be1   Data           0  lc_ctype_c.o(locale$$data)
    code                                     0x2000001c   Data           4  main.o(.data.code)
    __libspace_start                         0x20000020   Data          96  libspace.o(.bss)
    __temporary_stack_top$libspace           0x20000080   Data           0  libspace.o(.bss)
    entered_code                             0x20000080   Data           4  main.o(.bss.entered_code)
    index                                    0x20000084   Data           4  main.o(.bss.index)
    last_entered                             0x20000088   Data           1  main.o(.bss.last_entered)
    status                                   0x20000090   Data           4  main.o(.bss.status)



==============================================================================

Memory Map of the image

  Image Entry point : 0x08000189

  Load Region LR_IROM1 (Base: 0x08000000, Size: 0x00002d08, Max: 0x00100000, ABSOLUTE)

    Execution Region ER_IROM1 (Exec base: 0x08000000, Load base: 0x08000000, Size: 0x00002ce4, Max: 0x00100000, ABSOLUTE)

    Exec Addr    Load Addr    Size         Type   Attr      Idx    E Section Name        Object

    0x08000000   0x08000000   0x00000188   Data   RO          117    RESET               startup_stm32f407xx.o
    0x08000188   0x08000188   0x00000008   Code   RO          144  * !!!main             c_w.l(__main.o)
    0x08000190   0x08000190   0x00000034   Code   RO          481    !!!scatter          c_w.l(__scatter.o)
    0x080001c4   0x080001c4   0x0000001a   Code   RO          483    !!handler_copy      c_w.l(__scatter_copy.o)
    0x080001de   0x080001de   0x00000002   PAD
    0x080001e0   0x080001e0   0x0000001c   Code   RO          485    !!handler_zi        c_w.l(__scatter_zi.o)
    0x080001fc   0x080001fc   0x00000000   Code   RO          228    .ARM.Collect$$_printf_percent$$00000000  c_w.l(_printf_percent.o)
    0x080001fc   0x080001fc   0x00000006   Code   RO          217    .ARM.Collect$$_printf_percent$$00000001  c_w.l(_printf_n.o)
    0x08000202   0x08000202   0x00000006   Code   RO          219    .ARM.Collect$$_printf_percent$$00000002  c_w.l(_printf_p.o)
    0x08000208   0x08000208   0x00000006   Code   RO          224    .ARM.Collect$$_printf_percent$$00000003  c_w.l(_printf_f.o)
    0x0800020e   0x0800020e   0x00000006   Code   RO          225    .ARM.Collect$$_printf_percent$$00000004  c_w.l(_printf_e.o)
    0x08000214   0x08000214   0x00000006   Code   RO          226    .ARM.Collect$$_printf_percent$$00000005  c_w.l(_printf_g.o)
    0x0800021a   0x0800021a   0x00000006   Code   RO          227    .ARM.Collect$$_printf_percent$$00000006  c_w.l(_printf_a.o)
    0x08000220   0x08000220   0x0000000a   Code   RO          232    .ARM.Collect$$_printf_percent$$00000007  c_w.l(_printf_ll.o)
    0x0800022a   0x0800022a   0x00000006   Code   RO          221    .ARM.Collect$$_printf_percent$$00000008  c_w.l(_printf_i.o)
    0x08000230   0x08000230   0x00000006   Code   RO          222    .ARM.Collect$$_printf_percent$$00000009  c_w.l(_printf_d.o)
    0x08000236   0x08000236   0x00000006   Code   RO          223    .ARM.Collect$$_printf_percent$$0000000A  c_w.l(_printf_u.o)
    0x0800023c   0x0800023c   0x00000006   Code   RO          220    .ARM.Collect$$_printf_percent$$0000000B  c_w.l(_printf_o.o)
    0x08000242   0x08000242   0x00000006   Code   RO          218    .ARM.Collect$$_printf_percent$$0000000C  c_w.l(_printf_x.o)
    0x08000248   0x08000248   0x00000006   Code   RO          229    .ARM.Collect$$_printf_percent$$0000000D  c_w.l(_printf_lli.o)
    0x0800024e   0x0800024e   0x00000006   Code   RO          230    .ARM.Collect$$_printf_percent$$0000000E  c_w.l(_printf_lld.o)
    0x08000254   0x08000254   0x00000006   Code   RO          231    .ARM.Collect$$_printf_percent$$0000000F  c_w.l(_printf_llu.o)
    0x0800025a   0x0800025a   0x00000006   Code   RO          236    .ARM.Collect$$_printf_percent$$00000010  c_w.l(_printf_llo.o)
    0x08000260   0x08000260   0x00000006   Code   RO          237    .ARM.Collect$$_printf_percent$$00000011  c_w.l(_printf_llx.o)
    0x08000266   0x08000266   0x0000000a   Code   RO          233    .ARM.Collect$$_printf_percent$$00000012  c_w.l(_printf_l.o)
    0x08000270   0x08000270   0x00000006   Code   RO          215    .ARM.Collect$$_printf_percent$$00000013  c_w.l(_printf_c.o)
    0x08000276   0x08000276   0x00000006   Code   RO          216    .ARM.Collect$$_printf_percent$$00000014  c_w.l(_printf_s.o)
    0x0800027c   0x0800027c   0x00000006   Code   RO          234    .ARM.Collect$$_printf_percent$$00000015  c_w.l(_printf_lc.o)
    0x08000282   0x08000282   0x00000006   Code   RO          235    .ARM.Collect$$_printf_percent$$00000016  c_w.l(_printf_ls.o)
    0x08000288   0x08000288   0x00000004   Code   RO          278    .ARM.Collect$$_printf_percent$$00000017  c_w.l(_printf_percent_end.o)
    0x0800028c   0x0800028c   0x00000002   Code   RO          329    .ARM.Collect$$libinit$$00000000  c_w.l(libinit.o)
    0x0800028e   0x0800028e   0x00000004   Code   RO          347    .ARM.Collect$$libinit$$00000001  c_w.l(libinit2.o)
    0x08000292   0x08000292   0x00000000   Code   RO          350    .ARM.Collect$$libinit$$00000004  c_w.l(libinit2.o)
    0x08000292   0x08000292   0x00000000   Code   RO          352    .ARM.Collect$$libinit$$00000006  c_w.l(libinit2.o)
    0x08000292   0x08000292   0x00000000   Code   RO          355    .ARM.Collect$$libinit$$0000000C  c_w.l(libinit2.o)
    0x08000292   0x08000292   0x00000000   Code   RO          357    .ARM.Collect$$libinit$$0000000E  c_w.l(libinit2.o)
    0x08000292   0x08000292   0x00000000   Code   RO          359    .ARM.Collect$$libinit$$00000010  c_w.l(libinit2.o)
    0x08000292   0x08000292   0x00000006   Code   RO          360    .ARM.Collect$$libinit$$00000011  c_w.l(libinit2.o)
    0x08000298   0x08000298   0x00000000   Code   RO          362    .ARM.Collect$$libinit$$00000013  c_w.l(libinit2.o)
    0x08000298   0x08000298   0x0000000c   Code   RO          363    .ARM.Collect$$libinit$$00000014  c_w.l(libinit2.o)
    0x080002a4   0x080002a4   0x00000000   Code   RO          364    .ARM.Collect$$libinit$$00000015  c_w.l(libinit2.o)
    0x080002a4   0x080002a4   0x00000000   Code   RO          366    .ARM.Collect$$libinit$$00000017  c_w.l(libinit2.o)
    0x080002a4   0x080002a4   0x0000000a   Code   RO          367    .ARM.Collect$$libinit$$00000018  c_w.l(libinit2.o)
    0x080002ae   0x080002ae   0x00000000   Code   RO          368    .ARM.Collect$$libinit$$00000019  c_w.l(libinit2.o)
    0x080002ae   0x080002ae   0x00000000   Code   RO          370    .ARM.Collect$$libinit$$0000001B  c_w.l(libinit2.o)
    0x080002ae   0x080002ae   0x00000000   Code   RO          372    .ARM.Collect$$libinit$$0000001D  c_w.l(libinit2.o)
    0x080002ae   0x080002ae   0x00000000   Code   RO          374    .ARM.Collect$$libinit$$0000001F  c_w.l(libinit2.o)
    0x080002ae   0x080002ae   0x00000000   Code   RO          376    .ARM.Collect$$libinit$$00000021  c_w.l(libinit2.o)
    0x080002ae   0x080002ae   0x00000000   Code   RO          378    .ARM.Collect$$libinit$$00000023  c_w.l(libinit2.o)
    0x080002ae   0x080002ae   0x00000000   Code   RO          380    .ARM.Collect$$libinit$$00000025  c_w.l(libinit2.o)
    0x080002ae   0x080002ae   0x00000000   Code   RO          382    .ARM.Collect$$libinit$$00000027  c_w.l(libinit2.o)
    0x080002ae   0x080002ae   0x00000000   Code   RO          386    .ARM.Collect$$libinit$$0000002E  c_w.l(libinit2.o)
    0x080002ae   0x080002ae   0x00000000   Code   RO          388    .ARM.Collect$$libinit$$00000030  c_w.l(libinit2.o)
    0x080002ae   0x080002ae   0x00000000   Code   RO          390    .ARM.Collect$$libinit$$00000032  c_w.l(libinit2.o)
    0x080002ae   0x080002ae   0x00000000   Code   RO          392    .ARM.Collect$$libinit$$00000034  c_w.l(libinit2.o)
    0x080002ae   0x080002ae   0x00000002   Code   RO          393    .ARM.Collect$$libinit$$00000035  c_w.l(libinit2.o)
    0x080002b0   0x080002b0   0x00000002   Code   RO          417    .ARM.Collect$$libshutdown$$00000000  c_w.l(libshutdown.o)
    0x080002b2   0x080002b2   0x00000000   Code   RO          432    .ARM.Collect$$libshutdown$$00000002  c_w.l(libshutdown2.o)
    0x080002b2   0x080002b2   0x00000000   Code   RO          434    .ARM.Collect$$libshutdown$$00000004  c_w.l(libshutdown2.o)
    0x080002b2   0x080002b2   0x00000000   Code   RO          437    .ARM.Collect$$libshutdown$$00000007  c_w.l(libshutdown2.o)
    0x080002b2   0x080002b2   0x00000000   Code   RO          440    .ARM.Collect$$libshutdown$$0000000A  c_w.l(libshutdown2.o)
    0x080002b2   0x080002b2   0x00000000   Code   RO          442    .ARM.Collect$$libshutdown$$0000000C  c_w.l(libshutdown2.o)
    0x080002b2   0x080002b2   0x00000000   Code   RO          445    .ARM.Collect$$libshutdown$$0000000F  c_w.l(libshutdown2.o)
    0x080002b2   0x080002b2   0x00000002   Code   RO          446    .ARM.Collect$$libshutdown$$00000010  c_w.l(libshutdown2.o)
    0x080002b4   0x080002b4   0x00000000   Code   RO          146    .ARM.Collect$$rtentry$$00000000  c_w.l(__rtentry.o)
    0x080002b4   0x080002b4   0x00000000   Code   RO          247    .ARM.Collect$$rtentry$$00000002  c_w.l(__rtentry2.o)
    0x080002b4   0x080002b4   0x00000006   Code   RO          259    .ARM.Collect$$rtentry$$00000004  c_w.l(__rtentry4.o)
    0x080002ba   0x080002ba   0x00000000   Code   RO          249    .ARM.Collect$$rtentry$$00000009  c_w.l(__rtentry2.o)
    0x080002ba   0x080002ba   0x00000004   Code   RO          250    .ARM.Collect$$rtentry$$0000000A  c_w.l(__rtentry2.o)
    0x080002be   0x080002be   0x00000000   Code   RO          252    .ARM.Collect$$rtentry$$0000000C  c_w.l(__rtentry2.o)
    0x080002be   0x080002be   0x00000008   Code   RO          253    .ARM.Collect$$rtentry$$0000000D  c_w.l(__rtentry2.o)
    0x080002c6   0x080002c6   0x00000002   Code   RO          338    .ARM.Collect$$rtexit$$00000000  c_w.l(rtexit.o)
    0x080002c8   0x080002c8   0x00000000   Code   RO          395    .ARM.Collect$$rtexit$$00000002  c_w.l(rtexit2.o)
    0x080002c8   0x080002c8   0x00000004   Code   RO          396    .ARM.Collect$$rtexit$$00000003  c_w.l(rtexit2.o)
    0x080002cc   0x080002cc   0x00000006   Code   RO          397    .ARM.Collect$$rtexit$$00000004  c_w.l(rtexit2.o)
    0x080002d2   0x080002d2   0x00000002   PAD
    0x080002d4   0x080002d4   0x00000040   Code   RO          118    .text               startup_stm32f407xx.o
    0x08000314   0x08000314   0x0000002c   Code   RO          140    .text               c_w.l(sprintf.o)
    0x08000340   0x08000340   0x00000006   Code   RO          142    .text               c_w.l(heapauxi.o)
    0x08000346   0x08000346   0x0000004e   Code   RO          149    .text               c_w.l(_printf_pad.o)
    0x08000394   0x08000394   0x00000024   Code   RO          151    .text               c_w.l(_printf_truncate.o)
    0x080003b8   0x080003b8   0x00000052   Code   RO          153    .text               c_w.l(_printf_str.o)
    0x0800040a   0x0800040a   0x00000002   PAD
    0x0800040c   0x0800040c   0x00000078   Code   RO          155    .text               c_w.l(_printf_dec.o)
    0x08000484   0x08000484   0x00000028   Code   RO          157    .text               c_w.l(_printf_charcount.o)
    0x080004ac   0x080004ac   0x00000030   Code   RO          159    .text               c_w.l(_printf_char_common.o)
    0x080004dc   0x080004dc   0x0000000a   Code   RO          161    .text               c_w.l(_sputc.o)
    0x080004e6   0x080004e6   0x00000002   PAD
    0x080004e8   0x080004e8   0x000000bc   Code   RO          163    .text               c_w.l(_printf_wctomb.o)
    0x080005a4   0x080005a4   0x0000007c   Code   RO          166    .text               c_w.l(_printf_longlong_dec.o)
    0x08000620   0x08000620   0x00000070   Code   RO          172    .text               c_w.l(_printf_oct_int_ll.o)
    0x08000690   0x08000690   0x00000094   Code   RO          192    .text               c_w.l(_printf_hex_int_ll_ptr.o)
    0x08000724   0x08000724   0x00000188   Code   RO          212    .text               c_w.l(__printf_flags_ss_wp.o)
    0x080008ac   0x080008ac   0x0000008a   Code   RO          261    .text               c_w.l(lludiv10.o)
    0x08000936   0x08000936   0x000000b2   Code   RO          263    .text               c_w.l(_printf_intcommon.o)
    0x080009e8   0x080009e8   0x0000041c   Code   RO          265    .text               c_w.l(_printf_fp_dec.o)
    0x08000e04   0x08000e04   0x000002fc   Code   RO          269    .text               c_w.l(_printf_fp_hex.o)
    0x08001100   0x08001100   0x0000002c   Code   RO          274    .text               c_w.l(_printf_char.o)
    0x0800112c   0x0800112c   0x0000002c   Code   RO          276    .text               c_w.l(_printf_wchar.o)
    0x08001158   0x08001158   0x00000048   Code   RO          279    .text               c_w.l(_c16rtomb.o)
    0x080011a0   0x080011a0   0x0000004a   Code   RO          281    .text               c_w.l(sys_stackheap_outer.o)
    0x080011ea   0x080011ea   0x00000002   PAD
    0x080011ec   0x080011ec   0x00000010   Code   RO          283    .text               c_w.l(rt_ctype_table.o)
    0x080011fc   0x080011fc   0x00000008   Code   RO          288    .text               c_w.l(rt_locale_intlibspace.o)
    0x08001204   0x08001204   0x00000080   Code   RO          290    .text               c_w.l(_printf_fp_infnan.o)
    0x08001284   0x08001284   0x000000e4   Code   RO          292    .text               c_w.l(bigflt0.o)
    0x08001368   0x08001368   0x00000012   Code   RO          322    .text               c_w.l(exit.o)
    0x0800137a   0x0800137a   0x00000002   PAD
    0x0800137c   0x0800137c   0x00000008   Code   RO          335    .text               c_w.l(libspace.o)
    0x08001384   0x08001384   0x00000004   PAD
    0x08001388   0x08001388   0x0000007c   Code   RO          345    .text               c_w.l(strcmpv7em.o)
    0x08001404   0x08001404   0x0000000c   Code   RO          407    .text               c_w.l(sys_exit.o)
    0x08001410   0x08001410   0x00000002   Code   RO          422    .text               c_w.l(use_no_semi.o)
    0x08001412   0x08001412   0x00000000   Code   RO          424    .text               c_w.l(indicate_semi.o)
    0x08001412   0x08001412   0x00000002   PAD
    0x08001414   0x08001414   0x00000028   Code   RO           54    .text.LCD_clear     lcd.o
    0x0800143c   0x0800143c   0x00000066   Code   RO           42    .text.LCD_init      lcd.o
    0x080014a2   0x080014a2   0x00000002   PAD
    0x080014a4   0x080014a4   0x00000022   Code   RO           56    .text.LCD_int       lcd.o
    0x080014c6   0x080014c6   0x00000002   PAD
    0x080014c8   0x080014c8   0x0000003e   Code   RO           30    .text.LCD_port_init  lcd.o
    0x08001506   0x08001506   0x00000002   PAD
    0x08001508   0x08001508   0x00000080   Code   RO           52    .text.LCD_sendData  lcd.o
    0x08001588   0x08001588   0x00000030   Code   RO           50    .text.LCD_str       lcd.o
    0x080015b8   0x080015b8   0x0000006e   Code   RO          125    .text.SystemInit    system_stm32f4xx.o
    0x08001626   0x08001626   0x00000002   PAD
    0x08001628   0x08001628   0x0000013a   Code   RO            6    .text.c_output      keypad.o
    0x08001762   0x08001762   0x00000002   PAD
    0x08001764   0x08001764   0x00000058   Code   RO           60    .text.check_BF      lcd.o
    0x080017bc   0x080017bc   0x0000001e   Code   RO           38    .text.clear_PIN     lcd.o
    0x080017da   0x080017da   0x00000002   PAD
    0x080017dc   0x080017dc   0x00000028   Code   RO           32    .text.delay         lcd.o
    0x08001804   0x08001804   0x00000010   Code   RO           44    .text.display_cursor_blink_on  lcd.o
    0x08001814   0x08001814   0x000000ae   Code   RO            2    .text.init_keypad   keypad.o
    0x080018c2   0x080018c2   0x00000002   PAD
    0x080018c4   0x080018c4   0x000002c8   Code   RO           82    .text.main          main.o
    0x08001b8c   0x08001b8c   0x00000022   Code   RO          101    .text.motor_delay   steppermoter.o
    0x08001bae   0x08001bae   0x00000002   PAD
    0x08001bb0   0x08001bb0   0x00000010   Code   RO           46    .text.place_lcd_cursor_1  lcd.o
    0x08001bc0   0x08001bc0   0x00000010   Code   RO           48    .text.place_lcd_cursor_2  lcd.o
    0x08001bd0   0x08001bd0   0x000001ca   Code   RO            4    .text.r_output      keypad.o
    0x08001d9a   0x08001d9a   0x00000002   PAD
    0x08001d9c   0x08001d9c   0x000000aa   Code   RO            8    .text.read_entry_C1  keypad.o
    0x08001e46   0x08001e46   0x00000002   PAD
    0x08001e48   0x08001e48   0x000000aa   Code   RO           10    .text.read_entry_C2  keypad.o
    0x08001ef2   0x08001ef2   0x00000002   PAD
    0x08001ef4   0x08001ef4   0x000000aa   Code   RO           12    .text.read_entry_C3  keypad.o
    0x08001f9e   0x08001f9e   0x00000002   PAD
    0x08001fa0   0x08001fa0   0x00000048   Code   RO           36    .text.send_four     lcd.o
    0x08001fe8   0x08001fe8   0x0000001e   Code   RO           40    .text.set_PIN       lcd.o
    0x08002006   0x08002006   0x00000002   PAD
    0x08002008   0x08002008   0x000000ae   Code   RO          105    .text.unlock_safe   steppermoter.o
    0x080020b6   0x080020b6   0x00000002   PAD
    0x080020b8   0x080020b8   0x0000008a   Code   RO           14    .text.wait          keypad.o
    0x08002142   0x08002142   0x00000002   PAD
    0x08002144   0x08002144   0x00000084   Code   RO           84    .text.wait_for_input  main.o
    0x080021c8   0x080021c8   0x0000003e   Code   RO          295    CL$$btod_d2e        c_w.l(btod.o)
    0x08002206   0x08002206   0x00000046   Code   RO          297    CL$$btod_d2e_denorm_low  c_w.l(btod.o)
    0x0800224c   0x0800224c   0x00000060   Code   RO          296    CL$$btod_d2e_norm_op1  c_w.l(btod.o)
    0x080022ac   0x080022ac   0x00000338   Code   RO          305    CL$$btod_div_common  c_w.l(btod.o)
    0x080025e4   0x080025e4   0x000000dc   Code   RO          302    CL$$btod_e2e        c_w.l(btod.o)
    0x080026c0   0x080026c0   0x0000002a   Code   RO          299    CL$$btod_ediv       c_w.l(btod.o)
    0x080026ea   0x080026ea   0x0000002a   Code   RO          298    CL$$btod_emul       c_w.l(btod.o)
    0x08002714   0x08002714   0x00000244   Code   RO          304    CL$$btod_mult_common  c_w.l(btod.o)
    0x08002958   0x08002958   0x00000030   Code   RO          333    i.__ARM_fpclassify  m_wm.l(fpclassify.o)
    0x08002988   0x08002988   0x0000000e   Code   RO          205    i._is_digit         c_w.l(__printf_wp.o)
    0x08002996   0x08002996   0x00000002   PAD
    0x08002998   0x08002998   0x0000002c   Code   RO          320    locale$$code        c_w.l(lc_numeric_c.o)
    0x080029c4   0x080029c4   0x0000002c   Code   RO          343    locale$$code        c_w.l(lc_ctype_c.o)
    0x080029f0   0x080029f0   0x0000001a   Code   RO          405    x$fpl$fpinit        fz_wm.l(fpinit.o)
    0x08002a0a   0x08002a0a   0x00000004   Code   RO          238    x$fpl$printf1       fz_wm.l(printf1.o)
    0x08002a0e   0x08002a0e   0x00000004   Code   RO          240    x$fpl$printf2       fz_wm.l(printf2.o)
    0x08002a12   0x08002a12   0x00000000   Code   RO          332    x$fpl$usenofp       fz_wm.l(usenofp.o)
    0x08002a12   0x08002a12   0x00000002   PAD
    0x08002a14   0x08002a14   0x00000008   Data   RO          164    .constdata          c_w.l(_printf_wctomb.o)
    0x08002a1c   0x08002a1c   0x00000028   Data   RO          193    .constdata          c_w.l(_printf_hex_int_ll_ptr.o)
    0x08002a44   0x08002a44   0x00000011   Data   RO          213    .constdata          c_w.l(__printf_flags_ss_wp.o)
    0x08002a55   0x08002a55   0x00000026   Data   RO          270    .constdata          c_w.l(_printf_fp_hex.o)
    0x08002a7b   0x08002a7b   0x00000001   PAD
    0x08002a7c   0x08002a7c   0x00000094   Data   RO          293    .constdata          c_w.l(bigflt0.o)
    0x08002b10   0x08002b10   0x00000027   Data   RO           74    .rodata.str1.1      lcd.o
    0x08002b37   0x08002b37   0x0000005f   Data   RO           90    .rodata.str1.1      main.o
    0x08002b96   0x08002b96   0x00000002   PAD
    0x08002b98   0x08002b98   0x00000020   Data   RO          480    Region$$Table       anon$$obj.o
    0x08002bb8   0x08002bb8   0x0000001c   Data   RO          319    locale$$data        c_w.l(lc_numeric_c.o)
    0x08002bd4   0x08002bd4   0x00000110   Data   RO          342    locale$$data        c_w.l(lc_ctype_c.o)


    Execution Region RW_IRAM1 (Exec base: 0x20000000, Load base: 0x08002ce8, Size: 0x00000698, Max: 0x00020000, ABSOLUTE)

    Exec Addr    Load Addr    Size         Type   Attr      Idx    E Section Name        Object

    0x20000000   0x08002ce8   0x00000004   Data   RW           20    .data.C1_pin        keypad.o
    0x20000004   0x08002cec   0x00000004   Data   RW           21    .data.C2_pin        keypad.o
    0x20000008   0x08002cf0   0x00000004   Data   RW           22    .data.C3_pin        keypad.o
    0x2000000c   0x08002cf4   0x00000004   Data   RW           16    .data.R1_pin        keypad.o
    0x20000010   0x08002cf8   0x00000004   Data   RW           17    .data.R2_pin        keypad.o
    0x20000014   0x08002cfc   0x00000004   Data   RW           18    .data.R3_pin        keypad.o
    0x20000018   0x08002d00   0x00000004   Data   RW           19    .data.R4_pin        keypad.o
    0x2000001c   0x08002d04   0x00000004   Data   RW           86    .data.code          main.o
    0x20000020        -       0x00000060   Zero   RW          336    .bss                c_w.l(libspace.o)
    0x20000080        -       0x00000004   Zero   RW           91    .bss.entered_code   main.o
    0x20000084        -       0x00000004   Zero   RW           87    .bss.index          main.o
    0x20000088        -       0x00000001   Zero   RW           92    .bss.last_entered   main.o
    0x20000089   0x08002d08   0x00000003   PAD
    0x2000008c        -       0x00000004   Zero   RW           89    .bss.main.failed_attempts  main.o
    0x20000090        -       0x00000004   Zero   RW           88    .bss.status         main.o
    0x20000094   0x08002d08   0x00000004   PAD
    0x20000098        -       0x00000200   Zero   RW          116    HEAP                startup_stm32f407xx.o
    0x20000298        -       0x00000400   Zero   RW          115    STACK               startup_stm32f407xx.o


==============================================================================

Image component sizes


      Code (inc. data)   RO Data    RW Data    ZI Data      Debug   Object Name

      1594          0          0         28          0       3340   keypad.o
       722          0         39          0          0       7615   lcd.o
       844          0         95          4         17       1269   main.o
        64         26        392          0       1536        868   startup_stm32f407xx.o
       208          0          0          0          0       2150   steppermoter.o
       110          0          0          0          0       2610   system_stm32f4xx.o

    ----------------------------------------------------------------------
      3572         26        560         32       1560      17852   Object Totals
         0          0         32          0          0          0   (incl. Generated)
        30          0          2          0          7          0   (incl. Padding)

    ----------------------------------------------------------------------

      Code (inc. data)   RO Data    RW Data    ZI Data      Debug   Library Member Name

         8          0          0          0          0         68   __main.o
       392          4         17          0          0         92   __printf_flags_ss_wp.o
        14          0          0          0          0         68   __printf_wp.o
         0          0          0          0          0          0   __rtentry.o
        12          0          0          0          0          0   __rtentry2.o
         6          0          0          0          0          0   __rtentry4.o
        52          8          0          0          0          0   __scatter.o
        26          0          0          0          0          0   __scatter_copy.o
        28          0          0          0          0          0   __scatter_zi.o
        72          0          0          0          0         96   _c16rtomb.o
         6          0          0          0          0          0   _printf_a.o
         6          0          0          0          0          0   _printf_c.o
        44          0          0          0          0        108   _printf_char.o
        48          6          0          0          0         96   _printf_char_common.o
        40          0          0          0          0         68   _printf_charcount.o
         6          0          0          0          0          0   _printf_d.o
       120         16          0          0          0         92   _printf_dec.o
         6          0          0          0          0          0   _printf_e.o
         6          0          0          0          0          0   _printf_f.o
      1052          0          0          0          0        148   _printf_fp_dec.o
       764          8         38          0          0        100   _printf_fp_hex.o
       128         16          0          0          0         84   _printf_fp_infnan.o
         6          0          0          0          0          0   _printf_g.o
       148          4         40          0          0        160   _printf_hex_int_ll_ptr.o
         6          0          0          0          0          0   _printf_i.o
       178          0          0          0          0         88   _printf_intcommon.o
        10          0          0          0          0          0   _printf_l.o
         6          0          0          0          0          0   _printf_lc.o
        10          0          0          0          0          0   _printf_ll.o
         6          0          0          0          0          0   _printf_lld.o
         6          0          0          0          0          0   _printf_lli.o
         6          0          0          0          0          0   _printf_llo.o
         6          0          0          0          0          0   _printf_llu.o
         6          0          0          0          0          0   _printf_llx.o
       124         16          0          0          0         92   _printf_longlong_dec.o
         6          0          0          0          0          0   _printf_ls.o
         6          0          0          0          0          0   _printf_n.o
         6          0          0          0          0          0   _printf_o.o
       112          8          0          0          0        124   _printf_oct_int_ll.o
         6          0          0          0          0          0   _printf_p.o
        78          0          0          0          0        108   _printf_pad.o
         0          0          0          0          0          0   _printf_percent.o
         4          0          0          0          0          0   _printf_percent_end.o
         6          0          0          0          0          0   _printf_s.o
        82          0          0          0          0         80   _printf_str.o
        36          0          0          0          0         84   _printf_truncate.o
         6          0          0          0          0          0   _printf_u.o
        44          0          0          0          0        108   _printf_wchar.o
       188          6          8          0          0         92   _printf_wctomb.o
         6          0          0          0          0          0   _printf_x.o
        10          0          0          0          0         68   _sputc.o
       228          4        148          0          0         96   bigflt0.o
      1936        128          0          0          0        668   btod.o
        18          0          0          0          0         80   exit.o
         6          0          0          0          0        152   heapauxi.o
         0          0          0          0          0          0   indicate_semi.o
        44         10        272          0          0         76   lc_ctype_c.o
        44         10         28          0          0         76   lc_numeric_c.o
         2          0          0          0          0          0   libinit.o
        34          0          0          0          0          0   libinit2.o
         2          0          0          0          0          0   libshutdown.o
         2          0          0          0          0          0   libshutdown2.o
         8          4          0          0         96         68   libspace.o
       138          0          0          0          0         80   lludiv10.o
        16          4          0          0          0         76   rt_ctype_table.o
         8          4          0          0          0         68   rt_locale_intlibspace.o
         2          0          0          0          0          0   rtexit.o
        10          0          0          0          0          0   rtexit2.o
        44          6          0          0          0         84   sprintf.o
       124          0          0          0          0         88   strcmpv7em.o
        12          4          0          0          0         68   sys_exit.o
        74          0          0          0          0         80   sys_stackheap_outer.o
         2          0          0          0          0         68   use_no_semi.o
        26          0          0          0          0        116   fpinit.o
         4          0          0          0          0        116   printf1.o
         4          0          0          0          0        116   printf2.o
         0          0          0          0          0          0   usenofp.o
        48          0          0          0          0        124   fpclassify.o

    ----------------------------------------------------------------------
      6808        270        552          0         96       4324   Library Totals
        22          4          1          0          0          0   (incl. Padding)

    ----------------------------------------------------------------------

      Code (inc. data)   RO Data    RW Data    ZI Data      Debug   Library Name

      6704        266        551          0         96       3852   c_w.l
        34          0          0          0          0        348   fz_wm.l
        48          0          0          0          0        124   m_wm.l

    ----------------------------------------------------------------------
      6808        270        552          0         96       4324   Library Totals

    ----------------------------------------------------------------------

==============================================================================


      Code (inc. data)   RO Data    RW Data    ZI Data      Debug   

     10380        296       1112         32       1656      19868   Grand Totals
     10380        296       1112         32       1656      19868   ELF Image Totals
     10380        296       1112         32          0          0   ROM Totals

==============================================================================

    Total RO  Size (Code + RO Data)                11492 (  11.22kB)
    Total RW  Size (RW Data + ZI Data)              1688 (   1.65kB)
    Total ROM Size (Code + RO Data + RW Data)      11524 (  11.25kB)

==============================================================================

