<html>
<body>
<pre>
<h1>µVision Build Log</h1>
<h2>Tool Versions:</h2>
IDE-Version: µVision V5.37.0.0
Copyright (C) 2022 ARM Ltd and ARM Germany GmbH. All rights reserved.
License Information: Michael Fink University of St. Thomas Flex license: MDK Professional 5.37 (Flex): 100 user(s) (mdk_pro) Operation stops: 19 Jan 2024
 
Tool Versions:
Toolchain:       MDK Professional 5.37 (Flex): 100 user(s)  Version: 5.37.0.0
Toolchain Path:  C:\Keil_v5\ARM\ARMCLANG\Bin
C Compiler:      ArmClang.exe V6.18
Assembler:       Armasm.exe V6.18
Linker/Locator:  ArmLink.exe V6.18
Library Manager: ArmAr.exe V6.18
Hex Converter:   FromElf.exe V6.18
CPU DLL:         SARMCM3.DLL V5.37.0.0
Dialog DLL:      DCM.DLL V1.17.5.0
Target DLL:      STLink\ST-LINKIII-KEIL_SWO.dll V3.0.9.0
Dialog DLL:      TCM.DLL V1.56.1.0
 
<h2>Project:</h2>
K:\code\lab4\lab5.uvprojx
Project File Date:  10/18/2022

<h2>Output:</h2>
*** Using Compiler 'V6.18', folder: 'C:\Keil_v5\ARM\ARMCLANG\Bin'
Rebuild target 'Target 1'
compiling main.c...
assembling startup_stm32f407xx.s...
compiling system_stm32f4xx.c...
compiling RPG.c...
LCD.c(129): warning: implicit conversion changes signedness: 'int' to 'char' [-Wsign-conversion]
        character = num%10 +'0';
                  ~ ~~~~~~~^~~~
LCD.c(140): warning: implicit conversion turns floating-point number into integer: 'float' to 'int' [-Wfloat-conversion]
        int integer = num;
            ~~~~~~~   ^~~
LCD.c(145): warning: implicit conversion from 'int' to 'float' may lose precision [-Wimplicit-int-float-conversion]
        num = num - integer;
                  ~ ^~~~~~~
LCD.c(148): warning: implicit conversion turns floating-point number into integer: 'float' to 'int' [-Wfloat-conversion]
                integer = num;
                        ~ ^~~
LCD.c(149): warning: implicit conversion changes signedness: 'int' to 'unsigned int' [-Wsign-conversion]
                split_bits(integer+'0');
                ~~~~~~~~~~ ~~~~~~~^~~~
LCD.c(150): warning: implicit conversion from 'int' to 'float' may lose precision [-Wimplicit-int-float-conversion]
                num = num - integer;
                          ~ ^~~~~~~
6 warnings generated.
compiling LCD.c...
linking...
Program Size: Code=1880 RO-data=408 RW-data=0 ZI-data=1640  
".\Objects\lab5.axf" - 0 Error(s), 6 Warning(s).

<h2>Software Packages used:</h2>

Package Vendor: ARM
                http://www.keil.com/pack/ARM.CMSIS.5.9.0.pack
                ARM.CMSIS.5.9.0
                CMSIS (Common Microcontroller Software Interface Standard)
   * Component: CORE Version: 5.6.0

Package Vendor: Keil
                http://www.keil.com/pack/Keil.STM32F4xx_DFP.2.14.0.pack
                Keil.STM32F4xx_DFP.2.14.0
                STMicroelectronics STM32F4 Series Device Support, Drivers and Examples
   * Component: Startup Version: 2.6.3

<h2>Collection of Component include folders:</h2>
  ./RTE/_Target_1
  C:/Keil_v5/ARM/Packs/ARM/CMSIS/5.9.0/CMSIS/Core/Include
  C:/Keil_v5/ARM/Packs/Keil/STM32F4xx_DFP/2.14.0/Drivers/CMSIS/Device/ST/STM32F4xx/Include

<h2>Collection of Component Files used:</h2>

   * Component: ARM::CMSIS:CORE:5.6.0

   * Component: Keil::Device:Startup:2.6.3
      Include file:  Drivers/CMSIS/Device/ST/STM32F4xx/Include/stm32f4xx.h
      Source file:   MDK/Device/Source/ARM/STM32F40xxx_41xxx_OPT.s
      Source file:   Drivers/CMSIS/Device/ST/STM32F4xx/Source/Templates/arm/startup_stm32f407xx.s
      Source file:   MDK/Device/Source/ARM/STM32F4xx_OTP.s
      Source file:   Drivers/CMSIS/Device/ST/STM32F4xx/Source/Templates/system_stm32f4xx.c
Build Time Elapsed:  00:00:00
</pre>
</body>
</html>
